ARM GAS  C:\Users\oggih\AppData\Local\Temp\ccLQDdKH.s 			page 1


   1              		.syntax unified
   2              		.cpu cortex-m0
   3              		.fpu softvfp
   4              		.eabi_attribute 20, 1
   5              		.eabi_attribute 21, 1
   6              		.eabi_attribute 23, 3
   7              		.eabi_attribute 24, 1
   8              		.eabi_attribute 25, 1
   9              		.eabi_attribute 26, 1
  10              		.eabi_attribute 30, 1
  11              		.eabi_attribute 34, 0
  12              		.eabi_attribute 18, 4
  13              		.thumb
  14              		.syntax unified
  15              		.file	"cyfitter_cfg.c"
  16              		.text
  17              	.Ltext0:
  18              		.cfi_sections	.debug_frame
  19              		.section	.text.cfg_write_bytes32,"ax",%progbits
  20              		.align	2
  21              		.code	16
  22              		.thumb_func
  23              		.type	cfg_write_bytes32, %function
  24              	cfg_write_bytes32:
  25              	.LFB3:
  26              		.file 1 "Generated_Source\\PSoC4\\cyfitter_cfg.c"
   1:Generated_Source\PSoC4/cyfitter_cfg.c **** 
   2:Generated_Source\PSoC4/cyfitter_cfg.c **** /*******************************************************************************
   3:Generated_Source\PSoC4/cyfitter_cfg.c **** * File Name: cyfitter_cfg.c
   4:Generated_Source\PSoC4/cyfitter_cfg.c **** * 
   5:Generated_Source\PSoC4/cyfitter_cfg.c **** * PSoC Creator  4.4
   6:Generated_Source\PSoC4/cyfitter_cfg.c **** *
   7:Generated_Source\PSoC4/cyfitter_cfg.c **** * Description:
   8:Generated_Source\PSoC4/cyfitter_cfg.c **** * This file contains device initialization code.
   9:Generated_Source\PSoC4/cyfitter_cfg.c **** * Except for the user defined sections in CyClockStartupError(), this file should not be modified.
  10:Generated_Source\PSoC4/cyfitter_cfg.c **** * This file is automatically generated by PSoC Creator.
  11:Generated_Source\PSoC4/cyfitter_cfg.c **** *
  12:Generated_Source\PSoC4/cyfitter_cfg.c **** ********************************************************************************
  13:Generated_Source\PSoC4/cyfitter_cfg.c **** * Copyright (c) 2007-2020 Cypress Semiconductor.  All rights reserved.
  14:Generated_Source\PSoC4/cyfitter_cfg.c **** * You may use this file only in accordance with the license, terms, conditions, 
  15:Generated_Source\PSoC4/cyfitter_cfg.c **** * disclaimers, and limitations in the end user license agreement accompanying 
  16:Generated_Source\PSoC4/cyfitter_cfg.c **** * the software package with which this file was provided.
  17:Generated_Source\PSoC4/cyfitter_cfg.c **** ********************************************************************************/
  18:Generated_Source\PSoC4/cyfitter_cfg.c **** 
  19:Generated_Source\PSoC4/cyfitter_cfg.c **** #include <string.h>
  20:Generated_Source\PSoC4/cyfitter_cfg.c **** #include "cytypes.h"
  21:Generated_Source\PSoC4/cyfitter_cfg.c **** #include "cydevice_trm.h"
  22:Generated_Source\PSoC4/cyfitter_cfg.c **** #include "cyfitter.h"
  23:Generated_Source\PSoC4/cyfitter_cfg.c **** #include "CyLib.h"
  24:Generated_Source\PSoC4/cyfitter_cfg.c **** #include "CyLFClk.h"
  25:Generated_Source\PSoC4/cyfitter_cfg.c **** #include "cyfitter_cfg.h"
  26:Generated_Source\PSoC4/cyfitter_cfg.c **** #include "cyapicallbacks.h"
  27:Generated_Source\PSoC4/cyfitter_cfg.c **** 
  28:Generated_Source\PSoC4/cyfitter_cfg.c **** 
  29:Generated_Source\PSoC4/cyfitter_cfg.c **** #if defined(__GNUC__) || defined(__ARMCC_VERSION)
  30:Generated_Source\PSoC4/cyfitter_cfg.c ****     #define CYPACKED 
  31:Generated_Source\PSoC4/cyfitter_cfg.c ****     #define CYPACKED_ATTR __attribute__ ((packed))
ARM GAS  C:\Users\oggih\AppData\Local\Temp\ccLQDdKH.s 			page 2


  32:Generated_Source\PSoC4/cyfitter_cfg.c ****     #define CYALIGNED __attribute__ ((aligned))
  33:Generated_Source\PSoC4/cyfitter_cfg.c ****     #define CY_CFG_UNUSED __attribute__ ((unused))
  34:Generated_Source\PSoC4/cyfitter_cfg.c ****     #ifndef CY_CFG_SECTION
  35:Generated_Source\PSoC4/cyfitter_cfg.c ****         #define CY_CFG_SECTION __attribute__ ((section(".psocinit")))
  36:Generated_Source\PSoC4/cyfitter_cfg.c ****     #endif
  37:Generated_Source\PSoC4/cyfitter_cfg.c ****     
  38:Generated_Source\PSoC4/cyfitter_cfg.c ****     #if defined(__ARMCC_VERSION)
  39:Generated_Source\PSoC4/cyfitter_cfg.c ****         #define CY_CFG_MEMORY_BARRIER() __memory_changed()
  40:Generated_Source\PSoC4/cyfitter_cfg.c ****     #else
  41:Generated_Source\PSoC4/cyfitter_cfg.c ****         #define CY_CFG_MEMORY_BARRIER() __sync_synchronize()
  42:Generated_Source\PSoC4/cyfitter_cfg.c ****     #endif
  43:Generated_Source\PSoC4/cyfitter_cfg.c ****     
  44:Generated_Source\PSoC4/cyfitter_cfg.c **** #elif defined(__ICCARM__)
  45:Generated_Source\PSoC4/cyfitter_cfg.c ****     #include <intrinsics.h>
  46:Generated_Source\PSoC4/cyfitter_cfg.c **** 
  47:Generated_Source\PSoC4/cyfitter_cfg.c ****     #define CYPACKED __packed
  48:Generated_Source\PSoC4/cyfitter_cfg.c ****     #define CYPACKED_ATTR 
  49:Generated_Source\PSoC4/cyfitter_cfg.c ****     #define CYALIGNED _Pragma("data_alignment=4")
  50:Generated_Source\PSoC4/cyfitter_cfg.c ****     #define CY_CFG_UNUSED _Pragma("diag_suppress=Pe177")
  51:Generated_Source\PSoC4/cyfitter_cfg.c ****     #define CY_CFG_SECTION _Pragma("location=\".psocinit\"")
  52:Generated_Source\PSoC4/cyfitter_cfg.c ****     
  53:Generated_Source\PSoC4/cyfitter_cfg.c ****     #define CY_CFG_MEMORY_BARRIER() __DMB()
  54:Generated_Source\PSoC4/cyfitter_cfg.c ****     
  55:Generated_Source\PSoC4/cyfitter_cfg.c **** #else
  56:Generated_Source\PSoC4/cyfitter_cfg.c ****     #error Unsupported toolchain
  57:Generated_Source\PSoC4/cyfitter_cfg.c **** #endif
  58:Generated_Source\PSoC4/cyfitter_cfg.c **** 
  59:Generated_Source\PSoC4/cyfitter_cfg.c **** #ifndef CYCODE
  60:Generated_Source\PSoC4/cyfitter_cfg.c ****     #define CYCODE
  61:Generated_Source\PSoC4/cyfitter_cfg.c **** #endif
  62:Generated_Source\PSoC4/cyfitter_cfg.c **** #ifndef CYDATA
  63:Generated_Source\PSoC4/cyfitter_cfg.c ****     #define CYDATA
  64:Generated_Source\PSoC4/cyfitter_cfg.c **** #endif
  65:Generated_Source\PSoC4/cyfitter_cfg.c **** #ifndef CYFAR
  66:Generated_Source\PSoC4/cyfitter_cfg.c ****     #define CYFAR
  67:Generated_Source\PSoC4/cyfitter_cfg.c **** #endif
  68:Generated_Source\PSoC4/cyfitter_cfg.c **** #ifndef CYXDATA
  69:Generated_Source\PSoC4/cyfitter_cfg.c ****     #define CYXDATA
  70:Generated_Source\PSoC4/cyfitter_cfg.c **** #endif
  71:Generated_Source\PSoC4/cyfitter_cfg.c **** 
  72:Generated_Source\PSoC4/cyfitter_cfg.c **** 
  73:Generated_Source\PSoC4/cyfitter_cfg.c **** CY_CFG_UNUSED
  74:Generated_Source\PSoC4/cyfitter_cfg.c **** static void CYMEMZERO(void *s, size_t n);
  75:Generated_Source\PSoC4/cyfitter_cfg.c **** CY_CFG_UNUSED
  76:Generated_Source\PSoC4/cyfitter_cfg.c **** static void CYMEMZERO(void *s, size_t n)
  77:Generated_Source\PSoC4/cyfitter_cfg.c **** {
  78:Generated_Source\PSoC4/cyfitter_cfg.c **** 	(void)memset(s, 0, n);
  79:Generated_Source\PSoC4/cyfitter_cfg.c **** }
  80:Generated_Source\PSoC4/cyfitter_cfg.c **** CY_CFG_UNUSED
  81:Generated_Source\PSoC4/cyfitter_cfg.c **** static void CYCONFIGCPY(void *dest, const void *src, size_t n);
  82:Generated_Source\PSoC4/cyfitter_cfg.c **** CY_CFG_UNUSED
  83:Generated_Source\PSoC4/cyfitter_cfg.c **** static void CYCONFIGCPY(void *dest, const void *src, size_t n)
  84:Generated_Source\PSoC4/cyfitter_cfg.c **** {
  85:Generated_Source\PSoC4/cyfitter_cfg.c **** 	(void)memcpy(dest, src, n);
  86:Generated_Source\PSoC4/cyfitter_cfg.c **** }
  87:Generated_Source\PSoC4/cyfitter_cfg.c **** CY_CFG_UNUSED
  88:Generated_Source\PSoC4/cyfitter_cfg.c **** static void CYCONFIGCPYCODE(void *dest, const void *src, size_t n);
ARM GAS  C:\Users\oggih\AppData\Local\Temp\ccLQDdKH.s 			page 3


  89:Generated_Source\PSoC4/cyfitter_cfg.c **** CY_CFG_UNUSED
  90:Generated_Source\PSoC4/cyfitter_cfg.c **** static void CYCONFIGCPYCODE(void *dest, const void *src, size_t n)
  91:Generated_Source\PSoC4/cyfitter_cfg.c **** {
  92:Generated_Source\PSoC4/cyfitter_cfg.c **** 	(void)memcpy(dest, src, n);
  93:Generated_Source\PSoC4/cyfitter_cfg.c **** }
  94:Generated_Source\PSoC4/cyfitter_cfg.c **** 
  95:Generated_Source\PSoC4/cyfitter_cfg.c **** 
  96:Generated_Source\PSoC4/cyfitter_cfg.c **** 
  97:Generated_Source\PSoC4/cyfitter_cfg.c **** 
  98:Generated_Source\PSoC4/cyfitter_cfg.c **** /* Clock startup error codes                                                   */
  99:Generated_Source\PSoC4/cyfitter_cfg.c **** #define CYCLOCKSTART_NO_ERROR    0u
 100:Generated_Source\PSoC4/cyfitter_cfg.c **** #define CYCLOCKSTART_XTAL_ERROR  1u
 101:Generated_Source\PSoC4/cyfitter_cfg.c **** #define CYCLOCKSTART_32KHZ_ERROR 2u
 102:Generated_Source\PSoC4/cyfitter_cfg.c **** #define CYCLOCKSTART_PLL_ERROR   3u
 103:Generated_Source\PSoC4/cyfitter_cfg.c **** #define CYCLOCKSTART_FLL_ERROR   4u
 104:Generated_Source\PSoC4/cyfitter_cfg.c **** #define CYCLOCKSTART_WCO_ERROR   5u
 105:Generated_Source\PSoC4/cyfitter_cfg.c **** 
 106:Generated_Source\PSoC4/cyfitter_cfg.c **** 
 107:Generated_Source\PSoC4/cyfitter_cfg.c **** #ifdef CY_NEED_CYCLOCKSTARTUPERROR
 108:Generated_Source\PSoC4/cyfitter_cfg.c **** /*******************************************************************************
 109:Generated_Source\PSoC4/cyfitter_cfg.c **** * Function Name: CyClockStartupError
 110:Generated_Source\PSoC4/cyfitter_cfg.c **** ********************************************************************************
 111:Generated_Source\PSoC4/cyfitter_cfg.c **** * Summary:
 112:Generated_Source\PSoC4/cyfitter_cfg.c **** *  If an error is encountered during clock configuration (crystal startup error,
 113:Generated_Source\PSoC4/cyfitter_cfg.c **** *  PLL lock error, etc.), the system will end up here.  Unless reimplemented by
 114:Generated_Source\PSoC4/cyfitter_cfg.c **** *  the customer, this function will stop in an infinite loop.
 115:Generated_Source\PSoC4/cyfitter_cfg.c **** *
 116:Generated_Source\PSoC4/cyfitter_cfg.c **** * Parameters:
 117:Generated_Source\PSoC4/cyfitter_cfg.c **** *   void
 118:Generated_Source\PSoC4/cyfitter_cfg.c **** *
 119:Generated_Source\PSoC4/cyfitter_cfg.c **** * Return:
 120:Generated_Source\PSoC4/cyfitter_cfg.c **** *   void
 121:Generated_Source\PSoC4/cyfitter_cfg.c **** *
 122:Generated_Source\PSoC4/cyfitter_cfg.c **** *******************************************************************************/
 123:Generated_Source\PSoC4/cyfitter_cfg.c **** CY_CFG_UNUSED
 124:Generated_Source\PSoC4/cyfitter_cfg.c **** static void CyClockStartupError(uint8 errorCode);
 125:Generated_Source\PSoC4/cyfitter_cfg.c **** CY_CFG_UNUSED
 126:Generated_Source\PSoC4/cyfitter_cfg.c **** static void CyClockStartupError(uint8 errorCode)
 127:Generated_Source\PSoC4/cyfitter_cfg.c **** {
 128:Generated_Source\PSoC4/cyfitter_cfg.c ****     /* To remove the compiler warning if errorCode not used.                */
 129:Generated_Source\PSoC4/cyfitter_cfg.c ****     errorCode = errorCode;
 130:Generated_Source\PSoC4/cyfitter_cfg.c **** 
 131:Generated_Source\PSoC4/cyfitter_cfg.c ****     /* If we have a clock startup error (bad MHz crystal, PLL lock, etc.),  */
 132:Generated_Source\PSoC4/cyfitter_cfg.c ****     /* we will end up here to allow the customer to implement something to  */
 133:Generated_Source\PSoC4/cyfitter_cfg.c ****     /* deal with the clock condition.                                       */
 134:Generated_Source\PSoC4/cyfitter_cfg.c **** 
 135:Generated_Source\PSoC4/cyfitter_cfg.c **** #ifdef CY_CFG_CLOCK_STARTUP_ERROR_CALLBACK
 136:Generated_Source\PSoC4/cyfitter_cfg.c ****     CY_CFG_Clock_Startup_ErrorCallback();
 137:Generated_Source\PSoC4/cyfitter_cfg.c **** #else
 138:Generated_Source\PSoC4/cyfitter_cfg.c ****     /*  If not using CY_CFG_CLOCK_STARTUP_ERROR_CALLBACK, place your clock startup code here. */
 139:Generated_Source\PSoC4/cyfitter_cfg.c ****     /* `#START CyClockStartupError` */
 140:Generated_Source\PSoC4/cyfitter_cfg.c **** 
 141:Generated_Source\PSoC4/cyfitter_cfg.c **** 
 142:Generated_Source\PSoC4/cyfitter_cfg.c **** 
 143:Generated_Source\PSoC4/cyfitter_cfg.c ****     /* `#END` */
 144:Generated_Source\PSoC4/cyfitter_cfg.c **** 
 145:Generated_Source\PSoC4/cyfitter_cfg.c ****     while(1) {}
ARM GAS  C:\Users\oggih\AppData\Local\Temp\ccLQDdKH.s 			page 4


 146:Generated_Source\PSoC4/cyfitter_cfg.c **** #endif /* CY_CFG_CLOCK_STARTUP_ERROR_CALLBACK */
 147:Generated_Source\PSoC4/cyfitter_cfg.c **** }
 148:Generated_Source\PSoC4/cyfitter_cfg.c **** #endif
 149:Generated_Source\PSoC4/cyfitter_cfg.c **** 
 150:Generated_Source\PSoC4/cyfitter_cfg.c **** #define CY_CFG_BASE_ADDR_COUNT 6u
 151:Generated_Source\PSoC4/cyfitter_cfg.c **** CYPACKED typedef struct
 152:Generated_Source\PSoC4/cyfitter_cfg.c **** {
 153:Generated_Source\PSoC4/cyfitter_cfg.c **** 	uint8 offset;
 154:Generated_Source\PSoC4/cyfitter_cfg.c **** 	uint8 value;
 155:Generated_Source\PSoC4/cyfitter_cfg.c **** } CYPACKED_ATTR cy_cfg_addrvalue_t;
 156:Generated_Source\PSoC4/cyfitter_cfg.c **** 
 157:Generated_Source\PSoC4/cyfitter_cfg.c **** 
 158:Generated_Source\PSoC4/cyfitter_cfg.c **** 
 159:Generated_Source\PSoC4/cyfitter_cfg.c **** /*******************************************************************************
 160:Generated_Source\PSoC4/cyfitter_cfg.c **** * Function Name: cfg_write_bytes32
 161:Generated_Source\PSoC4/cyfitter_cfg.c **** ********************************************************************************
 162:Generated_Source\PSoC4/cyfitter_cfg.c **** * Summary:
 163:Generated_Source\PSoC4/cyfitter_cfg.c **** *  This function is used for setting up the chip configuration areas that
 164:Generated_Source\PSoC4/cyfitter_cfg.c **** *  contain relatively sparse data.
 165:Generated_Source\PSoC4/cyfitter_cfg.c **** *
 166:Generated_Source\PSoC4/cyfitter_cfg.c **** * Parameters:
 167:Generated_Source\PSoC4/cyfitter_cfg.c **** *   void
 168:Generated_Source\PSoC4/cyfitter_cfg.c **** *
 169:Generated_Source\PSoC4/cyfitter_cfg.c **** * Return:
 170:Generated_Source\PSoC4/cyfitter_cfg.c **** *   void
 171:Generated_Source\PSoC4/cyfitter_cfg.c **** *
 172:Generated_Source\PSoC4/cyfitter_cfg.c **** *******************************************************************************/
 173:Generated_Source\PSoC4/cyfitter_cfg.c **** static void cfg_write_bytes32(const uint32 addr_table[], const cy_cfg_addrvalue_t data_table[]);
 174:Generated_Source\PSoC4/cyfitter_cfg.c **** static void cfg_write_bytes32(const uint32 addr_table[], const cy_cfg_addrvalue_t data_table[])
 175:Generated_Source\PSoC4/cyfitter_cfg.c **** {
  27              		.loc 1 175 0
  28              		.cfi_startproc
  29              		@ args = 0, pretend = 0, frame = 0
  30              		@ frame_needed = 0, uses_anonymous_args = 0
  31              	.LVL0:
  32 0000 F0B5     		push	{r4, r5, r6, r7, lr}
  33              		.cfi_def_cfa_offset 20
  34              		.cfi_offset 4, -20
  35              		.cfi_offset 5, -16
  36              		.cfi_offset 6, -12
  37              		.cfi_offset 7, -8
  38              		.cfi_offset 14, -4
  39              	.LVL1:
 176:Generated_Source\PSoC4/cyfitter_cfg.c **** 	/* For 32-bit little-endian architectures */
 177:Generated_Source\PSoC4/cyfitter_cfg.c **** 	uint32 i, j = 0u;
  40              		.loc 1 177 0
  41 0002 0025     		movs	r5, #0
 178:Generated_Source\PSoC4/cyfitter_cfg.c **** 	for (i = 0u; i < CY_CFG_BASE_ADDR_COUNT; i++)
  42              		.loc 1 178 0
  43 0004 0027     		movs	r7, #0
  44 0006 11E0     		b	.L2
  45              	.LVL2:
  46              	.L5:
  47              	.LBB2:
 179:Generated_Source\PSoC4/cyfitter_cfg.c **** 	{
 180:Generated_Source\PSoC4/cyfitter_cfg.c **** 		uint32 baseAddr = addr_table[i];
  48              		.loc 1 180 0
ARM GAS  C:\Users\oggih\AppData\Local\Temp\ccLQDdKH.s 			page 5


  49 0008 BB00     		lsls	r3, r7, #2
  50 000a C658     		ldr	r6, [r0, r3]
  51              	.LVL3:
 181:Generated_Source\PSoC4/cyfitter_cfg.c **** 		uint8 count = (uint8)baseAddr;
  52              		.loc 1 181 0
  53 000c F3B2     		uxtb	r3, r6
  54              	.LVL4:
 182:Generated_Source\PSoC4/cyfitter_cfg.c **** 		baseAddr &= 0xFFFFFF00u;
  55              		.loc 1 182 0
  56 000e FF22     		movs	r2, #255
  57 0010 9643     		bics	r6, r2
  58              	.LVL5:
 183:Generated_Source\PSoC4/cyfitter_cfg.c **** 		while (count != 0u)
  59              		.loc 1 183 0
  60 0012 08E0     		b	.L3
  61              	.L4:
 184:Generated_Source\PSoC4/cyfitter_cfg.c **** 		{
 185:Generated_Source\PSoC4/cyfitter_cfg.c **** 			CY_SET_REG8((void *)(baseAddr + data_table[j].offset), data_table[j].value);
  62              		.loc 1 185 0
  63 0014 6A00     		lsls	r2, r5, #1
  64 0016 8A18     		adds	r2, r1, r2
  65 0018 1478     		ldrb	r4, [r2]
  66 001a A419     		adds	r4, r4, r6
  67 001c 5278     		ldrb	r2, [r2, #1]
  68 001e 2270     		strb	r2, [r4]
 186:Generated_Source\PSoC4/cyfitter_cfg.c **** 			j++;
  69              		.loc 1 186 0
  70 0020 0135     		adds	r5, r5, #1
  71              	.LVL6:
 187:Generated_Source\PSoC4/cyfitter_cfg.c **** 			count--;
  72              		.loc 1 187 0
  73 0022 013B     		subs	r3, r3, #1
  74              	.LVL7:
  75 0024 DBB2     		uxtb	r3, r3
  76              	.LVL8:
  77              	.L3:
 183:Generated_Source\PSoC4/cyfitter_cfg.c **** 		{
  78              		.loc 1 183 0
  79 0026 002B     		cmp	r3, #0
  80 0028 F4D1     		bne	.L4
  81              	.LBE2:
 178:Generated_Source\PSoC4/cyfitter_cfg.c **** 	{
  82              		.loc 1 178 0 discriminator 2
  83 002a 0137     		adds	r7, r7, #1
  84              	.LVL9:
  85              	.L2:
 178:Generated_Source\PSoC4/cyfitter_cfg.c **** 	{
  86              		.loc 1 178 0 is_stmt 0 discriminator 1
  87 002c 052F     		cmp	r7, #5
  88 002e EBD9     		bls	.L5
 188:Generated_Source\PSoC4/cyfitter_cfg.c **** 		}
 189:Generated_Source\PSoC4/cyfitter_cfg.c **** 	}
 190:Generated_Source\PSoC4/cyfitter_cfg.c **** }
  89              		.loc 1 190 0 is_stmt 1
  90              		@ sp needed
  91              	.LVL10:
  92              	.LVL11:
ARM GAS  C:\Users\oggih\AppData\Local\Temp\ccLQDdKH.s 			page 6


  93 0030 F0BD     		pop	{r4, r5, r6, r7, pc}
  94              		.cfi_endproc
  95              	.LFE3:
  96              		.size	cfg_write_bytes32, .-cfg_write_bytes32
  97 0032 C046     		.section	.text.CYMEMZERO,"ax",%progbits
  98              		.align	2
  99              		.code	16
 100              		.thumb_func
 101              		.type	CYMEMZERO, %function
 102              	CYMEMZERO:
 103              	.LFB0:
  77:Generated_Source\PSoC4/cyfitter_cfg.c **** 	(void)memset(s, 0, n);
 104              		.loc 1 77 0
 105              		.cfi_startproc
 106              		@ args = 0, pretend = 0, frame = 0
 107              		@ frame_needed = 0, uses_anonymous_args = 0
 108              	.LVL12:
 109 0000 10B5     		push	{r4, lr}
 110              		.cfi_def_cfa_offset 8
 111              		.cfi_offset 4, -8
 112              		.cfi_offset 14, -4
 113 0002 0A00     		movs	r2, r1
  78:Generated_Source\PSoC4/cyfitter_cfg.c **** }
 114              		.loc 1 78 0
 115 0004 0021     		movs	r1, #0
 116              	.LVL13:
 117 0006 FFF7FEFF 		bl	memset
 118              	.LVL14:
  79:Generated_Source\PSoC4/cyfitter_cfg.c **** CY_CFG_UNUSED
 119              		.loc 1 79 0
 120              		@ sp needed
 121 000a 10BD     		pop	{r4, pc}
 122              		.cfi_endproc
 123              	.LFE0:
 124              		.size	CYMEMZERO, .-CYMEMZERO
 125              		.section	.psocinit,"ax",%progbits
 126              		.align	2
 127              		.code	16
 128              		.thumb_func
 129              		.type	ClockSetup, %function
 130              	ClockSetup:
 131              	.LFB4:
 191:Generated_Source\PSoC4/cyfitter_cfg.c **** 
 192:Generated_Source\PSoC4/cyfitter_cfg.c **** 
 193:Generated_Source\PSoC4/cyfitter_cfg.c **** /*******************************************************************************
 194:Generated_Source\PSoC4/cyfitter_cfg.c **** * Function Name: ClockSetup
 195:Generated_Source\PSoC4/cyfitter_cfg.c **** ********************************************************************************
 196:Generated_Source\PSoC4/cyfitter_cfg.c **** *
 197:Generated_Source\PSoC4/cyfitter_cfg.c **** * Summary:
 198:Generated_Source\PSoC4/cyfitter_cfg.c **** *   Performs the initialization of all of the clocks in the device based on the
 199:Generated_Source\PSoC4/cyfitter_cfg.c **** *   settings in the Clock tab of the DWR.  This includes enabling the requested
 200:Generated_Source\PSoC4/cyfitter_cfg.c **** *   clocks and setting the necessary dividers to produce the desired frequency. 
 201:Generated_Source\PSoC4/cyfitter_cfg.c **** *
 202:Generated_Source\PSoC4/cyfitter_cfg.c **** * Parameters:
 203:Generated_Source\PSoC4/cyfitter_cfg.c **** *   void
 204:Generated_Source\PSoC4/cyfitter_cfg.c **** *
 205:Generated_Source\PSoC4/cyfitter_cfg.c **** * Return:
ARM GAS  C:\Users\oggih\AppData\Local\Temp\ccLQDdKH.s 			page 7


 206:Generated_Source\PSoC4/cyfitter_cfg.c **** *   void
 207:Generated_Source\PSoC4/cyfitter_cfg.c **** *
 208:Generated_Source\PSoC4/cyfitter_cfg.c **** *******************************************************************************/
 209:Generated_Source\PSoC4/cyfitter_cfg.c **** static void ClockSetup(void);
 210:Generated_Source\PSoC4/cyfitter_cfg.c **** CY_CFG_SECTION
 211:Generated_Source\PSoC4/cyfitter_cfg.c **** static void ClockSetup(void)
 212:Generated_Source\PSoC4/cyfitter_cfg.c **** {
 132              		.loc 1 212 0
 133              		.cfi_startproc
 134              		@ args = 0, pretend = 0, frame = 0
 135              		@ frame_needed = 0, uses_anonymous_args = 0
 136 0000 70B5     		push	{r4, r5, r6, lr}
 137              		.cfi_def_cfa_offset 16
 138              		.cfi_offset 4, -16
 139              		.cfi_offset 5, -12
 140              		.cfi_offset 6, -8
 141              		.cfi_offset 14, -4
 213:Generated_Source\PSoC4/cyfitter_cfg.c **** 	/* Enable HALF_EN before trimming for the flash accelerator. */
 214:Generated_Source\PSoC4/cyfitter_cfg.c **** 	CY_SET_REG32((void CYXDATA *)(CYREG_CLK_SELECT), (CY_GET_REG32((void *)CYREG_CLK_SELECT) | 0x00040
 142              		.loc 1 214 0
 143 0002 0F4C     		ldr	r4, .L8
 144 0004 2368     		ldr	r3, [r4]
 145 0006 8022     		movs	r2, #128
 146 0008 D202     		lsls	r2, r2, #11
 147 000a 1343     		orrs	r3, r2
 148 000c 2360     		str	r3, [r4]
 215:Generated_Source\PSoC4/cyfitter_cfg.c **** 
 216:Generated_Source\PSoC4/cyfitter_cfg.c **** 	/* Setup and trim IMO based on desired frequency. */
 217:Generated_Source\PSoC4/cyfitter_cfg.c **** 	CySysClkWriteImoFreq(24u);
 149              		.loc 1 217 0
 150 000e 1820     		movs	r0, #24
 151 0010 FFF7FEFF 		bl	CySysClkWriteImoFreq
 152              	.LVL15:
 218:Generated_Source\PSoC4/cyfitter_cfg.c **** 
 219:Generated_Source\PSoC4/cyfitter_cfg.c **** 	/* Disable HALF_EN since it is not required at this IMO frequency. */
 220:Generated_Source\PSoC4/cyfitter_cfg.c **** 	CY_SET_REG32((void CYXDATA *)(CYREG_CLK_SELECT), (CY_GET_REG32((void *)CYREG_CLK_SELECT) & 0xFFFBF
 153              		.loc 1 220 0
 154 0014 2268     		ldr	r2, [r4]
 155 0016 0B4B     		ldr	r3, .L8+4
 156 0018 1340     		ands	r3, r2
 157 001a 2360     		str	r3, [r4]
 221:Generated_Source\PSoC4/cyfitter_cfg.c **** 	/* CYDEV_CLK_ILO_CONFIG Starting address: CYDEV_CLK_ILO_CONFIG */
 222:Generated_Source\PSoC4/cyfitter_cfg.c **** 	CY_SET_REG32((void *)(CYREG_CLK_ILO_CONFIG), 0x80000006u);
 158              		.loc 1 222 0
 159 001c 0A4A     		ldr	r2, .L8+8
 160 001e 0B4B     		ldr	r3, .L8+12
 161 0020 1A60     		str	r2, [r3]
 223:Generated_Source\PSoC4/cyfitter_cfg.c **** 
 224:Generated_Source\PSoC4/cyfitter_cfg.c **** 
 225:Generated_Source\PSoC4/cyfitter_cfg.c **** 	/* CYDEV_CLK_IMO_CONFIG Starting address: CYDEV_CLK_IMO_CONFIG */
 226:Generated_Source\PSoC4/cyfitter_cfg.c **** 	CY_SET_REG32((void *)(CYREG_CLK_IMO_CONFIG), 0x80000000u);
 162              		.loc 1 226 0
 163 0022 063A     		subs	r2, r2, #6
 164 0024 0A4B     		ldr	r3, .L8+16
 165 0026 1A60     		str	r2, [r3]
 227:Generated_Source\PSoC4/cyfitter_cfg.c **** 
 228:Generated_Source\PSoC4/cyfitter_cfg.c **** 	/* CYDEV_CLK_SELECT Starting address: CYDEV_CLK_SELECT */
ARM GAS  C:\Users\oggih\AppData\Local\Temp\ccLQDdKH.s 			page 8


 229:Generated_Source\PSoC4/cyfitter_cfg.c **** 	CY_SET_REG32((void *)(CYREG_CLK_SELECT), 0x00000000u);
 166              		.loc 1 229 0
 167 0028 0025     		movs	r5, #0
 168 002a 2560     		str	r5, [r4]
 230:Generated_Source\PSoC4/cyfitter_cfg.c **** 
 231:Generated_Source\PSoC4/cyfitter_cfg.c **** 	(void)CyIntSetVector(9u, &CySysWdtIsr);
 169              		.loc 1 231 0
 170 002c 0949     		ldr	r1, .L8+20
 171 002e 0920     		movs	r0, #9
 172 0030 FFF7FEFF 		bl	CyIntSetVector
 173              	.LVL16:
 232:Generated_Source\PSoC4/cyfitter_cfg.c **** 	CyIntEnable(9u);
 174              		.loc 1 232 0
 175 0034 0920     		movs	r0, #9
 176 0036 FFF7FEFF 		bl	CyIntEnable
 177              	.LVL17:
 233:Generated_Source\PSoC4/cyfitter_cfg.c **** 	CY_SET_REG32((void *)(CYREG_WDT_CONFIG), 0x00000000u);
 178              		.loc 1 233 0
 179 003a 074B     		ldr	r3, .L8+24
 180 003c 1D60     		str	r5, [r3]
 234:Generated_Source\PSoC4/cyfitter_cfg.c **** }
 181              		.loc 1 234 0
 182              		@ sp needed
 183 003e 70BD     		pop	{r4, r5, r6, pc}
 184              	.L9:
 185              		.align	2
 186              	.L8:
 187 0040 00010B40 		.word	1074462976
 188 0044 FFFFFBFF 		.word	-262145
 189 0048 06000080 		.word	-2147483642
 190 004c 04010B40 		.word	1074462980
 191 0050 08010B40 		.word	1074462984
 192 0054 00000000 		.word	CySysWdtIsr
 193 0058 0C020B40 		.word	1074463244
 194              		.cfi_endproc
 195              	.LFE4:
 196              		.size	ClockSetup, .-ClockSetup
 197              		.align	2
 198              		.global	cyfitter_cfg
 199              		.code	16
 200              		.thumb_func
 201              		.type	cyfitter_cfg, %function
 202              	cyfitter_cfg:
 203              	.LFB6:
 235:Generated_Source\PSoC4/cyfitter_cfg.c **** 
 236:Generated_Source\PSoC4/cyfitter_cfg.c **** 
 237:Generated_Source\PSoC4/cyfitter_cfg.c **** /* Analog API Functions */
 238:Generated_Source\PSoC4/cyfitter_cfg.c **** 
 239:Generated_Source\PSoC4/cyfitter_cfg.c **** 
 240:Generated_Source\PSoC4/cyfitter_cfg.c **** /*******************************************************************************
 241:Generated_Source\PSoC4/cyfitter_cfg.c **** * Function Name: AnalogSetDefault
 242:Generated_Source\PSoC4/cyfitter_cfg.c **** ********************************************************************************
 243:Generated_Source\PSoC4/cyfitter_cfg.c **** *
 244:Generated_Source\PSoC4/cyfitter_cfg.c **** * Summary:
 245:Generated_Source\PSoC4/cyfitter_cfg.c **** *  Sets up the analog portions of the chip to default values based on chip
 246:Generated_Source\PSoC4/cyfitter_cfg.c **** *  configuration options from the project.
 247:Generated_Source\PSoC4/cyfitter_cfg.c **** *
ARM GAS  C:\Users\oggih\AppData\Local\Temp\ccLQDdKH.s 			page 9


 248:Generated_Source\PSoC4/cyfitter_cfg.c **** * Parameters:
 249:Generated_Source\PSoC4/cyfitter_cfg.c **** *  void
 250:Generated_Source\PSoC4/cyfitter_cfg.c **** *
 251:Generated_Source\PSoC4/cyfitter_cfg.c **** * Return:
 252:Generated_Source\PSoC4/cyfitter_cfg.c **** *  void
 253:Generated_Source\PSoC4/cyfitter_cfg.c **** *
 254:Generated_Source\PSoC4/cyfitter_cfg.c **** *******************************************************************************/
 255:Generated_Source\PSoC4/cyfitter_cfg.c **** static void AnalogSetDefault(void);
 256:Generated_Source\PSoC4/cyfitter_cfg.c **** static void AnalogSetDefault(void)
 257:Generated_Source\PSoC4/cyfitter_cfg.c **** {
 258:Generated_Source\PSoC4/cyfitter_cfg.c **** }
 259:Generated_Source\PSoC4/cyfitter_cfg.c **** 
 260:Generated_Source\PSoC4/cyfitter_cfg.c **** 
 261:Generated_Source\PSoC4/cyfitter_cfg.c **** 
 262:Generated_Source\PSoC4/cyfitter_cfg.c **** 
 263:Generated_Source\PSoC4/cyfitter_cfg.c **** /*******************************************************************************
 264:Generated_Source\PSoC4/cyfitter_cfg.c **** * Function Name: cyfitter_cfg
 265:Generated_Source\PSoC4/cyfitter_cfg.c **** ********************************************************************************
 266:Generated_Source\PSoC4/cyfitter_cfg.c **** * Summary:
 267:Generated_Source\PSoC4/cyfitter_cfg.c **** *  This function is called by the start-up code for the selected device. It
 268:Generated_Source\PSoC4/cyfitter_cfg.c **** *  performs all of the necessary device configuration based on the design
 269:Generated_Source\PSoC4/cyfitter_cfg.c **** *  settings.  This includes settings from the Design Wide Resources (DWR) such
 270:Generated_Source\PSoC4/cyfitter_cfg.c **** *  as Clocks and Pins as well as any component configuration that is necessary.
 271:Generated_Source\PSoC4/cyfitter_cfg.c **** *
 272:Generated_Source\PSoC4/cyfitter_cfg.c **** * Parameters:
 273:Generated_Source\PSoC4/cyfitter_cfg.c **** *   void
 274:Generated_Source\PSoC4/cyfitter_cfg.c **** *
 275:Generated_Source\PSoC4/cyfitter_cfg.c **** * Return:
 276:Generated_Source\PSoC4/cyfitter_cfg.c **** *   void
 277:Generated_Source\PSoC4/cyfitter_cfg.c **** *
 278:Generated_Source\PSoC4/cyfitter_cfg.c **** *******************************************************************************/
 279:Generated_Source\PSoC4/cyfitter_cfg.c **** CY_CFG_SECTION
 280:Generated_Source\PSoC4/cyfitter_cfg.c **** void cyfitter_cfg(void)
 281:Generated_Source\PSoC4/cyfitter_cfg.c **** {
 204              		.loc 1 281 0
 205              		.cfi_startproc
 206              		@ args = 0, pretend = 0, frame = 0
 207              		@ frame_needed = 0, uses_anonymous_args = 0
 208 005c 10B5     		push	{r4, lr}
 209              		.cfi_def_cfa_offset 8
 210              		.cfi_offset 4, -8
 211              		.cfi_offset 14, -4
 282:Generated_Source\PSoC4/cyfitter_cfg.c **** 	/* Disable interrupts by default. Let user enable if/when they want. */
 283:Generated_Source\PSoC4/cyfitter_cfg.c **** 	CyGlobalIntDisable;
 212              		.loc 1 283 0
 213              		.syntax divided
 214              	@ 283 "Generated_Source\PSoC4\cyfitter_cfg.c" 1
 215 005e 72B6     		CPSID   i
 216              	@ 0 "" 2
 284:Generated_Source\PSoC4/cyfitter_cfg.c **** 
 285:Generated_Source\PSoC4/cyfitter_cfg.c **** 	/* Enable the clock in the interrupt controller for the routed interrupts */
 286:Generated_Source\PSoC4/cyfitter_cfg.c **** 	CY_SET_REG8((void *)CYREG_UDB_UDBIF_INT_CLK_CTL, 0x01u);
 217              		.loc 1 286 0
 218              		.thumb
 219              		.syntax unified
 220 0060 0122     		movs	r2, #1
 221 0062 224B     		ldr	r3, .L13
ARM GAS  C:\Users\oggih\AppData\Local\Temp\ccLQDdKH.s 			page 10


 222 0064 1A70     		strb	r2, [r3]
 223              	.LVL18:
 224              	.LBB3:
 287:Generated_Source\PSoC4/cyfitter_cfg.c **** 	{
 288:Generated_Source\PSoC4/cyfitter_cfg.c **** 		static const uint32 CYCODE cy_cfg_addr_table[] = {
 289:Generated_Source\PSoC4/cyfitter_cfg.c **** 			0x400F0001u, /* Base address: 0x400F0000 Count: 1 */
 290:Generated_Source\PSoC4/cyfitter_cfg.c **** 			0x400F3233u, /* Base address: 0x400F3200 Count: 51 */
 291:Generated_Source\PSoC4/cyfitter_cfg.c **** 			0x400F3316u, /* Base address: 0x400F3300 Count: 22 */
 292:Generated_Source\PSoC4/cyfitter_cfg.c **** 			0x400F4002u, /* Base address: 0x400F4000 Count: 2 */
 293:Generated_Source\PSoC4/cyfitter_cfg.c **** 			0x400F4102u, /* Base address: 0x400F4100 Count: 2 */
 294:Generated_Source\PSoC4/cyfitter_cfg.c **** 			0x400F6002u, /* Base address: 0x400F6000 Count: 2 */
 295:Generated_Source\PSoC4/cyfitter_cfg.c **** 		};
 296:Generated_Source\PSoC4/cyfitter_cfg.c **** 
 297:Generated_Source\PSoC4/cyfitter_cfg.c **** 		static const cy_cfg_addrvalue_t CYCODE cy_cfg_data_table[] = {
 298:Generated_Source\PSoC4/cyfitter_cfg.c **** 			{0x83u, 0x0Du},
 299:Generated_Source\PSoC4/cyfitter_cfg.c **** 			{0x40u, 0x45u},
 300:Generated_Source\PSoC4/cyfitter_cfg.c **** 			{0x49u, 0xFFu},
 301:Generated_Source\PSoC4/cyfitter_cfg.c **** 			{0x4Au, 0xFFu},
 302:Generated_Source\PSoC4/cyfitter_cfg.c **** 			{0x4Bu, 0xFFu},
 303:Generated_Source\PSoC4/cyfitter_cfg.c **** 			{0x4Fu, 0x01u},
 304:Generated_Source\PSoC4/cyfitter_cfg.c **** 			{0x50u, 0x18u},
 305:Generated_Source\PSoC4/cyfitter_cfg.c **** 			{0x5Au, 0x04u},
 306:Generated_Source\PSoC4/cyfitter_cfg.c **** 			{0x5Du, 0x09u},
 307:Generated_Source\PSoC4/cyfitter_cfg.c **** 			{0x5Fu, 0x01u},
 308:Generated_Source\PSoC4/cyfitter_cfg.c **** 			{0x60u, 0x40u},
 309:Generated_Source\PSoC4/cyfitter_cfg.c **** 			{0x62u, 0x40u},
 310:Generated_Source\PSoC4/cyfitter_cfg.c **** 			{0x64u, 0x40u},
 311:Generated_Source\PSoC4/cyfitter_cfg.c **** 			{0x65u, 0x40u},
 312:Generated_Source\PSoC4/cyfitter_cfg.c **** 			{0x66u, 0x80u},
 313:Generated_Source\PSoC4/cyfitter_cfg.c **** 			{0x68u, 0x80u},
 314:Generated_Source\PSoC4/cyfitter_cfg.c **** 			{0x6Au, 0x80u},
 315:Generated_Source\PSoC4/cyfitter_cfg.c **** 			{0x6Cu, 0x80u},
 316:Generated_Source\PSoC4/cyfitter_cfg.c **** 			{0x6Eu, 0x80u},
 317:Generated_Source\PSoC4/cyfitter_cfg.c **** 			{0x8Eu, 0x01u},
 318:Generated_Source\PSoC4/cyfitter_cfg.c **** 			{0x92u, 0x01u},
 319:Generated_Source\PSoC4/cyfitter_cfg.c **** 			{0xB0u, 0x01u},
 320:Generated_Source\PSoC4/cyfitter_cfg.c **** 			{0xB2u, 0x01u},
 321:Generated_Source\PSoC4/cyfitter_cfg.c **** 			{0xBEu, 0x01u},
 322:Generated_Source\PSoC4/cyfitter_cfg.c **** 			{0xC0u, 0x54u},
 323:Generated_Source\PSoC4/cyfitter_cfg.c **** 			{0xC5u, 0xECu},
 324:Generated_Source\PSoC4/cyfitter_cfg.c **** 			{0xC7u, 0x20u},
 325:Generated_Source\PSoC4/cyfitter_cfg.c **** 			{0xC8u, 0x23u},
 326:Generated_Source\PSoC4/cyfitter_cfg.c **** 			{0xC9u, 0xFFu},
 327:Generated_Source\PSoC4/cyfitter_cfg.c **** 			{0xCAu, 0xFFu},
 328:Generated_Source\PSoC4/cyfitter_cfg.c **** 			{0xCBu, 0xFFu},
 329:Generated_Source\PSoC4/cyfitter_cfg.c **** 			{0xCDu, 0x83u},
 330:Generated_Source\PSoC4/cyfitter_cfg.c **** 			{0xCEu, 0x03u},
 331:Generated_Source\PSoC4/cyfitter_cfg.c **** 			{0xCFu, 0x01u},
 332:Generated_Source\PSoC4/cyfitter_cfg.c **** 			{0xD0u, 0x18u},
 333:Generated_Source\PSoC4/cyfitter_cfg.c **** 			{0xD2u, 0x80u},
 334:Generated_Source\PSoC4/cyfitter_cfg.c **** 			{0xD4u, 0x01u},
 335:Generated_Source\PSoC4/cyfitter_cfg.c **** 			{0xD8u, 0x04u},
 336:Generated_Source\PSoC4/cyfitter_cfg.c **** 			{0xDAu, 0x04u},
 337:Generated_Source\PSoC4/cyfitter_cfg.c **** 			{0xDBu, 0x04u},
 338:Generated_Source\PSoC4/cyfitter_cfg.c **** 			{0xDCu, 0x09u},
 339:Generated_Source\PSoC4/cyfitter_cfg.c **** 			{0xDDu, 0x99u},
 340:Generated_Source\PSoC4/cyfitter_cfg.c **** 			{0xDFu, 0x01u},
ARM GAS  C:\Users\oggih\AppData\Local\Temp\ccLQDdKH.s 			page 11


 341:Generated_Source\PSoC4/cyfitter_cfg.c **** 			{0xE0u, 0x40u},
 342:Generated_Source\PSoC4/cyfitter_cfg.c **** 			{0xE2u, 0x40u},
 343:Generated_Source\PSoC4/cyfitter_cfg.c **** 			{0xE4u, 0x40u},
 344:Generated_Source\PSoC4/cyfitter_cfg.c **** 			{0xE5u, 0x40u},
 345:Generated_Source\PSoC4/cyfitter_cfg.c **** 			{0xE6u, 0x80u},
 346:Generated_Source\PSoC4/cyfitter_cfg.c **** 			{0xE8u, 0x80u},
 347:Generated_Source\PSoC4/cyfitter_cfg.c **** 			{0xEAu, 0x80u},
 348:Generated_Source\PSoC4/cyfitter_cfg.c **** 			{0xECu, 0x80u},
 349:Generated_Source\PSoC4/cyfitter_cfg.c **** 			{0xEEu, 0x80u},
 350:Generated_Source\PSoC4/cyfitter_cfg.c **** 			{0x02u, 0x02u},
 351:Generated_Source\PSoC4/cyfitter_cfg.c **** 			{0x0Bu, 0x40u},
 352:Generated_Source\PSoC4/cyfitter_cfg.c **** 			{0x18u, 0x10u},
 353:Generated_Source\PSoC4/cyfitter_cfg.c **** 			{0x1Au, 0x40u},
 354:Generated_Source\PSoC4/cyfitter_cfg.c **** 			{0x41u, 0x01u},
 355:Generated_Source\PSoC4/cyfitter_cfg.c **** 			{0x46u, 0x80u},
 356:Generated_Source\PSoC4/cyfitter_cfg.c **** 			{0x49u, 0x05u},
 357:Generated_Source\PSoC4/cyfitter_cfg.c **** 			{0x4Bu, 0x40u},
 358:Generated_Source\PSoC4/cyfitter_cfg.c **** 			{0x4Eu, 0x02u},
 359:Generated_Source\PSoC4/cyfitter_cfg.c **** 			{0x51u, 0x01u},
 360:Generated_Source\PSoC4/cyfitter_cfg.c **** 			{0x52u, 0x02u},
 361:Generated_Source\PSoC4/cyfitter_cfg.c **** 			{0x59u, 0x05u},
 362:Generated_Source\PSoC4/cyfitter_cfg.c **** 			{0x5Au, 0x40u},
 363:Generated_Source\PSoC4/cyfitter_cfg.c **** 			{0x72u, 0x80u},
 364:Generated_Source\PSoC4/cyfitter_cfg.c **** 			{0x73u, 0x40u},
 365:Generated_Source\PSoC4/cyfitter_cfg.c **** 			{0x8Cu, 0x10u},
 366:Generated_Source\PSoC4/cyfitter_cfg.c **** 			{0xC0u, 0x01u},
 367:Generated_Source\PSoC4/cyfitter_cfg.c **** 			{0xC2u, 0x08u},
 368:Generated_Source\PSoC4/cyfitter_cfg.c **** 			{0xD0u, 0x81u},
 369:Generated_Source\PSoC4/cyfitter_cfg.c **** 			{0xD2u, 0x18u},
 370:Generated_Source\PSoC4/cyfitter_cfg.c **** 			{0xD6u, 0x0Bu},
 371:Generated_Source\PSoC4/cyfitter_cfg.c **** 			{0xE2u, 0x10u},
 372:Generated_Source\PSoC4/cyfitter_cfg.c **** 			{0x6Cu, 0x04u},
 373:Generated_Source\PSoC4/cyfitter_cfg.c **** 			{0xDAu, 0x80u},
 374:Generated_Source\PSoC4/cyfitter_cfg.c **** 			{0x8Cu, 0x04u},
 375:Generated_Source\PSoC4/cyfitter_cfg.c **** 			{0x94u, 0x08u},
 376:Generated_Source\PSoC4/cyfitter_cfg.c **** 			{0x02u, 0x01u},
 377:Generated_Source\PSoC4/cyfitter_cfg.c **** 			{0x11u, 0x01u},
 378:Generated_Source\PSoC4/cyfitter_cfg.c **** 		};
 379:Generated_Source\PSoC4/cyfitter_cfg.c **** 
 380:Generated_Source\PSoC4/cyfitter_cfg.c **** 
 381:Generated_Source\PSoC4/cyfitter_cfg.c **** 
 382:Generated_Source\PSoC4/cyfitter_cfg.c **** 		CYPACKED typedef struct {
 383:Generated_Source\PSoC4/cyfitter_cfg.c **** 			void CYFAR *address;
 384:Generated_Source\PSoC4/cyfitter_cfg.c **** 			uint16 size;
 385:Generated_Source\PSoC4/cyfitter_cfg.c **** 		} CYPACKED_ATTR cfg_memset_t;
 386:Generated_Source\PSoC4/cyfitter_cfg.c **** 
 387:Generated_Source\PSoC4/cyfitter_cfg.c **** 		static const cfg_memset_t CYCODE cfg_memset_list[] = {
 388:Generated_Source\PSoC4/cyfitter_cfg.c **** 			/* address, size */
 389:Generated_Source\PSoC4/cyfitter_cfg.c **** 			{(void CYFAR *)(CYDEV_UDB_P0_U0_BASE), 1024u},
 390:Generated_Source\PSoC4/cyfitter_cfg.c **** 			{(void CYFAR *)(CYDEV_UDB_DSI0_BASE), 1024u},
 391:Generated_Source\PSoC4/cyfitter_cfg.c **** 		};
 392:Generated_Source\PSoC4/cyfitter_cfg.c **** 
 393:Generated_Source\PSoC4/cyfitter_cfg.c **** 		uint8 CYDATA i;
 394:Generated_Source\PSoC4/cyfitter_cfg.c **** 
 395:Generated_Source\PSoC4/cyfitter_cfg.c **** 		/* Zero out critical memory blocks before beginning configuration */
 396:Generated_Source\PSoC4/cyfitter_cfg.c **** 		for (i = 0u; i < (sizeof(cfg_memset_list)/sizeof(cfg_memset_list[0])); i++)
 225              		.loc 1 396 0
ARM GAS  C:\Users\oggih\AppData\Local\Temp\ccLQDdKH.s 			page 12


 226 0066 0024     		movs	r4, #0
 227 0068 0FE0     		b	.L11
 228              	.LVL19:
 229              	.L12:
 230              	.LBB4:
 397:Generated_Source\PSoC4/cyfitter_cfg.c **** 		{
 398:Generated_Source\PSoC4/cyfitter_cfg.c **** 			const cfg_memset_t CYCODE * CYDATA ms = &cfg_memset_list[i];
 399:Generated_Source\PSoC4/cyfitter_cfg.c **** 			CYMEMZERO(ms->address, (size_t)(uint32)(ms->size));
 231              		.loc 1 399 0 discriminator 3
 232 006a 2148     		ldr	r0, .L13+4
 233 006c 6200     		lsls	r2, r4, #1
 234 006e 1319     		adds	r3, r2, r4
 235 0070 5900     		lsls	r1, r3, #1
 236 0072 0B00     		movs	r3, r1
 237 0074 4118     		adds	r1, r0, r1
 238 0076 8988     		ldrh	r1, [r1, #4]
 239 0078 1A5A     		ldrh	r2, [r3, r0]
 240 007a C318     		adds	r3, r0, r3
 241 007c 5888     		ldrh	r0, [r3, #2]
 242 007e 0004     		lsls	r0, r0, #16
 243 0080 1043     		orrs	r0, r2
 244 0082 FFF7FEFF 		bl	CYMEMZERO
 245              	.LVL20:
 246              	.LBE4:
 396:Generated_Source\PSoC4/cyfitter_cfg.c **** 		{
 247              		.loc 1 396 0 discriminator 3
 248 0086 0134     		adds	r4, r4, #1
 249              	.LVL21:
 250 0088 E4B2     		uxtb	r4, r4
 251              	.LVL22:
 252              	.L11:
 396:Generated_Source\PSoC4/cyfitter_cfg.c **** 		{
 253              		.loc 1 396 0 is_stmt 0 discriminator 1
 254 008a 012C     		cmp	r4, #1
 255 008c EDD9     		bls	.L12
 400:Generated_Source\PSoC4/cyfitter_cfg.c **** 		}
 401:Generated_Source\PSoC4/cyfitter_cfg.c **** 
 402:Generated_Source\PSoC4/cyfitter_cfg.c **** 		cfg_write_bytes32(cy_cfg_addr_table, cy_cfg_data_table);
 256              		.loc 1 402 0 is_stmt 1
 257 008e 1849     		ldr	r1, .L13+4
 258 0090 0C31     		adds	r1, r1, #12
 259 0092 1848     		ldr	r0, .L13+8
 260 0094 2C30     		adds	r0, r0, #44
 261 0096 FFF7FEFF 		bl	cfg_write_bytes32
 262              	.LVL23:
 403:Generated_Source\PSoC4/cyfitter_cfg.c **** 
 404:Generated_Source\PSoC4/cyfitter_cfg.c **** 		/* HSIOM Starting address: CYDEV_HSIOM_BASE */
 405:Generated_Source\PSoC4/cyfitter_cfg.c **** 		CY_SET_REG32((void *)(CYREG_HSIOM_PORT_SEL3), 0x0000EE00u);
 263              		.loc 1 405 0
 264 009a EE22     		movs	r2, #238
 265 009c 1202     		lsls	r2, r2, #8
 266 009e 164B     		ldr	r3, .L13+12
 267 00a0 1A60     		str	r2, [r3]
 406:Generated_Source\PSoC4/cyfitter_cfg.c **** 
 407:Generated_Source\PSoC4/cyfitter_cfg.c **** 		/* UDB_PA_2 Starting address: CYDEV_UDB_PA2_BASE */
 408:Generated_Source\PSoC4/cyfitter_cfg.c **** 		CY_SET_REG32((void *)(CYDEV_UDB_PA2_BASE), 0x00990000u);
 268              		.loc 1 408 0
ARM GAS  C:\Users\oggih\AppData\Local\Temp\ccLQDdKH.s 			page 13


 269 00a2 9923     		movs	r3, #153
 270 00a4 1B04     		lsls	r3, r3, #16
 271 00a6 154A     		ldr	r2, .L13+16
 272 00a8 1360     		str	r3, [r2]
 409:Generated_Source\PSoC4/cyfitter_cfg.c **** 
 410:Generated_Source\PSoC4/cyfitter_cfg.c **** 		/* UDB_PA_3 Starting address: CYDEV_UDB_PA3_BASE */
 411:Generated_Source\PSoC4/cyfitter_cfg.c **** 		CY_SET_REG32((void *)(CYDEV_UDB_PA3_BASE), 0x00990000u);
 273              		.loc 1 411 0
 274 00aa 154A     		ldr	r2, .L13+20
 275 00ac 1360     		str	r3, [r2]
 412:Generated_Source\PSoC4/cyfitter_cfg.c **** 
 413:Generated_Source\PSoC4/cyfitter_cfg.c **** 		/* INT_SELECT Starting address: CYDEV_CPUSS_INTR_SELECT */
 414:Generated_Source\PSoC4/cyfitter_cfg.c **** 		CY_SET_REG32((void *)(CYREG_CPUSS_INTR_SELECT), 0x00000001u);
 276              		.loc 1 414 0
 277 00ae 0122     		movs	r2, #1
 278 00b0 144B     		ldr	r3, .L13+24
 279 00b2 1A60     		str	r2, [r3]
 415:Generated_Source\PSoC4/cyfitter_cfg.c **** 
 416:Generated_Source\PSoC4/cyfitter_cfg.c **** 		/* INT_CONFIG Starting address: CYDEV_UDB_INT_CFG */
 417:Generated_Source\PSoC4/cyfitter_cfg.c **** 		CY_SET_REG32((void *)(CYREG_UDB_INT_CFG), 0x00000002u);
 280              		.loc 1 417 0
 281 00b4 0132     		adds	r2, r2, #1
 282 00b6 144B     		ldr	r3, .L13+28
 283 00b8 1A60     		str	r2, [r3]
 418:Generated_Source\PSoC4/cyfitter_cfg.c **** 
 419:Generated_Source\PSoC4/cyfitter_cfg.c **** 		/* Enable UDB array and digital routing */
 420:Generated_Source\PSoC4/cyfitter_cfg.c **** 		CY_SET_XTND_REG8((void *)CYREG_UDB_UDBIF_WAIT_CFG, (uint8)((CY_GET_XTND_REG8((void *)CYREG_UDB_UD
 284              		.loc 1 420 0
 285 00ba 1449     		ldr	r1, .L13+32
 286 00bc 0B78     		ldrb	r3, [r1]
 287 00be 3A32     		adds	r2, r2, #58
 288 00c0 9343     		bics	r3, r2
 289 00c2 1422     		movs	r2, #20
 290 00c4 1343     		orrs	r3, r2
 291 00c6 DBB2     		uxtb	r3, r3
 292 00c8 0B70     		strb	r3, [r1]
 421:Generated_Source\PSoC4/cyfitter_cfg.c **** 		CY_SET_XTND_REG8((void *)CYREG_UDB_UDBIF_BANK_CTL, (uint8)(CY_GET_XTND_REG8((void *)CYREG_UDB_UDB
 293              		.loc 1 421 0
 294 00ca 114A     		ldr	r2, .L13+36
 295 00cc 1178     		ldrb	r1, [r2]
 296 00ce 1623     		movs	r3, #22
 297 00d0 0B43     		orrs	r3, r1
 298 00d2 DBB2     		uxtb	r3, r3
 299 00d4 1370     		strb	r3, [r2]
 300              	.LBE3:
 422:Generated_Source\PSoC4/cyfitter_cfg.c **** 	}
 423:Generated_Source\PSoC4/cyfitter_cfg.c **** 
 424:Generated_Source\PSoC4/cyfitter_cfg.c **** 	/* Perform second pass device configuration. These items must be configured in specific order afte
 425:Generated_Source\PSoC4/cyfitter_cfg.c **** 	/* IOPINS0_2 Starting address: CYDEV_PRT2_BASE */
 426:Generated_Source\PSoC4/cyfitter_cfg.c **** 	CY_SET_REG32((void *)(CYREG_PRT2_PC), 0x001B6DB6u);
 301              		.loc 1 426 0
 302 00d6 0F4A     		ldr	r2, .L13+40
 303 00d8 0F4B     		ldr	r3, .L13+44
 304 00da 1A60     		str	r2, [r3]
 427:Generated_Source\PSoC4/cyfitter_cfg.c **** 
 428:Generated_Source\PSoC4/cyfitter_cfg.c **** 	/* IOPINS0_3 Starting address: CYDEV_PRT3_BASE */
 429:Generated_Source\PSoC4/cyfitter_cfg.c **** 	CY_SET_REG32((void *)(CYREG_PRT3_PC), 0x00000D80u);
ARM GAS  C:\Users\oggih\AppData\Local\Temp\ccLQDdKH.s 			page 14


 305              		.loc 1 429 0
 306 00dc D822     		movs	r2, #216
 307 00de 1201     		lsls	r2, r2, #4
 308 00e0 0E4B     		ldr	r3, .L13+48
 309 00e2 1A60     		str	r2, [r3]
 430:Generated_Source\PSoC4/cyfitter_cfg.c **** 
 431:Generated_Source\PSoC4/cyfitter_cfg.c **** 
 432:Generated_Source\PSoC4/cyfitter_cfg.c **** 	/* Setup clocks based on selections from Clock DWR */
 433:Generated_Source\PSoC4/cyfitter_cfg.c **** 	ClockSetup();
 310              		.loc 1 433 0
 311 00e4 FFF78CFF 		bl	ClockSetup
 312              	.LVL24:
 434:Generated_Source\PSoC4/cyfitter_cfg.c **** 
 435:Generated_Source\PSoC4/cyfitter_cfg.c **** 	/* Perform basic analog initialization to defaults */
 436:Generated_Source\PSoC4/cyfitter_cfg.c **** 	AnalogSetDefault();
 437:Generated_Source\PSoC4/cyfitter_cfg.c **** 
 438:Generated_Source\PSoC4/cyfitter_cfg.c **** }
 313              		.loc 1 438 0
 314              		@ sp needed
 315              	.LVL25:
 316 00e8 10BD     		pop	{r4, pc}
 317              	.L14:
 318 00ea C046     		.align	2
 319              	.L13:
 320 00ec 1C700F40 		.word	1074753564
 321 00f0 00000000 		.word	.LANCHOR0
 322 00f4 80000000 		.word	.LANCHOR1
 323 00f8 0C000140 		.word	1073807372
 324 00fc 20500F40 		.word	1074745376
 325 0100 30500F40 		.word	1074745392
 326 0104 20000040 		.word	1073741856
 327 0108 00800F40 		.word	1074757632
 328 010c 01700F40 		.word	1074753537
 329 0110 00700F40 		.word	1074753536
 330 0114 B66D1B00 		.word	1797558
 331 0118 08020440 		.word	1074004488
 332 011c 08030440 		.word	1074004744
 333              		.cfi_endproc
 334              	.LFE6:
 335              		.size	cyfitter_cfg, .-cyfitter_cfg
 336              		.section	.rodata
 337              		.align	2
 338              		.set	.LANCHOR0,. + 0
 339              		.set	.LANCHOR1,. + 128
 340              		.type	cfg_memset_list.4870, %object
 341              		.size	cfg_memset_list.4870, 12
 342              	cfg_memset_list.4870:
 343 0000 00300F40 		.word	1074737152
 344 0004 0004     		.short	1024
 345 0006 00400F40 		.4byte	1074741248
 346 000a 0004     		.short	1024
 347              		.type	cy_cfg_data_table.4865, %object
 348              		.size	cy_cfg_data_table.4865, 160
 349              	cy_cfg_data_table.4865:
 350 000c 83       		.byte	-125
 351 000d 0D       		.byte	13
 352 000e 40       		.byte	64
ARM GAS  C:\Users\oggih\AppData\Local\Temp\ccLQDdKH.s 			page 15


 353 000f 45       		.byte	69
 354 0010 49       		.byte	73
 355 0011 FF       		.byte	-1
 356 0012 4A       		.byte	74
 357 0013 FF       		.byte	-1
 358 0014 4B       		.byte	75
 359 0015 FF       		.byte	-1
 360 0016 4F       		.byte	79
 361 0017 01       		.byte	1
 362 0018 50       		.byte	80
 363 0019 18       		.byte	24
 364 001a 5A       		.byte	90
 365 001b 04       		.byte	4
 366 001c 5D       		.byte	93
 367 001d 09       		.byte	9
 368 001e 5F       		.byte	95
 369 001f 01       		.byte	1
 370 0020 60       		.byte	96
 371 0021 40       		.byte	64
 372 0022 62       		.byte	98
 373 0023 40       		.byte	64
 374 0024 64       		.byte	100
 375 0025 40       		.byte	64
 376 0026 65       		.byte	101
 377 0027 40       		.byte	64
 378 0028 66       		.byte	102
 379 0029 80       		.byte	-128
 380 002a 68       		.byte	104
 381 002b 80       		.byte	-128
 382 002c 6A       		.byte	106
 383 002d 80       		.byte	-128
 384 002e 6C       		.byte	108
 385 002f 80       		.byte	-128
 386 0030 6E       		.byte	110
 387 0031 80       		.byte	-128
 388 0032 8E       		.byte	-114
 389 0033 01       		.byte	1
 390 0034 92       		.byte	-110
 391 0035 01       		.byte	1
 392 0036 B0       		.byte	-80
 393 0037 01       		.byte	1
 394 0038 B2       		.byte	-78
 395 0039 01       		.byte	1
 396 003a BE       		.byte	-66
 397 003b 01       		.byte	1
 398 003c C0       		.byte	-64
 399 003d 54       		.byte	84
 400 003e C5       		.byte	-59
 401 003f EC       		.byte	-20
 402 0040 C7       		.byte	-57
 403 0041 20       		.byte	32
 404 0042 C8       		.byte	-56
 405 0043 23       		.byte	35
 406 0044 C9       		.byte	-55
 407 0045 FF       		.byte	-1
 408 0046 CA       		.byte	-54
 409 0047 FF       		.byte	-1
ARM GAS  C:\Users\oggih\AppData\Local\Temp\ccLQDdKH.s 			page 16


 410 0048 CB       		.byte	-53
 411 0049 FF       		.byte	-1
 412 004a CD       		.byte	-51
 413 004b 83       		.byte	-125
 414 004c CE       		.byte	-50
 415 004d 03       		.byte	3
 416 004e CF       		.byte	-49
 417 004f 01       		.byte	1
 418 0050 D0       		.byte	-48
 419 0051 18       		.byte	24
 420 0052 D2       		.byte	-46
 421 0053 80       		.byte	-128
 422 0054 D4       		.byte	-44
 423 0055 01       		.byte	1
 424 0056 D8       		.byte	-40
 425 0057 04       		.byte	4
 426 0058 DA       		.byte	-38
 427 0059 04       		.byte	4
 428 005a DB       		.byte	-37
 429 005b 04       		.byte	4
 430 005c DC       		.byte	-36
 431 005d 09       		.byte	9
 432 005e DD       		.byte	-35
 433 005f 99       		.byte	-103
 434 0060 DF       		.byte	-33
 435 0061 01       		.byte	1
 436 0062 E0       		.byte	-32
 437 0063 40       		.byte	64
 438 0064 E2       		.byte	-30
 439 0065 40       		.byte	64
 440 0066 E4       		.byte	-28
 441 0067 40       		.byte	64
 442 0068 E5       		.byte	-27
 443 0069 40       		.byte	64
 444 006a E6       		.byte	-26
 445 006b 80       		.byte	-128
 446 006c E8       		.byte	-24
 447 006d 80       		.byte	-128
 448 006e EA       		.byte	-22
 449 006f 80       		.byte	-128
 450 0070 EC       		.byte	-20
 451 0071 80       		.byte	-128
 452 0072 EE       		.byte	-18
 453 0073 80       		.byte	-128
 454 0074 02       		.byte	2
 455 0075 02       		.byte	2
 456 0076 0B       		.byte	11
 457 0077 40       		.byte	64
 458 0078 18       		.byte	24
 459 0079 10       		.byte	16
 460 007a 1A       		.byte	26
 461 007b 40       		.byte	64
 462 007c 41       		.byte	65
 463 007d 01       		.byte	1
 464 007e 46       		.byte	70
 465 007f 80       		.byte	-128
 466 0080 49       		.byte	73
ARM GAS  C:\Users\oggih\AppData\Local\Temp\ccLQDdKH.s 			page 17


 467 0081 05       		.byte	5
 468 0082 4B       		.byte	75
 469 0083 40       		.byte	64
 470 0084 4E       		.byte	78
 471 0085 02       		.byte	2
 472 0086 51       		.byte	81
 473 0087 01       		.byte	1
 474 0088 52       		.byte	82
 475 0089 02       		.byte	2
 476 008a 59       		.byte	89
 477 008b 05       		.byte	5
 478 008c 5A       		.byte	90
 479 008d 40       		.byte	64
 480 008e 72       		.byte	114
 481 008f 80       		.byte	-128
 482 0090 73       		.byte	115
 483 0091 40       		.byte	64
 484 0092 8C       		.byte	-116
 485 0093 10       		.byte	16
 486 0094 C0       		.byte	-64
 487 0095 01       		.byte	1
 488 0096 C2       		.byte	-62
 489 0097 08       		.byte	8
 490 0098 D0       		.byte	-48
 491 0099 81       		.byte	-127
 492 009a D2       		.byte	-46
 493 009b 18       		.byte	24
 494 009c D6       		.byte	-42
 495 009d 0B       		.byte	11
 496 009e E2       		.byte	-30
 497 009f 10       		.byte	16
 498 00a0 6C       		.byte	108
 499 00a1 04       		.byte	4
 500 00a2 DA       		.byte	-38
 501 00a3 80       		.byte	-128
 502 00a4 8C       		.byte	-116
 503 00a5 04       		.byte	4
 504 00a6 94       		.byte	-108
 505 00a7 08       		.byte	8
 506 00a8 02       		.byte	2
 507 00a9 01       		.byte	1
 508 00aa 11       		.byte	17
 509 00ab 01       		.byte	1
 510              		.type	cy_cfg_addr_table.4864, %object
 511              		.size	cy_cfg_addr_table.4864, 24
 512              	cy_cfg_addr_table.4864:
 513 00ac 01000F40 		.word	1074724865
 514 00b0 33320F40 		.word	1074737715
 515 00b4 16330F40 		.word	1074737942
 516 00b8 02400F40 		.word	1074741250
 517 00bc 02410F40 		.word	1074741506
 518 00c0 02600F40 		.word	1074749442
 519              		.text
 520              	.Letext0:
 521              		.file 2 "c:\\program files (x86)\\cypress\\psoc creator\\4.4\\psoc creator\\import\\gnu\\arm\\5.4.
 522              		.file 3 "Generated_Source\\PSoC4\\cytypes.h"
 523              		.file 4 "Generated_Source\\PSoC4\\CyLib.h"
ARM GAS  C:\Users\oggih\AppData\Local\Temp\ccLQDdKH.s 			page 18


 524              		.section	.debug_info,"",%progbits
 525              	.Ldebug_info0:
 526 0000 9C030000 		.4byte	0x39c
 527 0004 0400     		.2byte	0x4
 528 0006 00000000 		.4byte	.Ldebug_abbrev0
 529 000a 04       		.byte	0x4
 530 000b 01       		.uleb128 0x1
 531 000c 6C010000 		.4byte	.LASF39
 532 0010 0C       		.byte	0xc
 533 0011 99020000 		.4byte	.LASF40
 534 0015 57000000 		.4byte	.LASF41
 535 0019 00000000 		.4byte	.Ldebug_ranges0+0
 536 001d 00000000 		.4byte	0
 537 0021 00000000 		.4byte	.Ldebug_line0
 538 0025 02       		.uleb128 0x2
 539 0026 04       		.byte	0x4
 540 0027 05       		.byte	0x5
 541 0028 696E7400 		.ascii	"int\000"
 542 002c 03       		.uleb128 0x3
 543 002d 06000000 		.4byte	.LASF12
 544 0031 02       		.byte	0x2
 545 0032 D8       		.byte	0xd8
 546 0033 37000000 		.4byte	0x37
 547 0037 04       		.uleb128 0x4
 548 0038 04       		.byte	0x4
 549 0039 07       		.byte	0x7
 550 003a 33010000 		.4byte	.LASF0
 551 003e 04       		.uleb128 0x4
 552 003f 08       		.byte	0x8
 553 0040 05       		.byte	0x5
 554 0041 2C020000 		.4byte	.LASF1
 555 0045 04       		.uleb128 0x4
 556 0046 08       		.byte	0x8
 557 0047 04       		.byte	0x4
 558 0048 81020000 		.4byte	.LASF2
 559 004c 04       		.uleb128 0x4
 560 004d 01       		.byte	0x1
 561 004e 06       		.byte	0x6
 562 004f 8D020000 		.4byte	.LASF3
 563 0053 04       		.uleb128 0x4
 564 0054 01       		.byte	0x1
 565 0055 08       		.byte	0x8
 566 0056 D5000000 		.4byte	.LASF4
 567 005a 04       		.uleb128 0x4
 568 005b 02       		.byte	0x2
 569 005c 05       		.byte	0x5
 570 005d 59020000 		.4byte	.LASF5
 571 0061 04       		.uleb128 0x4
 572 0062 02       		.byte	0x2
 573 0063 07       		.byte	0x7
 574 0064 19020000 		.4byte	.LASF6
 575 0068 04       		.uleb128 0x4
 576 0069 04       		.byte	0x4
 577 006a 05       		.byte	0x5
 578 006b 78020000 		.4byte	.LASF7
 579 006f 04       		.uleb128 0x4
 580 0070 04       		.byte	0x4
ARM GAS  C:\Users\oggih\AppData\Local\Temp\ccLQDdKH.s 			page 19


 581 0071 07       		.byte	0x7
 582 0072 B3000000 		.4byte	.LASF8
 583 0076 04       		.uleb128 0x4
 584 0077 08       		.byte	0x8
 585 0078 07       		.byte	0x7
 586 0079 55010000 		.4byte	.LASF9
 587 007d 04       		.uleb128 0x4
 588 007e 04       		.byte	0x4
 589 007f 07       		.byte	0x7
 590 0080 10020000 		.4byte	.LASF10
 591 0084 05       		.uleb128 0x5
 592 0085 04       		.byte	0x4
 593 0086 04       		.uleb128 0x4
 594 0087 01       		.byte	0x1
 595 0088 08       		.byte	0x8
 596 0089 3A020000 		.4byte	.LASF11
 597 008d 06       		.uleb128 0x6
 598 008e C5000000 		.4byte	.LASF13
 599 0092 03       		.byte	0x3
 600 0093 FB01     		.2byte	0x1fb
 601 0095 53000000 		.4byte	0x53
 602 0099 06       		.uleb128 0x6
 603 009a 1A010000 		.4byte	.LASF14
 604 009e 03       		.byte	0x3
 605 009f FC01     		.2byte	0x1fc
 606 00a1 61000000 		.4byte	0x61
 607 00a5 06       		.uleb128 0x6
 608 00a6 2C010000 		.4byte	.LASF15
 609 00aa 03       		.byte	0x3
 610 00ab FD01     		.2byte	0x1fd
 611 00ad 6F000000 		.4byte	0x6f
 612 00b1 04       		.uleb128 0x4
 613 00b2 04       		.byte	0x4
 614 00b3 04       		.byte	0x4
 615 00b4 93000000 		.4byte	.LASF16
 616 00b8 04       		.uleb128 0x4
 617 00b9 08       		.byte	0x8
 618 00ba 04       		.byte	0x4
 619 00bb EA000000 		.4byte	.LASF17
 620 00bf 06       		.uleb128 0x6
 621 00c0 AE000000 		.4byte	.LASF18
 622 00c4 03       		.byte	0x3
 623 00c5 A502     		.2byte	0x2a5
 624 00c7 CB000000 		.4byte	0xcb
 625 00cb 07       		.uleb128 0x7
 626 00cc 8D000000 		.4byte	0x8d
 627 00d0 06       		.uleb128 0x6
 628 00d1 00000000 		.4byte	.LASF19
 629 00d5 03       		.byte	0x3
 630 00d6 A702     		.2byte	0x2a7
 631 00d8 DC000000 		.4byte	0xdc
 632 00dc 07       		.uleb128 0x7
 633 00dd A5000000 		.4byte	0xa5
 634 00e1 08       		.uleb128 0x8
 635 00e2 02       		.byte	0x2
 636 00e3 01       		.byte	0x1
 637 00e4 97       		.byte	0x97
ARM GAS  C:\Users\oggih\AppData\Local\Temp\ccLQDdKH.s 			page 20


 638 00e5 02010000 		.4byte	0x102
 639 00e9 09       		.uleb128 0x9
 640 00ea 52020000 		.4byte	.LASF20
 641 00ee 01       		.byte	0x1
 642 00ef 99       		.byte	0x99
 643 00f0 8D000000 		.4byte	0x8d
 644 00f4 00       		.byte	0
 645 00f5 09       		.uleb128 0x9
 646 00f6 1C000000 		.4byte	.LASF21
 647 00fa 01       		.byte	0x1
 648 00fb 9A       		.byte	0x9a
 649 00fc 8D000000 		.4byte	0x8d
 650 0100 01       		.byte	0x1
 651 0101 00       		.byte	0
 652 0102 03       		.uleb128 0x3
 653 0103 3F020000 		.4byte	.LASF22
 654 0107 01       		.byte	0x1
 655 0108 9B       		.byte	0x9b
 656 0109 E1000000 		.4byte	0xe1
 657 010d 0A       		.uleb128 0xa
 658 010e F1000000 		.4byte	.LASF27
 659 0112 01       		.byte	0x1
 660 0113 AE       		.byte	0xae
 661 0114 00000000 		.4byte	.LFB3
 662 0118 32000000 		.4byte	.LFE3-.LFB3
 663 011c 01       		.uleb128 0x1
 664 011d 9C       		.byte	0x9c
 665 011e 7F010000 		.4byte	0x17f
 666 0122 0B       		.uleb128 0xb
 667 0123 0F010000 		.4byte	.LASF23
 668 0127 01       		.byte	0x1
 669 0128 AE       		.byte	0xae
 670 0129 7F010000 		.4byte	0x17f
 671 012d 01       		.uleb128 0x1
 672 012e 50       		.byte	0x50
 673 012f 0B       		.uleb128 0xb
 674 0130 21010000 		.4byte	.LASF24
 675 0134 01       		.byte	0x1
 676 0135 AE       		.byte	0xae
 677 0136 8A010000 		.4byte	0x18a
 678 013a 01       		.uleb128 0x1
 679 013b 51       		.byte	0x51
 680 013c 0C       		.uleb128 0xc
 681 013d 6900     		.ascii	"i\000"
 682 013f 01       		.byte	0x1
 683 0140 B1       		.byte	0xb1
 684 0141 A5000000 		.4byte	0xa5
 685 0145 00000000 		.4byte	.LLST0
 686 0149 0C       		.uleb128 0xc
 687 014a 6A00     		.ascii	"j\000"
 688 014c 01       		.byte	0x1
 689 014d B1       		.byte	0xb1
 690 014e A5000000 		.4byte	0xa5
 691 0152 1F000000 		.4byte	.LLST1
 692 0156 0D       		.uleb128 0xd
 693 0157 08000000 		.4byte	.LBB2
 694 015b 22000000 		.4byte	.LBE2-.LBB2
ARM GAS  C:\Users\oggih\AppData\Local\Temp\ccLQDdKH.s 			page 21


 695 015f 0E       		.uleb128 0xe
 696 0160 07020000 		.4byte	.LASF25
 697 0164 01       		.byte	0x1
 698 0165 B4       		.byte	0xb4
 699 0166 A5000000 		.4byte	0xa5
 700 016a 3E000000 		.4byte	.LLST2
 701 016e 0E       		.uleb128 0xe
 702 016f 22000000 		.4byte	.LASF26
 703 0173 01       		.byte	0x1
 704 0174 B5       		.byte	0xb5
 705 0175 8D000000 		.4byte	0x8d
 706 0179 51000000 		.4byte	.LLST3
 707 017d 00       		.byte	0
 708 017e 00       		.byte	0
 709 017f 0F       		.uleb128 0xf
 710 0180 04       		.byte	0x4
 711 0181 85010000 		.4byte	0x185
 712 0185 10       		.uleb128 0x10
 713 0186 A5000000 		.4byte	0xa5
 714 018a 0F       		.uleb128 0xf
 715 018b 04       		.byte	0x4
 716 018c 90010000 		.4byte	0x190
 717 0190 10       		.uleb128 0x10
 718 0191 02010000 		.4byte	0x102
 719 0195 0A       		.uleb128 0xa
 720 0196 CB000000 		.4byte	.LASF28
 721 019a 01       		.byte	0x1
 722 019b 4C       		.byte	0x4c
 723 019c 00000000 		.4byte	.LFB0
 724 01a0 0C000000 		.4byte	.LFE0-.LFB0
 725 01a4 01       		.uleb128 0x1
 726 01a5 9C       		.byte	0x9c
 727 01a6 E2010000 		.4byte	0x1e2
 728 01aa 11       		.uleb128 0x11
 729 01ab 7300     		.ascii	"s\000"
 730 01ad 01       		.byte	0x1
 731 01ae 4C       		.byte	0x4c
 732 01af 84000000 		.4byte	0x84
 733 01b3 6F000000 		.4byte	.LLST4
 734 01b7 11       		.uleb128 0x11
 735 01b8 6E00     		.ascii	"n\000"
 736 01ba 01       		.byte	0x1
 737 01bb 4C       		.byte	0x4c
 738 01bc 2C000000 		.4byte	0x2c
 739 01c0 90000000 		.4byte	.LLST5
 740 01c4 12       		.uleb128 0x12
 741 01c5 0A000000 		.4byte	.LVL14
 742 01c9 75030000 		.4byte	0x375
 743 01cd 13       		.uleb128 0x13
 744 01ce 01       		.uleb128 0x1
 745 01cf 50       		.byte	0x50
 746 01d0 03       		.uleb128 0x3
 747 01d1 F3       		.byte	0xf3
 748 01d2 01       		.uleb128 0x1
 749 01d3 50       		.byte	0x50
 750 01d4 13       		.uleb128 0x13
 751 01d5 01       		.uleb128 0x1
ARM GAS  C:\Users\oggih\AppData\Local\Temp\ccLQDdKH.s 			page 22


 752 01d6 51       		.byte	0x51
 753 01d7 01       		.uleb128 0x1
 754 01d8 30       		.byte	0x30
 755 01d9 13       		.uleb128 0x13
 756 01da 01       		.uleb128 0x1
 757 01db 52       		.byte	0x52
 758 01dc 03       		.uleb128 0x3
 759 01dd F3       		.byte	0xf3
 760 01de 01       		.uleb128 0x1
 761 01df 51       		.byte	0x51
 762 01e0 00       		.byte	0
 763 01e1 00       		.byte	0
 764 01e2 0A       		.uleb128 0xa
 765 01e3 28000000 		.4byte	.LASF29
 766 01e7 01       		.byte	0x1
 767 01e8 D3       		.byte	0xd3
 768 01e9 00000000 		.4byte	.LFB4
 769 01ed 5C000000 		.4byte	.LFE4-.LFB4
 770 01f1 01       		.uleb128 0x1
 771 01f2 9C       		.byte	0x9c
 772 01f3 2D020000 		.4byte	0x22d
 773 01f7 14       		.uleb128 0x14
 774 01f8 14000000 		.4byte	.LVL15
 775 01fc 7E030000 		.4byte	0x37e
 776 0200 0A020000 		.4byte	0x20a
 777 0204 13       		.uleb128 0x13
 778 0205 01       		.uleb128 0x1
 779 0206 50       		.byte	0x50
 780 0207 01       		.uleb128 0x1
 781 0208 48       		.byte	0x48
 782 0209 00       		.byte	0
 783 020a 14       		.uleb128 0x14
 784 020b 34000000 		.4byte	.LVL16
 785 020f 89030000 		.4byte	0x389
 786 0213 1D020000 		.4byte	0x21d
 787 0217 13       		.uleb128 0x13
 788 0218 01       		.uleb128 0x1
 789 0219 50       		.byte	0x50
 790 021a 01       		.uleb128 0x1
 791 021b 39       		.byte	0x39
 792 021c 00       		.byte	0
 793 021d 12       		.uleb128 0x12
 794 021e 3A000000 		.4byte	.LVL17
 795 0222 94030000 		.4byte	0x394
 796 0226 13       		.uleb128 0x13
 797 0227 01       		.uleb128 0x1
 798 0228 50       		.byte	0x50
 799 0229 01       		.uleb128 0x1
 800 022a 39       		.byte	0x39
 801 022b 00       		.byte	0
 802 022c 00       		.byte	0
 803 022d 15       		.uleb128 0x15
 804 022e 40010000 		.4byte	.LASF42
 805 0232 01       		.byte	0x1
 806 0233 1801     		.2byte	0x118
 807 0235 5C000000 		.4byte	.LFB6
 808 0239 C4000000 		.4byte	.LFE6-.LFB6
ARM GAS  C:\Users\oggih\AppData\Local\Temp\ccLQDdKH.s 			page 23


 809 023d 01       		.uleb128 0x1
 810 023e 9C       		.byte	0x9c
 811 023f 4B030000 		.4byte	0x34b
 812 0243 16       		.uleb128 0x16
 813 0244 66000000 		.4byte	.LBB3
 814 0248 70000000 		.4byte	.LBE3-.LBB3
 815 024c 41030000 		.4byte	0x341
 816 0250 17       		.uleb128 0x17
 817 0251 33000000 		.4byte	.LASF30
 818 0255 01       		.byte	0x1
 819 0256 2001     		.2byte	0x120
 820 0258 5B030000 		.4byte	0x35b
 821 025c 05       		.uleb128 0x5
 822 025d 03       		.byte	0x3
 823 025e AC000000 		.4byte	cy_cfg_addr_table.4864
 824 0262 17       		.uleb128 0x17
 825 0263 45000000 		.4byte	.LASF31
 826 0267 01       		.byte	0x1
 827 0268 2901     		.2byte	0x129
 828 026a 70030000 		.4byte	0x370
 829 026e 05       		.uleb128 0x5
 830 026f 03       		.byte	0x3
 831 0270 0C000000 		.4byte	cy_cfg_data_table.4865
 832 0274 18       		.uleb128 0x18
 833 0275 06       		.byte	0x6
 834 0276 01       		.byte	0x1
 835 0277 7E01     		.2byte	0x17e
 836 0279 98020000 		.4byte	0x298
 837 027d 19       		.uleb128 0x19
 838 027e 4D010000 		.4byte	.LASF32
 839 0282 01       		.byte	0x1
 840 0283 7F01     		.2byte	0x17f
 841 0285 84000000 		.4byte	0x84
 842 0289 00       		.byte	0
 843 028a 19       		.uleb128 0x19
 844 028b A9000000 		.4byte	.LASF33
 845 028f 01       		.byte	0x1
 846 0290 8001     		.2byte	0x180
 847 0292 99000000 		.4byte	0x99
 848 0296 04       		.byte	0x4
 849 0297 00       		.byte	0
 850 0298 06       		.uleb128 0x6
 851 0299 FA010000 		.4byte	.LASF34
 852 029d 01       		.byte	0x1
 853 029e 8101     		.2byte	0x181
 854 02a0 74020000 		.4byte	0x274
 855 02a4 1A       		.uleb128 0x1a
 856 02a5 B4020000 		.4byte	0x2b4
 857 02a9 B4020000 		.4byte	0x2b4
 858 02ad 1B       		.uleb128 0x1b
 859 02ae 7D000000 		.4byte	0x7d
 860 02b2 01       		.byte	0x1
 861 02b3 00       		.byte	0
 862 02b4 10       		.uleb128 0x10
 863 02b5 98020000 		.4byte	0x298
 864 02b9 17       		.uleb128 0x17
 865 02ba 99000000 		.4byte	.LASF35
ARM GAS  C:\Users\oggih\AppData\Local\Temp\ccLQDdKH.s 			page 24


 866 02be 01       		.byte	0x1
 867 02bf 8301     		.2byte	0x183
 868 02c1 CB020000 		.4byte	0x2cb
 869 02c5 05       		.uleb128 0x5
 870 02c6 03       		.byte	0x3
 871 02c7 00000000 		.4byte	cfg_memset_list.4870
 872 02cb 10       		.uleb128 0x10
 873 02cc A4020000 		.4byte	0x2a4
 874 02d0 1C       		.uleb128 0x1c
 875 02d1 6900     		.ascii	"i\000"
 876 02d3 01       		.byte	0x1
 877 02d4 8901     		.2byte	0x189
 878 02d6 8D000000 		.4byte	0x8d
 879 02da BC000000 		.4byte	.LLST6
 880 02de 16       		.uleb128 0x16
 881 02df 6A000000 		.4byte	.LBB4
 882 02e3 1C000000 		.4byte	.LBE4-.LBB4
 883 02e7 24030000 		.4byte	0x324
 884 02eb 1C       		.uleb128 0x1c
 885 02ec 6D7300   		.ascii	"ms\000"
 886 02ef 01       		.byte	0x1
 887 02f0 8E01     		.2byte	0x18e
 888 02f2 FA020000 		.4byte	0x2fa
 889 02f6 E6000000 		.4byte	.LLST7
 890 02fa 0F       		.uleb128 0xf
 891 02fb 04       		.byte	0x4
 892 02fc B4020000 		.4byte	0x2b4
 893 0300 12       		.uleb128 0x12
 894 0301 86000000 		.4byte	.LVL20
 895 0305 95010000 		.4byte	0x195
 896 0309 13       		.uleb128 0x13
 897 030a 01       		.uleb128 0x1
 898 030b 51       		.byte	0x51
 899 030c 15       		.uleb128 0x15
 900 030d 74       		.byte	0x74
 901 030e 00       		.sleb128 0
 902 030f 31       		.byte	0x31
 903 0310 24       		.byte	0x24
 904 0311 74       		.byte	0x74
 905 0312 00       		.sleb128 0
 906 0313 22       		.byte	0x22
 907 0314 31       		.byte	0x31
 908 0315 24       		.byte	0x24
 909 0316 03       		.byte	0x3
 910 0317 04000000 		.4byte	.LANCHOR0+4
 911 031b 22       		.byte	0x22
 912 031c 94       		.byte	0x94
 913 031d 02       		.byte	0x2
 914 031e 0A       		.byte	0xa
 915 031f FFFF     		.2byte	0xffff
 916 0321 1A       		.byte	0x1a
 917 0322 00       		.byte	0
 918 0323 00       		.byte	0
 919 0324 12       		.uleb128 0x12
 920 0325 9A000000 		.4byte	.LVL23
 921 0329 0D010000 		.4byte	0x10d
 922 032d 13       		.uleb128 0x13
ARM GAS  C:\Users\oggih\AppData\Local\Temp\ccLQDdKH.s 			page 25


 923 032e 01       		.uleb128 0x1
 924 032f 50       		.byte	0x50
 925 0330 05       		.uleb128 0x5
 926 0331 03       		.byte	0x3
 927 0332 AC000000 		.4byte	.LANCHOR1+44
 928 0336 13       		.uleb128 0x13
 929 0337 01       		.uleb128 0x1
 930 0338 51       		.byte	0x51
 931 0339 05       		.uleb128 0x5
 932 033a 03       		.byte	0x3
 933 033b 0C000000 		.4byte	.LANCHOR0+12
 934 033f 00       		.byte	0
 935 0340 00       		.byte	0
 936 0341 1D       		.uleb128 0x1d
 937 0342 E8000000 		.4byte	.LVL24
 938 0346 E2010000 		.4byte	0x1e2
 939 034a 00       		.byte	0
 940 034b 1A       		.uleb128 0x1a
 941 034c 85010000 		.4byte	0x185
 942 0350 5B030000 		.4byte	0x35b
 943 0354 1B       		.uleb128 0x1b
 944 0355 7D000000 		.4byte	0x7d
 945 0359 05       		.byte	0x5
 946 035a 00       		.byte	0
 947 035b 10       		.uleb128 0x10
 948 035c 4B030000 		.4byte	0x34b
 949 0360 1A       		.uleb128 0x1a
 950 0361 90010000 		.4byte	0x190
 951 0365 70030000 		.4byte	0x370
 952 0369 1B       		.uleb128 0x1b
 953 036a 7D000000 		.4byte	0x7d
 954 036e 4F       		.byte	0x4f
 955 036f 00       		.byte	0
 956 0370 10       		.uleb128 0x10
 957 0371 60030000 		.4byte	0x360
 958 0375 1E       		.uleb128 0x1e
 959 0376 E3000000 		.4byte	.LASF43
 960 037a E3000000 		.4byte	.LASF43
 961 037e 1F       		.uleb128 0x1f
 962 037f 63020000 		.4byte	.LASF36
 963 0383 63020000 		.4byte	.LASF36
 964 0387 04       		.byte	0x4
 965 0388 6C       		.byte	0x6c
 966 0389 1F       		.uleb128 0x1f
 967 038a 0D000000 		.4byte	.LASF37
 968 038e 0D000000 		.4byte	.LASF37
 969 0392 04       		.byte	0x4
 970 0393 D0       		.byte	0xd0
 971 0394 1F       		.uleb128 0x1f
 972 0395 03010000 		.4byte	.LASF38
 973 0399 03010000 		.4byte	.LASF38
 974 039d 04       		.byte	0x4
 975 039e D6       		.byte	0xd6
 976 039f 00       		.byte	0
 977              		.section	.debug_abbrev,"",%progbits
 978              	.Ldebug_abbrev0:
 979 0000 01       		.uleb128 0x1
ARM GAS  C:\Users\oggih\AppData\Local\Temp\ccLQDdKH.s 			page 26


 980 0001 11       		.uleb128 0x11
 981 0002 01       		.byte	0x1
 982 0003 25       		.uleb128 0x25
 983 0004 0E       		.uleb128 0xe
 984 0005 13       		.uleb128 0x13
 985 0006 0B       		.uleb128 0xb
 986 0007 03       		.uleb128 0x3
 987 0008 0E       		.uleb128 0xe
 988 0009 1B       		.uleb128 0x1b
 989 000a 0E       		.uleb128 0xe
 990 000b 55       		.uleb128 0x55
 991 000c 17       		.uleb128 0x17
 992 000d 11       		.uleb128 0x11
 993 000e 01       		.uleb128 0x1
 994 000f 10       		.uleb128 0x10
 995 0010 17       		.uleb128 0x17
 996 0011 00       		.byte	0
 997 0012 00       		.byte	0
 998 0013 02       		.uleb128 0x2
 999 0014 24       		.uleb128 0x24
 1000 0015 00       		.byte	0
 1001 0016 0B       		.uleb128 0xb
 1002 0017 0B       		.uleb128 0xb
 1003 0018 3E       		.uleb128 0x3e
 1004 0019 0B       		.uleb128 0xb
 1005 001a 03       		.uleb128 0x3
 1006 001b 08       		.uleb128 0x8
 1007 001c 00       		.byte	0
 1008 001d 00       		.byte	0
 1009 001e 03       		.uleb128 0x3
 1010 001f 16       		.uleb128 0x16
 1011 0020 00       		.byte	0
 1012 0021 03       		.uleb128 0x3
 1013 0022 0E       		.uleb128 0xe
 1014 0023 3A       		.uleb128 0x3a
 1015 0024 0B       		.uleb128 0xb
 1016 0025 3B       		.uleb128 0x3b
 1017 0026 0B       		.uleb128 0xb
 1018 0027 49       		.uleb128 0x49
 1019 0028 13       		.uleb128 0x13
 1020 0029 00       		.byte	0
 1021 002a 00       		.byte	0
 1022 002b 04       		.uleb128 0x4
 1023 002c 24       		.uleb128 0x24
 1024 002d 00       		.byte	0
 1025 002e 0B       		.uleb128 0xb
 1026 002f 0B       		.uleb128 0xb
 1027 0030 3E       		.uleb128 0x3e
 1028 0031 0B       		.uleb128 0xb
 1029 0032 03       		.uleb128 0x3
 1030 0033 0E       		.uleb128 0xe
 1031 0034 00       		.byte	0
 1032 0035 00       		.byte	0
 1033 0036 05       		.uleb128 0x5
 1034 0037 0F       		.uleb128 0xf
 1035 0038 00       		.byte	0
 1036 0039 0B       		.uleb128 0xb
ARM GAS  C:\Users\oggih\AppData\Local\Temp\ccLQDdKH.s 			page 27


 1037 003a 0B       		.uleb128 0xb
 1038 003b 00       		.byte	0
 1039 003c 00       		.byte	0
 1040 003d 06       		.uleb128 0x6
 1041 003e 16       		.uleb128 0x16
 1042 003f 00       		.byte	0
 1043 0040 03       		.uleb128 0x3
 1044 0041 0E       		.uleb128 0xe
 1045 0042 3A       		.uleb128 0x3a
 1046 0043 0B       		.uleb128 0xb
 1047 0044 3B       		.uleb128 0x3b
 1048 0045 05       		.uleb128 0x5
 1049 0046 49       		.uleb128 0x49
 1050 0047 13       		.uleb128 0x13
 1051 0048 00       		.byte	0
 1052 0049 00       		.byte	0
 1053 004a 07       		.uleb128 0x7
 1054 004b 35       		.uleb128 0x35
 1055 004c 00       		.byte	0
 1056 004d 49       		.uleb128 0x49
 1057 004e 13       		.uleb128 0x13
 1058 004f 00       		.byte	0
 1059 0050 00       		.byte	0
 1060 0051 08       		.uleb128 0x8
 1061 0052 13       		.uleb128 0x13
 1062 0053 01       		.byte	0x1
 1063 0054 0B       		.uleb128 0xb
 1064 0055 0B       		.uleb128 0xb
 1065 0056 3A       		.uleb128 0x3a
 1066 0057 0B       		.uleb128 0xb
 1067 0058 3B       		.uleb128 0x3b
 1068 0059 0B       		.uleb128 0xb
 1069 005a 01       		.uleb128 0x1
 1070 005b 13       		.uleb128 0x13
 1071 005c 00       		.byte	0
 1072 005d 00       		.byte	0
 1073 005e 09       		.uleb128 0x9
 1074 005f 0D       		.uleb128 0xd
 1075 0060 00       		.byte	0
 1076 0061 03       		.uleb128 0x3
 1077 0062 0E       		.uleb128 0xe
 1078 0063 3A       		.uleb128 0x3a
 1079 0064 0B       		.uleb128 0xb
 1080 0065 3B       		.uleb128 0x3b
 1081 0066 0B       		.uleb128 0xb
 1082 0067 49       		.uleb128 0x49
 1083 0068 13       		.uleb128 0x13
 1084 0069 38       		.uleb128 0x38
 1085 006a 0B       		.uleb128 0xb
 1086 006b 00       		.byte	0
 1087 006c 00       		.byte	0
 1088 006d 0A       		.uleb128 0xa
 1089 006e 2E       		.uleb128 0x2e
 1090 006f 01       		.byte	0x1
 1091 0070 03       		.uleb128 0x3
 1092 0071 0E       		.uleb128 0xe
 1093 0072 3A       		.uleb128 0x3a
ARM GAS  C:\Users\oggih\AppData\Local\Temp\ccLQDdKH.s 			page 28


 1094 0073 0B       		.uleb128 0xb
 1095 0074 3B       		.uleb128 0x3b
 1096 0075 0B       		.uleb128 0xb
 1097 0076 27       		.uleb128 0x27
 1098 0077 19       		.uleb128 0x19
 1099 0078 11       		.uleb128 0x11
 1100 0079 01       		.uleb128 0x1
 1101 007a 12       		.uleb128 0x12
 1102 007b 06       		.uleb128 0x6
 1103 007c 40       		.uleb128 0x40
 1104 007d 18       		.uleb128 0x18
 1105 007e 9742     		.uleb128 0x2117
 1106 0080 19       		.uleb128 0x19
 1107 0081 01       		.uleb128 0x1
 1108 0082 13       		.uleb128 0x13
 1109 0083 00       		.byte	0
 1110 0084 00       		.byte	0
 1111 0085 0B       		.uleb128 0xb
 1112 0086 05       		.uleb128 0x5
 1113 0087 00       		.byte	0
 1114 0088 03       		.uleb128 0x3
 1115 0089 0E       		.uleb128 0xe
 1116 008a 3A       		.uleb128 0x3a
 1117 008b 0B       		.uleb128 0xb
 1118 008c 3B       		.uleb128 0x3b
 1119 008d 0B       		.uleb128 0xb
 1120 008e 49       		.uleb128 0x49
 1121 008f 13       		.uleb128 0x13
 1122 0090 02       		.uleb128 0x2
 1123 0091 18       		.uleb128 0x18
 1124 0092 00       		.byte	0
 1125 0093 00       		.byte	0
 1126 0094 0C       		.uleb128 0xc
 1127 0095 34       		.uleb128 0x34
 1128 0096 00       		.byte	0
 1129 0097 03       		.uleb128 0x3
 1130 0098 08       		.uleb128 0x8
 1131 0099 3A       		.uleb128 0x3a
 1132 009a 0B       		.uleb128 0xb
 1133 009b 3B       		.uleb128 0x3b
 1134 009c 0B       		.uleb128 0xb
 1135 009d 49       		.uleb128 0x49
 1136 009e 13       		.uleb128 0x13
 1137 009f 02       		.uleb128 0x2
 1138 00a0 17       		.uleb128 0x17
 1139 00a1 00       		.byte	0
 1140 00a2 00       		.byte	0
 1141 00a3 0D       		.uleb128 0xd
 1142 00a4 0B       		.uleb128 0xb
 1143 00a5 01       		.byte	0x1
 1144 00a6 11       		.uleb128 0x11
 1145 00a7 01       		.uleb128 0x1
 1146 00a8 12       		.uleb128 0x12
 1147 00a9 06       		.uleb128 0x6
 1148 00aa 00       		.byte	0
 1149 00ab 00       		.byte	0
 1150 00ac 0E       		.uleb128 0xe
ARM GAS  C:\Users\oggih\AppData\Local\Temp\ccLQDdKH.s 			page 29


 1151 00ad 34       		.uleb128 0x34
 1152 00ae 00       		.byte	0
 1153 00af 03       		.uleb128 0x3
 1154 00b0 0E       		.uleb128 0xe
 1155 00b1 3A       		.uleb128 0x3a
 1156 00b2 0B       		.uleb128 0xb
 1157 00b3 3B       		.uleb128 0x3b
 1158 00b4 0B       		.uleb128 0xb
 1159 00b5 49       		.uleb128 0x49
 1160 00b6 13       		.uleb128 0x13
 1161 00b7 02       		.uleb128 0x2
 1162 00b8 17       		.uleb128 0x17
 1163 00b9 00       		.byte	0
 1164 00ba 00       		.byte	0
 1165 00bb 0F       		.uleb128 0xf
 1166 00bc 0F       		.uleb128 0xf
 1167 00bd 00       		.byte	0
 1168 00be 0B       		.uleb128 0xb
 1169 00bf 0B       		.uleb128 0xb
 1170 00c0 49       		.uleb128 0x49
 1171 00c1 13       		.uleb128 0x13
 1172 00c2 00       		.byte	0
 1173 00c3 00       		.byte	0
 1174 00c4 10       		.uleb128 0x10
 1175 00c5 26       		.uleb128 0x26
 1176 00c6 00       		.byte	0
 1177 00c7 49       		.uleb128 0x49
 1178 00c8 13       		.uleb128 0x13
 1179 00c9 00       		.byte	0
 1180 00ca 00       		.byte	0
 1181 00cb 11       		.uleb128 0x11
 1182 00cc 05       		.uleb128 0x5
 1183 00cd 00       		.byte	0
 1184 00ce 03       		.uleb128 0x3
 1185 00cf 08       		.uleb128 0x8
 1186 00d0 3A       		.uleb128 0x3a
 1187 00d1 0B       		.uleb128 0xb
 1188 00d2 3B       		.uleb128 0x3b
 1189 00d3 0B       		.uleb128 0xb
 1190 00d4 49       		.uleb128 0x49
 1191 00d5 13       		.uleb128 0x13
 1192 00d6 02       		.uleb128 0x2
 1193 00d7 17       		.uleb128 0x17
 1194 00d8 00       		.byte	0
 1195 00d9 00       		.byte	0
 1196 00da 12       		.uleb128 0x12
 1197 00db 898201   		.uleb128 0x4109
 1198 00de 01       		.byte	0x1
 1199 00df 11       		.uleb128 0x11
 1200 00e0 01       		.uleb128 0x1
 1201 00e1 31       		.uleb128 0x31
 1202 00e2 13       		.uleb128 0x13
 1203 00e3 00       		.byte	0
 1204 00e4 00       		.byte	0
 1205 00e5 13       		.uleb128 0x13
 1206 00e6 8A8201   		.uleb128 0x410a
 1207 00e9 00       		.byte	0
ARM GAS  C:\Users\oggih\AppData\Local\Temp\ccLQDdKH.s 			page 30


 1208 00ea 02       		.uleb128 0x2
 1209 00eb 18       		.uleb128 0x18
 1210 00ec 9142     		.uleb128 0x2111
 1211 00ee 18       		.uleb128 0x18
 1212 00ef 00       		.byte	0
 1213 00f0 00       		.byte	0
 1214 00f1 14       		.uleb128 0x14
 1215 00f2 898201   		.uleb128 0x4109
 1216 00f5 01       		.byte	0x1
 1217 00f6 11       		.uleb128 0x11
 1218 00f7 01       		.uleb128 0x1
 1219 00f8 31       		.uleb128 0x31
 1220 00f9 13       		.uleb128 0x13
 1221 00fa 01       		.uleb128 0x1
 1222 00fb 13       		.uleb128 0x13
 1223 00fc 00       		.byte	0
 1224 00fd 00       		.byte	0
 1225 00fe 15       		.uleb128 0x15
 1226 00ff 2E       		.uleb128 0x2e
 1227 0100 01       		.byte	0x1
 1228 0101 3F       		.uleb128 0x3f
 1229 0102 19       		.uleb128 0x19
 1230 0103 03       		.uleb128 0x3
 1231 0104 0E       		.uleb128 0xe
 1232 0105 3A       		.uleb128 0x3a
 1233 0106 0B       		.uleb128 0xb
 1234 0107 3B       		.uleb128 0x3b
 1235 0108 05       		.uleb128 0x5
 1236 0109 27       		.uleb128 0x27
 1237 010a 19       		.uleb128 0x19
 1238 010b 11       		.uleb128 0x11
 1239 010c 01       		.uleb128 0x1
 1240 010d 12       		.uleb128 0x12
 1241 010e 06       		.uleb128 0x6
 1242 010f 40       		.uleb128 0x40
 1243 0110 18       		.uleb128 0x18
 1244 0111 9742     		.uleb128 0x2117
 1245 0113 19       		.uleb128 0x19
 1246 0114 01       		.uleb128 0x1
 1247 0115 13       		.uleb128 0x13
 1248 0116 00       		.byte	0
 1249 0117 00       		.byte	0
 1250 0118 16       		.uleb128 0x16
 1251 0119 0B       		.uleb128 0xb
 1252 011a 01       		.byte	0x1
 1253 011b 11       		.uleb128 0x11
 1254 011c 01       		.uleb128 0x1
 1255 011d 12       		.uleb128 0x12
 1256 011e 06       		.uleb128 0x6
 1257 011f 01       		.uleb128 0x1
 1258 0120 13       		.uleb128 0x13
 1259 0121 00       		.byte	0
 1260 0122 00       		.byte	0
 1261 0123 17       		.uleb128 0x17
 1262 0124 34       		.uleb128 0x34
 1263 0125 00       		.byte	0
 1264 0126 03       		.uleb128 0x3
ARM GAS  C:\Users\oggih\AppData\Local\Temp\ccLQDdKH.s 			page 31


 1265 0127 0E       		.uleb128 0xe
 1266 0128 3A       		.uleb128 0x3a
 1267 0129 0B       		.uleb128 0xb
 1268 012a 3B       		.uleb128 0x3b
 1269 012b 05       		.uleb128 0x5
 1270 012c 49       		.uleb128 0x49
 1271 012d 13       		.uleb128 0x13
 1272 012e 02       		.uleb128 0x2
 1273 012f 18       		.uleb128 0x18
 1274 0130 00       		.byte	0
 1275 0131 00       		.byte	0
 1276 0132 18       		.uleb128 0x18
 1277 0133 13       		.uleb128 0x13
 1278 0134 01       		.byte	0x1
 1279 0135 0B       		.uleb128 0xb
 1280 0136 0B       		.uleb128 0xb
 1281 0137 3A       		.uleb128 0x3a
 1282 0138 0B       		.uleb128 0xb
 1283 0139 3B       		.uleb128 0x3b
 1284 013a 05       		.uleb128 0x5
 1285 013b 01       		.uleb128 0x1
 1286 013c 13       		.uleb128 0x13
 1287 013d 00       		.byte	0
 1288 013e 00       		.byte	0
 1289 013f 19       		.uleb128 0x19
 1290 0140 0D       		.uleb128 0xd
 1291 0141 00       		.byte	0
 1292 0142 03       		.uleb128 0x3
 1293 0143 0E       		.uleb128 0xe
 1294 0144 3A       		.uleb128 0x3a
 1295 0145 0B       		.uleb128 0xb
 1296 0146 3B       		.uleb128 0x3b
 1297 0147 05       		.uleb128 0x5
 1298 0148 49       		.uleb128 0x49
 1299 0149 13       		.uleb128 0x13
 1300 014a 38       		.uleb128 0x38
 1301 014b 0B       		.uleb128 0xb
 1302 014c 00       		.byte	0
 1303 014d 00       		.byte	0
 1304 014e 1A       		.uleb128 0x1a
 1305 014f 01       		.uleb128 0x1
 1306 0150 01       		.byte	0x1
 1307 0151 49       		.uleb128 0x49
 1308 0152 13       		.uleb128 0x13
 1309 0153 01       		.uleb128 0x1
 1310 0154 13       		.uleb128 0x13
 1311 0155 00       		.byte	0
 1312 0156 00       		.byte	0
 1313 0157 1B       		.uleb128 0x1b
 1314 0158 21       		.uleb128 0x21
 1315 0159 00       		.byte	0
 1316 015a 49       		.uleb128 0x49
 1317 015b 13       		.uleb128 0x13
 1318 015c 2F       		.uleb128 0x2f
 1319 015d 0B       		.uleb128 0xb
 1320 015e 00       		.byte	0
 1321 015f 00       		.byte	0
ARM GAS  C:\Users\oggih\AppData\Local\Temp\ccLQDdKH.s 			page 32


 1322 0160 1C       		.uleb128 0x1c
 1323 0161 34       		.uleb128 0x34
 1324 0162 00       		.byte	0
 1325 0163 03       		.uleb128 0x3
 1326 0164 08       		.uleb128 0x8
 1327 0165 3A       		.uleb128 0x3a
 1328 0166 0B       		.uleb128 0xb
 1329 0167 3B       		.uleb128 0x3b
 1330 0168 05       		.uleb128 0x5
 1331 0169 49       		.uleb128 0x49
 1332 016a 13       		.uleb128 0x13
 1333 016b 02       		.uleb128 0x2
 1334 016c 17       		.uleb128 0x17
 1335 016d 00       		.byte	0
 1336 016e 00       		.byte	0
 1337 016f 1D       		.uleb128 0x1d
 1338 0170 898201   		.uleb128 0x4109
 1339 0173 00       		.byte	0
 1340 0174 11       		.uleb128 0x11
 1341 0175 01       		.uleb128 0x1
 1342 0176 31       		.uleb128 0x31
 1343 0177 13       		.uleb128 0x13
 1344 0178 00       		.byte	0
 1345 0179 00       		.byte	0
 1346 017a 1E       		.uleb128 0x1e
 1347 017b 2E       		.uleb128 0x2e
 1348 017c 00       		.byte	0
 1349 017d 3F       		.uleb128 0x3f
 1350 017e 19       		.uleb128 0x19
 1351 017f 3C       		.uleb128 0x3c
 1352 0180 19       		.uleb128 0x19
 1353 0181 6E       		.uleb128 0x6e
 1354 0182 0E       		.uleb128 0xe
 1355 0183 03       		.uleb128 0x3
 1356 0184 0E       		.uleb128 0xe
 1357 0185 00       		.byte	0
 1358 0186 00       		.byte	0
 1359 0187 1F       		.uleb128 0x1f
 1360 0188 2E       		.uleb128 0x2e
 1361 0189 00       		.byte	0
 1362 018a 3F       		.uleb128 0x3f
 1363 018b 19       		.uleb128 0x19
 1364 018c 3C       		.uleb128 0x3c
 1365 018d 19       		.uleb128 0x19
 1366 018e 6E       		.uleb128 0x6e
 1367 018f 0E       		.uleb128 0xe
 1368 0190 03       		.uleb128 0x3
 1369 0191 0E       		.uleb128 0xe
 1370 0192 3A       		.uleb128 0x3a
 1371 0193 0B       		.uleb128 0xb
 1372 0194 3B       		.uleb128 0x3b
 1373 0195 0B       		.uleb128 0xb
 1374 0196 00       		.byte	0
 1375 0197 00       		.byte	0
 1376 0198 00       		.byte	0
 1377              		.section	.debug_loc,"",%progbits
 1378              	.Ldebug_loc0:
ARM GAS  C:\Users\oggih\AppData\Local\Temp\ccLQDdKH.s 			page 33


 1379              	.LLST0:
 1380 0000 02000000 		.4byte	.LVL1
 1381 0004 08000000 		.4byte	.LVL2
 1382 0008 0200     		.2byte	0x2
 1383 000a 30       		.byte	0x30
 1384 000b 9F       		.byte	0x9f
 1385 000c 08000000 		.4byte	.LVL2
 1386 0010 30000000 		.4byte	.LVL11
 1387 0014 0100     		.2byte	0x1
 1388 0016 57       		.byte	0x57
 1389 0017 00000000 		.4byte	0
 1390 001b 00000000 		.4byte	0
 1391              	.LLST1:
 1392 001f 02000000 		.4byte	.LVL1
 1393 0023 08000000 		.4byte	.LVL2
 1394 0027 0200     		.2byte	0x2
 1395 0029 30       		.byte	0x30
 1396 002a 9F       		.byte	0x9f
 1397 002b 08000000 		.4byte	.LVL2
 1398 002f 30000000 		.4byte	.LVL10
 1399 0033 0100     		.2byte	0x1
 1400 0035 55       		.byte	0x55
 1401 0036 00000000 		.4byte	0
 1402 003a 00000000 		.4byte	0
 1403              	.LLST2:
 1404 003e 0C000000 		.4byte	.LVL3
 1405 0042 2C000000 		.4byte	.LVL9
 1406 0046 0100     		.2byte	0x1
 1407 0048 56       		.byte	0x56
 1408 0049 00000000 		.4byte	0
 1409 004d 00000000 		.4byte	0
 1410              	.LLST3:
 1411 0051 0E000000 		.4byte	.LVL4
 1412 0055 24000000 		.4byte	.LVL7
 1413 0059 0100     		.2byte	0x1
 1414 005b 53       		.byte	0x53
 1415 005c 26000000 		.4byte	.LVL8
 1416 0060 2C000000 		.4byte	.LVL9
 1417 0064 0100     		.2byte	0x1
 1418 0066 53       		.byte	0x53
 1419 0067 00000000 		.4byte	0
 1420 006b 00000000 		.4byte	0
 1421              	.LLST4:
 1422 006f 00000000 		.4byte	.LVL12
 1423 0073 09000000 		.4byte	.LVL14-1
 1424 0077 0100     		.2byte	0x1
 1425 0079 50       		.byte	0x50
 1426 007a 09000000 		.4byte	.LVL14-1
 1427 007e 0C000000 		.4byte	.LFE0
 1428 0082 0400     		.2byte	0x4
 1429 0084 F3       		.byte	0xf3
 1430 0085 01       		.uleb128 0x1
 1431 0086 50       		.byte	0x50
 1432 0087 9F       		.byte	0x9f
 1433 0088 00000000 		.4byte	0
 1434 008c 00000000 		.4byte	0
 1435              	.LLST5:
ARM GAS  C:\Users\oggih\AppData\Local\Temp\ccLQDdKH.s 			page 34


 1436 0090 00000000 		.4byte	.LVL12
 1437 0094 06000000 		.4byte	.LVL13
 1438 0098 0100     		.2byte	0x1
 1439 009a 51       		.byte	0x51
 1440 009b 06000000 		.4byte	.LVL13
 1441 009f 09000000 		.4byte	.LVL14-1
 1442 00a3 0100     		.2byte	0x1
 1443 00a5 52       		.byte	0x52
 1444 00a6 09000000 		.4byte	.LVL14-1
 1445 00aa 0C000000 		.4byte	.LFE0
 1446 00ae 0400     		.2byte	0x4
 1447 00b0 F3       		.byte	0xf3
 1448 00b1 01       		.uleb128 0x1
 1449 00b2 51       		.byte	0x51
 1450 00b3 9F       		.byte	0x9f
 1451 00b4 00000000 		.4byte	0
 1452 00b8 00000000 		.4byte	0
 1453              	.LLST6:
 1454 00bc 66000000 		.4byte	.LVL18
 1455 00c0 6A000000 		.4byte	.LVL19
 1456 00c4 0200     		.2byte	0x2
 1457 00c6 30       		.byte	0x30
 1458 00c7 9F       		.byte	0x9f
 1459 00c8 6A000000 		.4byte	.LVL19
 1460 00cc 88000000 		.4byte	.LVL21
 1461 00d0 0100     		.2byte	0x1
 1462 00d2 54       		.byte	0x54
 1463 00d3 8A000000 		.4byte	.LVL22
 1464 00d7 E8000000 		.4byte	.LVL25
 1465 00db 0100     		.2byte	0x1
 1466 00dd 54       		.byte	0x54
 1467 00de 00000000 		.4byte	0
 1468 00e2 00000000 		.4byte	0
 1469              	.LLST7:
 1470 00e6 6A000000 		.4byte	.LVL19
 1471 00ea 88000000 		.4byte	.LVL21
 1472 00ee 0B00     		.2byte	0xb
 1473 00f0 74       		.byte	0x74
 1474 00f1 00       		.sleb128 0
 1475 00f2 36       		.byte	0x36
 1476 00f3 1E       		.byte	0x1e
 1477 00f4 03       		.byte	0x3
 1478 00f5 00000000 		.4byte	cfg_memset_list.4870
 1479 00f9 22       		.byte	0x22
 1480 00fa 9F       		.byte	0x9f
 1481 00fb 88000000 		.4byte	.LVL21
 1482 00ff 8A000000 		.4byte	.LVL22
 1483 0103 0B00     		.2byte	0xb
 1484 0105 74       		.byte	0x74
 1485 0106 7F       		.sleb128 -1
 1486 0107 36       		.byte	0x36
 1487 0108 1E       		.byte	0x1e
 1488 0109 03       		.byte	0x3
 1489 010a 00000000 		.4byte	cfg_memset_list.4870
 1490 010e 22       		.byte	0x22
 1491 010f 9F       		.byte	0x9f
 1492 0110 00000000 		.4byte	0
ARM GAS  C:\Users\oggih\AppData\Local\Temp\ccLQDdKH.s 			page 35


 1493 0114 00000000 		.4byte	0
 1494              		.section	.debug_aranges,"",%progbits
 1495 0000 34000000 		.4byte	0x34
 1496 0004 0200     		.2byte	0x2
 1497 0006 00000000 		.4byte	.Ldebug_info0
 1498 000a 04       		.byte	0x4
 1499 000b 00       		.byte	0
 1500 000c 0000     		.2byte	0
 1501 000e 0000     		.2byte	0
 1502 0010 00000000 		.4byte	.LFB3
 1503 0014 32000000 		.4byte	.LFE3-.LFB3
 1504 0018 00000000 		.4byte	.LFB0
 1505 001c 0C000000 		.4byte	.LFE0-.LFB0
 1506 0020 00000000 		.4byte	.LFB4
 1507 0024 5C000000 		.4byte	.LFE4-.LFB4
 1508 0028 5C000000 		.4byte	.LFB6
 1509 002c C4000000 		.4byte	.LFE6-.LFB6
 1510 0030 00000000 		.4byte	0
 1511 0034 00000000 		.4byte	0
 1512              		.section	.debug_ranges,"",%progbits
 1513              	.Ldebug_ranges0:
 1514 0000 00000000 		.4byte	.LFB3
 1515 0004 32000000 		.4byte	.LFE3
 1516 0008 00000000 		.4byte	.LFB0
 1517 000c 0C000000 		.4byte	.LFE0
 1518 0010 00000000 		.4byte	.LFB4
 1519 0014 5C000000 		.4byte	.LFE4
 1520 0018 5C000000 		.4byte	.LFB6
 1521 001c 20010000 		.4byte	.LFE6
 1522 0020 00000000 		.4byte	0
 1523 0024 00000000 		.4byte	0
 1524              		.section	.debug_line,"",%progbits
 1525              	.Ldebug_line0:
 1526 0000 57010000 		.section	.debug_str,"MS",%progbits,1
 1526      0200D600 
 1526      00000201 
 1526      FB0E0D00 
 1526      01010101 
 1527              	.LASF19:
 1528 0000 72656733 		.ascii	"reg32\000"
 1528      3200
 1529              	.LASF12:
 1530 0006 73697A65 		.ascii	"size_t\000"
 1530      5F7400
 1531              	.LASF37:
 1532 000d 4379496E 		.ascii	"CyIntSetVector\000"
 1532      74536574 
 1532      56656374 
 1532      6F7200
 1533              	.LASF21:
 1534 001c 76616C75 		.ascii	"value\000"
 1534      6500
 1535              	.LASF26:
 1536 0022 636F756E 		.ascii	"count\000"
 1536      7400
 1537              	.LASF29:
 1538 0028 436C6F63 		.ascii	"ClockSetup\000"
ARM GAS  C:\Users\oggih\AppData\Local\Temp\ccLQDdKH.s 			page 36


 1538      6B536574 
 1538      757000
 1539              	.LASF30:
 1540 0033 63795F63 		.ascii	"cy_cfg_addr_table\000"
 1540      66675F61 
 1540      6464725F 
 1540      7461626C 
 1540      6500
 1541              	.LASF31:
 1542 0045 63795F63 		.ascii	"cy_cfg_data_table\000"
 1542      66675F64 
 1542      6174615F 
 1542      7461626C 
 1542      6500
 1543              	.LASF41:
 1544 0057 433A5C55 		.ascii	"C:\\Users\\oggih\\OneDrive\\Documents\\PSoC Creator"
 1544      73657273 
 1544      5C6F6767 
 1544      69685C4F 
 1544      6E654472 
 1545 0085 5C4C525C 		.ascii	"\\LR\\LR3.cydsn\000"
 1545      4C52332E 
 1545      63796473 
 1545      6E00
 1546              	.LASF16:
 1547 0093 666C6F61 		.ascii	"float\000"
 1547      7400
 1548              	.LASF35:
 1549 0099 6366675F 		.ascii	"cfg_memset_list\000"
 1549      6D656D73 
 1549      65745F6C 
 1549      69737400 
 1550              	.LASF33:
 1551 00a9 73697A65 		.ascii	"size\000"
 1551      00
 1552              	.LASF18:
 1553 00ae 72656738 		.ascii	"reg8\000"
 1553      00
 1554              	.LASF8:
 1555 00b3 6C6F6E67 		.ascii	"long unsigned int\000"
 1555      20756E73 
 1555      69676E65 
 1555      6420696E 
 1555      7400
 1556              	.LASF13:
 1557 00c5 75696E74 		.ascii	"uint8\000"
 1557      3800
 1558              	.LASF28:
 1559 00cb 43594D45 		.ascii	"CYMEMZERO\000"
 1559      4D5A4552 
 1559      4F00
 1560              	.LASF4:
 1561 00d5 756E7369 		.ascii	"unsigned char\000"
 1561      676E6564 
 1561      20636861 
 1561      7200
 1562              	.LASF43:
ARM GAS  C:\Users\oggih\AppData\Local\Temp\ccLQDdKH.s 			page 37


 1563 00e3 6D656D73 		.ascii	"memset\000"
 1563      657400
 1564              	.LASF17:
 1565 00ea 646F7562 		.ascii	"double\000"
 1565      6C6500
 1566              	.LASF27:
 1567 00f1 6366675F 		.ascii	"cfg_write_bytes32\000"
 1567      77726974 
 1567      655F6279 
 1567      74657333 
 1567      3200
 1568              	.LASF38:
 1569 0103 4379496E 		.ascii	"CyIntEnable\000"
 1569      74456E61 
 1569      626C6500 
 1570              	.LASF23:
 1571 010f 61646472 		.ascii	"addr_table\000"
 1571      5F746162 
 1571      6C6500
 1572              	.LASF14:
 1573 011a 75696E74 		.ascii	"uint16\000"
 1573      313600
 1574              	.LASF24:
 1575 0121 64617461 		.ascii	"data_table\000"
 1575      5F746162 
 1575      6C6500
 1576              	.LASF15:
 1577 012c 75696E74 		.ascii	"uint32\000"
 1577      333200
 1578              	.LASF0:
 1579 0133 756E7369 		.ascii	"unsigned int\000"
 1579      676E6564 
 1579      20696E74 
 1579      00
 1580              	.LASF42:
 1581 0140 63796669 		.ascii	"cyfitter_cfg\000"
 1581      74746572 
 1581      5F636667 
 1581      00
 1582              	.LASF32:
 1583 014d 61646472 		.ascii	"address\000"
 1583      65737300 
 1584              	.LASF9:
 1585 0155 6C6F6E67 		.ascii	"long long unsigned int\000"
 1585      206C6F6E 
 1585      6720756E 
 1585      7369676E 
 1585      65642069 
 1586              	.LASF39:
 1587 016c 474E5520 		.ascii	"GNU C11 5.4.1 20160609 (release) [ARM/embedded-5-br"
 1587      43313120 
 1587      352E342E 
 1587      31203230 
 1587      31363036 
 1588 019f 616E6368 		.ascii	"anch revision 237715] -mcpu=cortex-m0 -mthumb -g -O"
 1588      20726576 
 1588      6973696F 
ARM GAS  C:\Users\oggih\AppData\Local\Temp\ccLQDdKH.s 			page 38


 1588      6E203233 
 1588      37373135 
 1589 01d2 67202D66 		.ascii	"g -ffunction-sections -ffat-lto-objects\000"
 1589      66756E63 
 1589      74696F6E 
 1589      2D736563 
 1589      74696F6E 
 1590              	.LASF34:
 1591 01fa 6366675F 		.ascii	"cfg_memset_t\000"
 1591      6D656D73 
 1591      65745F74 
 1591      00
 1592              	.LASF25:
 1593 0207 62617365 		.ascii	"baseAddr\000"
 1593      41646472 
 1593      00
 1594              	.LASF10:
 1595 0210 73697A65 		.ascii	"sizetype\000"
 1595      74797065 
 1595      00
 1596              	.LASF6:
 1597 0219 73686F72 		.ascii	"short unsigned int\000"
 1597      7420756E 
 1597      7369676E 
 1597      65642069 
 1597      6E7400
 1598              	.LASF1:
 1599 022c 6C6F6E67 		.ascii	"long long int\000"
 1599      206C6F6E 
 1599      6720696E 
 1599      7400
 1600              	.LASF11:
 1601 023a 63686172 		.ascii	"char\000"
 1601      00
 1602              	.LASF22:
 1603 023f 63795F63 		.ascii	"cy_cfg_addrvalue_t\000"
 1603      66675F61 
 1603      64647276 
 1603      616C7565 
 1603      5F7400
 1604              	.LASF20:
 1605 0252 6F666673 		.ascii	"offset\000"
 1605      657400
 1606              	.LASF5:
 1607 0259 73686F72 		.ascii	"short int\000"
 1607      7420696E 
 1607      7400
 1608              	.LASF36:
 1609 0263 43795379 		.ascii	"CySysClkWriteImoFreq\000"
 1609      73436C6B 
 1609      57726974 
 1609      65496D6F 
 1609      46726571 
 1610              	.LASF7:
 1611 0278 6C6F6E67 		.ascii	"long int\000"
 1611      20696E74 
 1611      00
ARM GAS  C:\Users\oggih\AppData\Local\Temp\ccLQDdKH.s 			page 39


 1612              	.LASF2:
 1613 0281 6C6F6E67 		.ascii	"long double\000"
 1613      20646F75 
 1613      626C6500 
 1614              	.LASF3:
 1615 028d 7369676E 		.ascii	"signed char\000"
 1615      65642063 
 1615      68617200 
 1616              	.LASF40:
 1617 0299 47656E65 		.ascii	"Generated_Source\\PSoC4\\cyfitter_cfg.c\000"
 1617      72617465 
 1617      645F536F 
 1617      75726365 
 1617      5C50536F 
 1618              		.ident	"GCC: (GNU Tools for ARM Embedded Processors) 5.4.1 20160609 (release) [ARM/embedded-5-bran
