ARM GAS  C:\Users\oggih\AppData\Local\Temp\ccDvwuvo.s 			page 1


   1              		.syntax unified
   2              		.cpu cortex-m0
   3              		.fpu softvfp
   4              		.eabi_attribute 20, 1
   5              		.eabi_attribute 21, 1
   6              		.eabi_attribute 23, 3
   7              		.eabi_attribute 24, 1
   8              		.eabi_attribute 25, 1
   9              		.eabi_attribute 26, 1
  10              		.eabi_attribute 30, 1
  11              		.eabi_attribute 34, 0
  12              		.eabi_attribute 18, 4
  13              		.thumb
  14              		.syntax unified
  15              		.file	"cyfitter_cfg.c"
  16              		.text
  17              	.Ltext0:
  18              		.cfi_sections	.debug_frame
  19              		.section	.text.cfg_write_bytes32,"ax",%progbits
  20              		.align	2
  21              		.code	16
  22              		.thumb_func
  23              		.type	cfg_write_bytes32, %function
  24              	cfg_write_bytes32:
  25              	.LFB3:
  26              		.file 1 "Generated_Source\\PSoC4\\cyfitter_cfg.c"
   1:Generated_Source\PSoC4/cyfitter_cfg.c **** 
   2:Generated_Source\PSoC4/cyfitter_cfg.c **** /*******************************************************************************
   3:Generated_Source\PSoC4/cyfitter_cfg.c **** * File Name: cyfitter_cfg.c
   4:Generated_Source\PSoC4/cyfitter_cfg.c **** * 
   5:Generated_Source\PSoC4/cyfitter_cfg.c **** * PSoC Creator  4.4
   6:Generated_Source\PSoC4/cyfitter_cfg.c **** *
   7:Generated_Source\PSoC4/cyfitter_cfg.c **** * Description:
   8:Generated_Source\PSoC4/cyfitter_cfg.c **** * This file contains device initialization code.
   9:Generated_Source\PSoC4/cyfitter_cfg.c **** * Except for the user defined sections in CyClockStartupError(), this file should not be modified.
  10:Generated_Source\PSoC4/cyfitter_cfg.c **** * This file is automatically generated by PSoC Creator.
  11:Generated_Source\PSoC4/cyfitter_cfg.c **** *
  12:Generated_Source\PSoC4/cyfitter_cfg.c **** ********************************************************************************
  13:Generated_Source\PSoC4/cyfitter_cfg.c **** * Copyright (c) 2007-2020 Cypress Semiconductor.  All rights reserved.
  14:Generated_Source\PSoC4/cyfitter_cfg.c **** * You may use this file only in accordance with the license, terms, conditions, 
  15:Generated_Source\PSoC4/cyfitter_cfg.c **** * disclaimers, and limitations in the end user license agreement accompanying 
  16:Generated_Source\PSoC4/cyfitter_cfg.c **** * the software package with which this file was provided.
  17:Generated_Source\PSoC4/cyfitter_cfg.c **** ********************************************************************************/
  18:Generated_Source\PSoC4/cyfitter_cfg.c **** 
  19:Generated_Source\PSoC4/cyfitter_cfg.c **** #include <string.h>
  20:Generated_Source\PSoC4/cyfitter_cfg.c **** #include "cytypes.h"
  21:Generated_Source\PSoC4/cyfitter_cfg.c **** #include "cydevice_trm.h"
  22:Generated_Source\PSoC4/cyfitter_cfg.c **** #include "cyfitter.h"
  23:Generated_Source\PSoC4/cyfitter_cfg.c **** #include "CyLib.h"
  24:Generated_Source\PSoC4/cyfitter_cfg.c **** #include "CyLFClk.h"
  25:Generated_Source\PSoC4/cyfitter_cfg.c **** #include "cyfitter_cfg.h"
  26:Generated_Source\PSoC4/cyfitter_cfg.c **** #include "cyapicallbacks.h"
  27:Generated_Source\PSoC4/cyfitter_cfg.c **** 
  28:Generated_Source\PSoC4/cyfitter_cfg.c **** 
  29:Generated_Source\PSoC4/cyfitter_cfg.c **** #if defined(__GNUC__) || defined(__ARMCC_VERSION)
  30:Generated_Source\PSoC4/cyfitter_cfg.c ****     #define CYPACKED 
  31:Generated_Source\PSoC4/cyfitter_cfg.c ****     #define CYPACKED_ATTR __attribute__ ((packed))
ARM GAS  C:\Users\oggih\AppData\Local\Temp\ccDvwuvo.s 			page 2


  32:Generated_Source\PSoC4/cyfitter_cfg.c ****     #define CYALIGNED __attribute__ ((aligned))
  33:Generated_Source\PSoC4/cyfitter_cfg.c ****     #define CY_CFG_UNUSED __attribute__ ((unused))
  34:Generated_Source\PSoC4/cyfitter_cfg.c ****     #ifndef CY_CFG_SECTION
  35:Generated_Source\PSoC4/cyfitter_cfg.c ****         #define CY_CFG_SECTION __attribute__ ((section(".psocinit")))
  36:Generated_Source\PSoC4/cyfitter_cfg.c ****     #endif
  37:Generated_Source\PSoC4/cyfitter_cfg.c ****     
  38:Generated_Source\PSoC4/cyfitter_cfg.c ****     #if defined(__ARMCC_VERSION)
  39:Generated_Source\PSoC4/cyfitter_cfg.c ****         #define CY_CFG_MEMORY_BARRIER() __memory_changed()
  40:Generated_Source\PSoC4/cyfitter_cfg.c ****     #else
  41:Generated_Source\PSoC4/cyfitter_cfg.c ****         #define CY_CFG_MEMORY_BARRIER() __sync_synchronize()
  42:Generated_Source\PSoC4/cyfitter_cfg.c ****     #endif
  43:Generated_Source\PSoC4/cyfitter_cfg.c ****     
  44:Generated_Source\PSoC4/cyfitter_cfg.c **** #elif defined(__ICCARM__)
  45:Generated_Source\PSoC4/cyfitter_cfg.c ****     #include <intrinsics.h>
  46:Generated_Source\PSoC4/cyfitter_cfg.c **** 
  47:Generated_Source\PSoC4/cyfitter_cfg.c ****     #define CYPACKED __packed
  48:Generated_Source\PSoC4/cyfitter_cfg.c ****     #define CYPACKED_ATTR 
  49:Generated_Source\PSoC4/cyfitter_cfg.c ****     #define CYALIGNED _Pragma("data_alignment=4")
  50:Generated_Source\PSoC4/cyfitter_cfg.c ****     #define CY_CFG_UNUSED _Pragma("diag_suppress=Pe177")
  51:Generated_Source\PSoC4/cyfitter_cfg.c ****     #define CY_CFG_SECTION _Pragma("location=\".psocinit\"")
  52:Generated_Source\PSoC4/cyfitter_cfg.c ****     
  53:Generated_Source\PSoC4/cyfitter_cfg.c ****     #define CY_CFG_MEMORY_BARRIER() __DMB()
  54:Generated_Source\PSoC4/cyfitter_cfg.c ****     
  55:Generated_Source\PSoC4/cyfitter_cfg.c **** #else
  56:Generated_Source\PSoC4/cyfitter_cfg.c ****     #error Unsupported toolchain
  57:Generated_Source\PSoC4/cyfitter_cfg.c **** #endif
  58:Generated_Source\PSoC4/cyfitter_cfg.c **** 
  59:Generated_Source\PSoC4/cyfitter_cfg.c **** #ifndef CYCODE
  60:Generated_Source\PSoC4/cyfitter_cfg.c ****     #define CYCODE
  61:Generated_Source\PSoC4/cyfitter_cfg.c **** #endif
  62:Generated_Source\PSoC4/cyfitter_cfg.c **** #ifndef CYDATA
  63:Generated_Source\PSoC4/cyfitter_cfg.c ****     #define CYDATA
  64:Generated_Source\PSoC4/cyfitter_cfg.c **** #endif
  65:Generated_Source\PSoC4/cyfitter_cfg.c **** #ifndef CYFAR
  66:Generated_Source\PSoC4/cyfitter_cfg.c ****     #define CYFAR
  67:Generated_Source\PSoC4/cyfitter_cfg.c **** #endif
  68:Generated_Source\PSoC4/cyfitter_cfg.c **** #ifndef CYXDATA
  69:Generated_Source\PSoC4/cyfitter_cfg.c ****     #define CYXDATA
  70:Generated_Source\PSoC4/cyfitter_cfg.c **** #endif
  71:Generated_Source\PSoC4/cyfitter_cfg.c **** 
  72:Generated_Source\PSoC4/cyfitter_cfg.c **** 
  73:Generated_Source\PSoC4/cyfitter_cfg.c **** CY_CFG_UNUSED
  74:Generated_Source\PSoC4/cyfitter_cfg.c **** static void CYMEMZERO(void *s, size_t n);
  75:Generated_Source\PSoC4/cyfitter_cfg.c **** CY_CFG_UNUSED
  76:Generated_Source\PSoC4/cyfitter_cfg.c **** static void CYMEMZERO(void *s, size_t n)
  77:Generated_Source\PSoC4/cyfitter_cfg.c **** {
  78:Generated_Source\PSoC4/cyfitter_cfg.c **** 	(void)memset(s, 0, n);
  79:Generated_Source\PSoC4/cyfitter_cfg.c **** }
  80:Generated_Source\PSoC4/cyfitter_cfg.c **** CY_CFG_UNUSED
  81:Generated_Source\PSoC4/cyfitter_cfg.c **** static void CYCONFIGCPY(void *dest, const void *src, size_t n);
  82:Generated_Source\PSoC4/cyfitter_cfg.c **** CY_CFG_UNUSED
  83:Generated_Source\PSoC4/cyfitter_cfg.c **** static void CYCONFIGCPY(void *dest, const void *src, size_t n)
  84:Generated_Source\PSoC4/cyfitter_cfg.c **** {
  85:Generated_Source\PSoC4/cyfitter_cfg.c **** 	(void)memcpy(dest, src, n);
  86:Generated_Source\PSoC4/cyfitter_cfg.c **** }
  87:Generated_Source\PSoC4/cyfitter_cfg.c **** CY_CFG_UNUSED
  88:Generated_Source\PSoC4/cyfitter_cfg.c **** static void CYCONFIGCPYCODE(void *dest, const void *src, size_t n);
ARM GAS  C:\Users\oggih\AppData\Local\Temp\ccDvwuvo.s 			page 3


  89:Generated_Source\PSoC4/cyfitter_cfg.c **** CY_CFG_UNUSED
  90:Generated_Source\PSoC4/cyfitter_cfg.c **** static void CYCONFIGCPYCODE(void *dest, const void *src, size_t n)
  91:Generated_Source\PSoC4/cyfitter_cfg.c **** {
  92:Generated_Source\PSoC4/cyfitter_cfg.c **** 	(void)memcpy(dest, src, n);
  93:Generated_Source\PSoC4/cyfitter_cfg.c **** }
  94:Generated_Source\PSoC4/cyfitter_cfg.c **** 
  95:Generated_Source\PSoC4/cyfitter_cfg.c **** 
  96:Generated_Source\PSoC4/cyfitter_cfg.c **** 
  97:Generated_Source\PSoC4/cyfitter_cfg.c **** 
  98:Generated_Source\PSoC4/cyfitter_cfg.c **** /* Clock startup error codes                                                   */
  99:Generated_Source\PSoC4/cyfitter_cfg.c **** #define CYCLOCKSTART_NO_ERROR    0u
 100:Generated_Source\PSoC4/cyfitter_cfg.c **** #define CYCLOCKSTART_XTAL_ERROR  1u
 101:Generated_Source\PSoC4/cyfitter_cfg.c **** #define CYCLOCKSTART_32KHZ_ERROR 2u
 102:Generated_Source\PSoC4/cyfitter_cfg.c **** #define CYCLOCKSTART_PLL_ERROR   3u
 103:Generated_Source\PSoC4/cyfitter_cfg.c **** #define CYCLOCKSTART_FLL_ERROR   4u
 104:Generated_Source\PSoC4/cyfitter_cfg.c **** #define CYCLOCKSTART_WCO_ERROR   5u
 105:Generated_Source\PSoC4/cyfitter_cfg.c **** 
 106:Generated_Source\PSoC4/cyfitter_cfg.c **** 
 107:Generated_Source\PSoC4/cyfitter_cfg.c **** #ifdef CY_NEED_CYCLOCKSTARTUPERROR
 108:Generated_Source\PSoC4/cyfitter_cfg.c **** /*******************************************************************************
 109:Generated_Source\PSoC4/cyfitter_cfg.c **** * Function Name: CyClockStartupError
 110:Generated_Source\PSoC4/cyfitter_cfg.c **** ********************************************************************************
 111:Generated_Source\PSoC4/cyfitter_cfg.c **** * Summary:
 112:Generated_Source\PSoC4/cyfitter_cfg.c **** *  If an error is encountered during clock configuration (crystal startup error,
 113:Generated_Source\PSoC4/cyfitter_cfg.c **** *  PLL lock error, etc.), the system will end up here.  Unless reimplemented by
 114:Generated_Source\PSoC4/cyfitter_cfg.c **** *  the customer, this function will stop in an infinite loop.
 115:Generated_Source\PSoC4/cyfitter_cfg.c **** *
 116:Generated_Source\PSoC4/cyfitter_cfg.c **** * Parameters:
 117:Generated_Source\PSoC4/cyfitter_cfg.c **** *   void
 118:Generated_Source\PSoC4/cyfitter_cfg.c **** *
 119:Generated_Source\PSoC4/cyfitter_cfg.c **** * Return:
 120:Generated_Source\PSoC4/cyfitter_cfg.c **** *   void
 121:Generated_Source\PSoC4/cyfitter_cfg.c **** *
 122:Generated_Source\PSoC4/cyfitter_cfg.c **** *******************************************************************************/
 123:Generated_Source\PSoC4/cyfitter_cfg.c **** CY_CFG_UNUSED
 124:Generated_Source\PSoC4/cyfitter_cfg.c **** static void CyClockStartupError(uint8 errorCode);
 125:Generated_Source\PSoC4/cyfitter_cfg.c **** CY_CFG_UNUSED
 126:Generated_Source\PSoC4/cyfitter_cfg.c **** static void CyClockStartupError(uint8 errorCode)
 127:Generated_Source\PSoC4/cyfitter_cfg.c **** {
 128:Generated_Source\PSoC4/cyfitter_cfg.c ****     /* To remove the compiler warning if errorCode not used.                */
 129:Generated_Source\PSoC4/cyfitter_cfg.c ****     errorCode = errorCode;
 130:Generated_Source\PSoC4/cyfitter_cfg.c **** 
 131:Generated_Source\PSoC4/cyfitter_cfg.c ****     /* If we have a clock startup error (bad MHz crystal, PLL lock, etc.),  */
 132:Generated_Source\PSoC4/cyfitter_cfg.c ****     /* we will end up here to allow the customer to implement something to  */
 133:Generated_Source\PSoC4/cyfitter_cfg.c ****     /* deal with the clock condition.                                       */
 134:Generated_Source\PSoC4/cyfitter_cfg.c **** 
 135:Generated_Source\PSoC4/cyfitter_cfg.c **** #ifdef CY_CFG_CLOCK_STARTUP_ERROR_CALLBACK
 136:Generated_Source\PSoC4/cyfitter_cfg.c ****     CY_CFG_Clock_Startup_ErrorCallback();
 137:Generated_Source\PSoC4/cyfitter_cfg.c **** #else
 138:Generated_Source\PSoC4/cyfitter_cfg.c ****     /*  If not using CY_CFG_CLOCK_STARTUP_ERROR_CALLBACK, place your clock startup code here. */
 139:Generated_Source\PSoC4/cyfitter_cfg.c ****     /* `#START CyClockStartupError` */
 140:Generated_Source\PSoC4/cyfitter_cfg.c **** 
 141:Generated_Source\PSoC4/cyfitter_cfg.c **** 
 142:Generated_Source\PSoC4/cyfitter_cfg.c **** 
 143:Generated_Source\PSoC4/cyfitter_cfg.c ****     /* `#END` */
 144:Generated_Source\PSoC4/cyfitter_cfg.c **** 
 145:Generated_Source\PSoC4/cyfitter_cfg.c ****     while(1) {}
ARM GAS  C:\Users\oggih\AppData\Local\Temp\ccDvwuvo.s 			page 4


 146:Generated_Source\PSoC4/cyfitter_cfg.c **** #endif /* CY_CFG_CLOCK_STARTUP_ERROR_CALLBACK */
 147:Generated_Source\PSoC4/cyfitter_cfg.c **** }
 148:Generated_Source\PSoC4/cyfitter_cfg.c **** #endif
 149:Generated_Source\PSoC4/cyfitter_cfg.c **** 
 150:Generated_Source\PSoC4/cyfitter_cfg.c **** #define CY_CFG_BASE_ADDR_COUNT 6u
 151:Generated_Source\PSoC4/cyfitter_cfg.c **** CYPACKED typedef struct
 152:Generated_Source\PSoC4/cyfitter_cfg.c **** {
 153:Generated_Source\PSoC4/cyfitter_cfg.c **** 	uint8 offset;
 154:Generated_Source\PSoC4/cyfitter_cfg.c **** 	uint8 value;
 155:Generated_Source\PSoC4/cyfitter_cfg.c **** } CYPACKED_ATTR cy_cfg_addrvalue_t;
 156:Generated_Source\PSoC4/cyfitter_cfg.c **** 
 157:Generated_Source\PSoC4/cyfitter_cfg.c **** 
 158:Generated_Source\PSoC4/cyfitter_cfg.c **** 
 159:Generated_Source\PSoC4/cyfitter_cfg.c **** /*******************************************************************************
 160:Generated_Source\PSoC4/cyfitter_cfg.c **** * Function Name: cfg_write_bytes32
 161:Generated_Source\PSoC4/cyfitter_cfg.c **** ********************************************************************************
 162:Generated_Source\PSoC4/cyfitter_cfg.c **** * Summary:
 163:Generated_Source\PSoC4/cyfitter_cfg.c **** *  This function is used for setting up the chip configuration areas that
 164:Generated_Source\PSoC4/cyfitter_cfg.c **** *  contain relatively sparse data.
 165:Generated_Source\PSoC4/cyfitter_cfg.c **** *
 166:Generated_Source\PSoC4/cyfitter_cfg.c **** * Parameters:
 167:Generated_Source\PSoC4/cyfitter_cfg.c **** *   void
 168:Generated_Source\PSoC4/cyfitter_cfg.c **** *
 169:Generated_Source\PSoC4/cyfitter_cfg.c **** * Return:
 170:Generated_Source\PSoC4/cyfitter_cfg.c **** *   void
 171:Generated_Source\PSoC4/cyfitter_cfg.c **** *
 172:Generated_Source\PSoC4/cyfitter_cfg.c **** *******************************************************************************/
 173:Generated_Source\PSoC4/cyfitter_cfg.c **** static void cfg_write_bytes32(const uint32 addr_table[], const cy_cfg_addrvalue_t data_table[]);
 174:Generated_Source\PSoC4/cyfitter_cfg.c **** static void cfg_write_bytes32(const uint32 addr_table[], const cy_cfg_addrvalue_t data_table[])
 175:Generated_Source\PSoC4/cyfitter_cfg.c **** {
  27              		.loc 1 175 0
  28              		.cfi_startproc
  29              		@ args = 0, pretend = 0, frame = 0
  30              		@ frame_needed = 0, uses_anonymous_args = 0
  31              	.LVL0:
  32 0000 F0B5     		push	{r4, r5, r6, r7, lr}
  33              		.cfi_def_cfa_offset 20
  34              		.cfi_offset 4, -20
  35              		.cfi_offset 5, -16
  36              		.cfi_offset 6, -12
  37              		.cfi_offset 7, -8
  38              		.cfi_offset 14, -4
  39              	.LVL1:
 176:Generated_Source\PSoC4/cyfitter_cfg.c **** 	/* For 32-bit little-endian architectures */
 177:Generated_Source\PSoC4/cyfitter_cfg.c **** 	uint32 i, j = 0u;
  40              		.loc 1 177 0
  41 0002 0025     		movs	r5, #0
 178:Generated_Source\PSoC4/cyfitter_cfg.c **** 	for (i = 0u; i < CY_CFG_BASE_ADDR_COUNT; i++)
  42              		.loc 1 178 0
  43 0004 0027     		movs	r7, #0
  44 0006 11E0     		b	.L2
  45              	.LVL2:
  46              	.L5:
  47              	.LBB2:
 179:Generated_Source\PSoC4/cyfitter_cfg.c **** 	{
 180:Generated_Source\PSoC4/cyfitter_cfg.c **** 		uint32 baseAddr = addr_table[i];
  48              		.loc 1 180 0
ARM GAS  C:\Users\oggih\AppData\Local\Temp\ccDvwuvo.s 			page 5


  49 0008 BB00     		lsls	r3, r7, #2
  50 000a C658     		ldr	r6, [r0, r3]
  51              	.LVL3:
 181:Generated_Source\PSoC4/cyfitter_cfg.c **** 		uint8 count = (uint8)baseAddr;
  52              		.loc 1 181 0
  53 000c F3B2     		uxtb	r3, r6
  54              	.LVL4:
 182:Generated_Source\PSoC4/cyfitter_cfg.c **** 		baseAddr &= 0xFFFFFF00u;
  55              		.loc 1 182 0
  56 000e FF22     		movs	r2, #255
  57 0010 9643     		bics	r6, r2
  58              	.LVL5:
 183:Generated_Source\PSoC4/cyfitter_cfg.c **** 		while (count != 0u)
  59              		.loc 1 183 0
  60 0012 08E0     		b	.L3
  61              	.L4:
 184:Generated_Source\PSoC4/cyfitter_cfg.c **** 		{
 185:Generated_Source\PSoC4/cyfitter_cfg.c **** 			CY_SET_REG8((void *)(baseAddr + data_table[j].offset), data_table[j].value);
  62              		.loc 1 185 0
  63 0014 6A00     		lsls	r2, r5, #1
  64 0016 8A18     		adds	r2, r1, r2
  65 0018 1478     		ldrb	r4, [r2]
  66 001a A419     		adds	r4, r4, r6
  67 001c 5278     		ldrb	r2, [r2, #1]
  68 001e 2270     		strb	r2, [r4]
 186:Generated_Source\PSoC4/cyfitter_cfg.c **** 			j++;
  69              		.loc 1 186 0
  70 0020 0135     		adds	r5, r5, #1
  71              	.LVL6:
 187:Generated_Source\PSoC4/cyfitter_cfg.c **** 			count--;
  72              		.loc 1 187 0
  73 0022 013B     		subs	r3, r3, #1
  74              	.LVL7:
  75 0024 DBB2     		uxtb	r3, r3
  76              	.LVL8:
  77              	.L3:
 183:Generated_Source\PSoC4/cyfitter_cfg.c **** 		{
  78              		.loc 1 183 0
  79 0026 002B     		cmp	r3, #0
  80 0028 F4D1     		bne	.L4
  81              	.LBE2:
 178:Generated_Source\PSoC4/cyfitter_cfg.c **** 	{
  82              		.loc 1 178 0 discriminator 2
  83 002a 0137     		adds	r7, r7, #1
  84              	.LVL9:
  85              	.L2:
 178:Generated_Source\PSoC4/cyfitter_cfg.c **** 	{
  86              		.loc 1 178 0 is_stmt 0 discriminator 1
  87 002c 052F     		cmp	r7, #5
  88 002e EBD9     		bls	.L5
 188:Generated_Source\PSoC4/cyfitter_cfg.c **** 		}
 189:Generated_Source\PSoC4/cyfitter_cfg.c **** 	}
 190:Generated_Source\PSoC4/cyfitter_cfg.c **** }
  89              		.loc 1 190 0 is_stmt 1
  90              		@ sp needed
  91              	.LVL10:
  92              	.LVL11:
ARM GAS  C:\Users\oggih\AppData\Local\Temp\ccDvwuvo.s 			page 6


  93 0030 F0BD     		pop	{r4, r5, r6, r7, pc}
  94              		.cfi_endproc
  95              	.LFE3:
  96              		.size	cfg_write_bytes32, .-cfg_write_bytes32
  97 0032 C046     		.section	.text.CYMEMZERO,"ax",%progbits
  98              		.align	2
  99              		.code	16
 100              		.thumb_func
 101              		.type	CYMEMZERO, %function
 102              	CYMEMZERO:
 103              	.LFB0:
  77:Generated_Source\PSoC4/cyfitter_cfg.c **** 	(void)memset(s, 0, n);
 104              		.loc 1 77 0
 105              		.cfi_startproc
 106              		@ args = 0, pretend = 0, frame = 0
 107              		@ frame_needed = 0, uses_anonymous_args = 0
 108              	.LVL12:
 109 0000 10B5     		push	{r4, lr}
 110              		.cfi_def_cfa_offset 8
 111              		.cfi_offset 4, -8
 112              		.cfi_offset 14, -4
 113 0002 0A00     		movs	r2, r1
  78:Generated_Source\PSoC4/cyfitter_cfg.c **** }
 114              		.loc 1 78 0
 115 0004 0021     		movs	r1, #0
 116              	.LVL13:
 117 0006 FFF7FEFF 		bl	memset
 118              	.LVL14:
  79:Generated_Source\PSoC4/cyfitter_cfg.c **** CY_CFG_UNUSED
 119              		.loc 1 79 0
 120              		@ sp needed
 121 000a 10BD     		pop	{r4, pc}
 122              		.cfi_endproc
 123              	.LFE0:
 124              		.size	CYMEMZERO, .-CYMEMZERO
 125              		.section	.psocinit,"ax",%progbits
 126              		.align	2
 127              		.code	16
 128              		.thumb_func
 129              		.type	ClockSetup, %function
 130              	ClockSetup:
 131              	.LFB4:
 191:Generated_Source\PSoC4/cyfitter_cfg.c **** 
 192:Generated_Source\PSoC4/cyfitter_cfg.c **** 
 193:Generated_Source\PSoC4/cyfitter_cfg.c **** /*******************************************************************************
 194:Generated_Source\PSoC4/cyfitter_cfg.c **** * Function Name: ClockSetup
 195:Generated_Source\PSoC4/cyfitter_cfg.c **** ********************************************************************************
 196:Generated_Source\PSoC4/cyfitter_cfg.c **** *
 197:Generated_Source\PSoC4/cyfitter_cfg.c **** * Summary:
 198:Generated_Source\PSoC4/cyfitter_cfg.c **** *   Performs the initialization of all of the clocks in the device based on the
 199:Generated_Source\PSoC4/cyfitter_cfg.c **** *   settings in the Clock tab of the DWR.  This includes enabling the requested
 200:Generated_Source\PSoC4/cyfitter_cfg.c **** *   clocks and setting the necessary dividers to produce the desired frequency. 
 201:Generated_Source\PSoC4/cyfitter_cfg.c **** *
 202:Generated_Source\PSoC4/cyfitter_cfg.c **** * Parameters:
 203:Generated_Source\PSoC4/cyfitter_cfg.c **** *   void
 204:Generated_Source\PSoC4/cyfitter_cfg.c **** *
 205:Generated_Source\PSoC4/cyfitter_cfg.c **** * Return:
ARM GAS  C:\Users\oggih\AppData\Local\Temp\ccDvwuvo.s 			page 7


 206:Generated_Source\PSoC4/cyfitter_cfg.c **** *   void
 207:Generated_Source\PSoC4/cyfitter_cfg.c **** *
 208:Generated_Source\PSoC4/cyfitter_cfg.c **** *******************************************************************************/
 209:Generated_Source\PSoC4/cyfitter_cfg.c **** static void ClockSetup(void);
 210:Generated_Source\PSoC4/cyfitter_cfg.c **** CY_CFG_SECTION
 211:Generated_Source\PSoC4/cyfitter_cfg.c **** static void ClockSetup(void)
 212:Generated_Source\PSoC4/cyfitter_cfg.c **** {
 132              		.loc 1 212 0
 133              		.cfi_startproc
 134              		@ args = 0, pretend = 0, frame = 0
 135              		@ frame_needed = 0, uses_anonymous_args = 0
 136 0000 70B5     		push	{r4, r5, r6, lr}
 137              		.cfi_def_cfa_offset 16
 138              		.cfi_offset 4, -16
 139              		.cfi_offset 5, -12
 140              		.cfi_offset 6, -8
 141              		.cfi_offset 14, -4
 213:Generated_Source\PSoC4/cyfitter_cfg.c **** 	/* Enable HALF_EN before trimming for the flash accelerator. */
 214:Generated_Source\PSoC4/cyfitter_cfg.c **** 	CY_SET_REG32((void CYXDATA *)(CYREG_CLK_SELECT), (CY_GET_REG32((void *)CYREG_CLK_SELECT) | 0x00040
 142              		.loc 1 214 0
 143 0002 134C     		ldr	r4, .L8
 144 0004 2368     		ldr	r3, [r4]
 145 0006 8022     		movs	r2, #128
 146 0008 D202     		lsls	r2, r2, #11
 147 000a 1343     		orrs	r3, r2
 148 000c 2360     		str	r3, [r4]
 215:Generated_Source\PSoC4/cyfitter_cfg.c **** 
 216:Generated_Source\PSoC4/cyfitter_cfg.c **** 	/* Setup and trim IMO based on desired frequency. */
 217:Generated_Source\PSoC4/cyfitter_cfg.c **** 	CySysClkWriteImoFreq(24u);
 149              		.loc 1 217 0
 150 000e 1820     		movs	r0, #24
 151 0010 FFF7FEFF 		bl	CySysClkWriteImoFreq
 152              	.LVL15:
 218:Generated_Source\PSoC4/cyfitter_cfg.c **** 
 219:Generated_Source\PSoC4/cyfitter_cfg.c **** 	/* Disable HALF_EN since it is not required at this IMO frequency. */
 220:Generated_Source\PSoC4/cyfitter_cfg.c **** 	CY_SET_REG32((void CYXDATA *)(CYREG_CLK_SELECT), (CY_GET_REG32((void *)CYREG_CLK_SELECT) & 0xFFFBF
 153              		.loc 1 220 0
 154 0014 2268     		ldr	r2, [r4]
 155 0016 0F4B     		ldr	r3, .L8+4
 156 0018 1340     		ands	r3, r2
 157 001a 2360     		str	r3, [r4]
 221:Generated_Source\PSoC4/cyfitter_cfg.c **** 	/* CYDEV_CLK_ILO_CONFIG Starting address: CYDEV_CLK_ILO_CONFIG */
 222:Generated_Source\PSoC4/cyfitter_cfg.c **** 	CY_SET_REG32((void *)(CYREG_CLK_ILO_CONFIG), 0x80000006u);
 158              		.loc 1 222 0
 159 001c 0E4A     		ldr	r2, .L8+8
 160 001e 0F4B     		ldr	r3, .L8+12
 161 0020 1A60     		str	r2, [r3]
 223:Generated_Source\PSoC4/cyfitter_cfg.c **** 
 224:Generated_Source\PSoC4/cyfitter_cfg.c **** 
 225:Generated_Source\PSoC4/cyfitter_cfg.c **** 	/* CYDEV_CLK_SELECT00 Starting address: CYDEV_CLK_SELECT00 */
 226:Generated_Source\PSoC4/cyfitter_cfg.c **** 	CY_SET_REG32((void *)(CYREG_CLK_SELECT12), 0x00000010u);
 162              		.loc 1 226 0
 163 0022 1022     		movs	r2, #16
 164 0024 0E4B     		ldr	r3, .L8+16
 165 0026 1A60     		str	r2, [r3]
 227:Generated_Source\PSoC4/cyfitter_cfg.c **** 
 228:Generated_Source\PSoC4/cyfitter_cfg.c **** 	/* CYDEV_CLK_IMO_CONFIG Starting address: CYDEV_CLK_IMO_CONFIG */
ARM GAS  C:\Users\oggih\AppData\Local\Temp\ccDvwuvo.s 			page 8


 229:Generated_Source\PSoC4/cyfitter_cfg.c **** 	CY_SET_REG32((void *)(CYREG_CLK_IMO_CONFIG), 0x80000000u);
 166              		.loc 1 229 0
 167 0028 8022     		movs	r2, #128
 168 002a 1206     		lsls	r2, r2, #24
 169 002c 0D4B     		ldr	r3, .L8+20
 170 002e 1A60     		str	r2, [r3]
 230:Generated_Source\PSoC4/cyfitter_cfg.c **** 
 231:Generated_Source\PSoC4/cyfitter_cfg.c **** 	/* CYDEV_CLK_SELECT Starting address: CYDEV_CLK_SELECT */
 232:Generated_Source\PSoC4/cyfitter_cfg.c **** 	CY_SET_REG32((void *)(CYREG_CLK_SELECT), 0x00000000u);
 171              		.loc 1 232 0
 172 0030 0025     		movs	r5, #0
 173 0032 2560     		str	r5, [r4]
 233:Generated_Source\PSoC4/cyfitter_cfg.c **** 
 234:Generated_Source\PSoC4/cyfitter_cfg.c **** 	/* CYDEV_CLK_DIVIDER_A00 Starting address: CYDEV_CLK_DIVIDER_A00 */
 235:Generated_Source\PSoC4/cyfitter_cfg.c **** 	CY_SET_REG32((void *)(CYREG_CLK_DIVIDER_A00), 0x800002EDu);
 174              		.loc 1 235 0
 175 0034 0C4A     		ldr	r2, .L8+24
 176 0036 0D4B     		ldr	r3, .L8+28
 177 0038 1A60     		str	r2, [r3]
 236:Generated_Source\PSoC4/cyfitter_cfg.c **** 
 237:Generated_Source\PSoC4/cyfitter_cfg.c **** 	(void)CyIntSetVector(9u, &CySysWdtIsr);
 178              		.loc 1 237 0
 179 003a 0D49     		ldr	r1, .L8+32
 180 003c 0920     		movs	r0, #9
 181 003e FFF7FEFF 		bl	CyIntSetVector
 182              	.LVL16:
 238:Generated_Source\PSoC4/cyfitter_cfg.c **** 	CyIntEnable(9u);
 183              		.loc 1 238 0
 184 0042 0920     		movs	r0, #9
 185 0044 FFF7FEFF 		bl	CyIntEnable
 186              	.LVL17:
 239:Generated_Source\PSoC4/cyfitter_cfg.c **** 	CY_SET_REG32((void *)(CYREG_WDT_CONFIG), 0x00000000u);
 187              		.loc 1 239 0
 188 0048 0A4B     		ldr	r3, .L8+36
 189 004a 1D60     		str	r5, [r3]
 240:Generated_Source\PSoC4/cyfitter_cfg.c **** }
 190              		.loc 1 240 0
 191              		@ sp needed
 192 004c 70BD     		pop	{r4, r5, r6, pc}
 193              	.L9:
 194 004e C046     		.align	2
 195              	.L8:
 196 0050 00010B40 		.word	1074462976
 197 0054 FFFFFBFF 		.word	-262145
 198 0058 06000080 		.word	-2147483642
 199 005c 04010B40 		.word	1074462980
 200 0060 30020240 		.word	1073873456
 201 0064 08010B40 		.word	1074462984
 202 0068 ED020080 		.word	-2147482899
 203 006c 00000240 		.word	1073872896
 204 0070 00000000 		.word	CySysWdtIsr
 205 0074 0C020B40 		.word	1074463244
 206              		.cfi_endproc
 207              	.LFE4:
 208              		.size	ClockSetup, .-ClockSetup
 209              		.align	2
 210              		.global	cyfitter_cfg
ARM GAS  C:\Users\oggih\AppData\Local\Temp\ccDvwuvo.s 			page 9


 211              		.code	16
 212              		.thumb_func
 213              		.type	cyfitter_cfg, %function
 214              	cyfitter_cfg:
 215              	.LFB6:
 241:Generated_Source\PSoC4/cyfitter_cfg.c **** 
 242:Generated_Source\PSoC4/cyfitter_cfg.c **** 
 243:Generated_Source\PSoC4/cyfitter_cfg.c **** /* Analog API Functions */
 244:Generated_Source\PSoC4/cyfitter_cfg.c **** 
 245:Generated_Source\PSoC4/cyfitter_cfg.c **** 
 246:Generated_Source\PSoC4/cyfitter_cfg.c **** /*******************************************************************************
 247:Generated_Source\PSoC4/cyfitter_cfg.c **** * Function Name: AnalogSetDefault
 248:Generated_Source\PSoC4/cyfitter_cfg.c **** ********************************************************************************
 249:Generated_Source\PSoC4/cyfitter_cfg.c **** *
 250:Generated_Source\PSoC4/cyfitter_cfg.c **** * Summary:
 251:Generated_Source\PSoC4/cyfitter_cfg.c **** *  Sets up the analog portions of the chip to default values based on chip
 252:Generated_Source\PSoC4/cyfitter_cfg.c **** *  configuration options from the project.
 253:Generated_Source\PSoC4/cyfitter_cfg.c **** *
 254:Generated_Source\PSoC4/cyfitter_cfg.c **** * Parameters:
 255:Generated_Source\PSoC4/cyfitter_cfg.c **** *  void
 256:Generated_Source\PSoC4/cyfitter_cfg.c **** *
 257:Generated_Source\PSoC4/cyfitter_cfg.c **** * Return:
 258:Generated_Source\PSoC4/cyfitter_cfg.c **** *  void
 259:Generated_Source\PSoC4/cyfitter_cfg.c **** *
 260:Generated_Source\PSoC4/cyfitter_cfg.c **** *******************************************************************************/
 261:Generated_Source\PSoC4/cyfitter_cfg.c **** static void AnalogSetDefault(void);
 262:Generated_Source\PSoC4/cyfitter_cfg.c **** static void AnalogSetDefault(void)
 263:Generated_Source\PSoC4/cyfitter_cfg.c **** {
 264:Generated_Source\PSoC4/cyfitter_cfg.c **** }
 265:Generated_Source\PSoC4/cyfitter_cfg.c **** 
 266:Generated_Source\PSoC4/cyfitter_cfg.c **** 
 267:Generated_Source\PSoC4/cyfitter_cfg.c **** 
 268:Generated_Source\PSoC4/cyfitter_cfg.c **** 
 269:Generated_Source\PSoC4/cyfitter_cfg.c **** /*******************************************************************************
 270:Generated_Source\PSoC4/cyfitter_cfg.c **** * Function Name: cyfitter_cfg
 271:Generated_Source\PSoC4/cyfitter_cfg.c **** ********************************************************************************
 272:Generated_Source\PSoC4/cyfitter_cfg.c **** * Summary:
 273:Generated_Source\PSoC4/cyfitter_cfg.c **** *  This function is called by the start-up code for the selected device. It
 274:Generated_Source\PSoC4/cyfitter_cfg.c **** *  performs all of the necessary device configuration based on the design
 275:Generated_Source\PSoC4/cyfitter_cfg.c **** *  settings.  This includes settings from the Design Wide Resources (DWR) such
 276:Generated_Source\PSoC4/cyfitter_cfg.c **** *  as Clocks and Pins as well as any component configuration that is necessary.
 277:Generated_Source\PSoC4/cyfitter_cfg.c **** *
 278:Generated_Source\PSoC4/cyfitter_cfg.c **** * Parameters:
 279:Generated_Source\PSoC4/cyfitter_cfg.c **** *   void
 280:Generated_Source\PSoC4/cyfitter_cfg.c **** *
 281:Generated_Source\PSoC4/cyfitter_cfg.c **** * Return:
 282:Generated_Source\PSoC4/cyfitter_cfg.c **** *   void
 283:Generated_Source\PSoC4/cyfitter_cfg.c **** *
 284:Generated_Source\PSoC4/cyfitter_cfg.c **** *******************************************************************************/
 285:Generated_Source\PSoC4/cyfitter_cfg.c **** CY_CFG_SECTION
 286:Generated_Source\PSoC4/cyfitter_cfg.c **** void cyfitter_cfg(void)
 287:Generated_Source\PSoC4/cyfitter_cfg.c **** {
 216              		.loc 1 287 0
 217              		.cfi_startproc
 218              		@ args = 0, pretend = 0, frame = 0
 219              		@ frame_needed = 0, uses_anonymous_args = 0
 220 0078 10B5     		push	{r4, lr}
ARM GAS  C:\Users\oggih\AppData\Local\Temp\ccDvwuvo.s 			page 10


 221              		.cfi_def_cfa_offset 8
 222              		.cfi_offset 4, -8
 223              		.cfi_offset 14, -4
 288:Generated_Source\PSoC4/cyfitter_cfg.c **** 	/* Disable interrupts by default. Let user enable if/when they want. */
 289:Generated_Source\PSoC4/cyfitter_cfg.c **** 	CyGlobalIntDisable;
 224              		.loc 1 289 0
 225              		.syntax divided
 226              	@ 289 "Generated_Source\PSoC4\cyfitter_cfg.c" 1
 227 007a 72B6     		CPSID   i
 228              	@ 0 "" 2
 229              	.LVL18:
 230              		.thumb
 231              		.syntax unified
 232              	.LBB3:
 290:Generated_Source\PSoC4/cyfitter_cfg.c **** 
 291:Generated_Source\PSoC4/cyfitter_cfg.c **** 	{
 292:Generated_Source\PSoC4/cyfitter_cfg.c **** 		static const uint32 CYCODE cy_cfg_addr_table[] = {
 293:Generated_Source\PSoC4/cyfitter_cfg.c **** 			0x400F0001u, /* Base address: 0x400F0000 Count: 1 */
 294:Generated_Source\PSoC4/cyfitter_cfg.c **** 			0x400F322Au, /* Base address: 0x400F3200 Count: 42 */
 295:Generated_Source\PSoC4/cyfitter_cfg.c **** 			0x400F3320u, /* Base address: 0x400F3300 Count: 32 */
 296:Generated_Source\PSoC4/cyfitter_cfg.c **** 			0x400F4002u, /* Base address: 0x400F4000 Count: 2 */
 297:Generated_Source\PSoC4/cyfitter_cfg.c **** 			0x400F4105u, /* Base address: 0x400F4100 Count: 5 */
 298:Generated_Source\PSoC4/cyfitter_cfg.c **** 			0x400F6002u, /* Base address: 0x400F6000 Count: 2 */
 299:Generated_Source\PSoC4/cyfitter_cfg.c **** 		};
 300:Generated_Source\PSoC4/cyfitter_cfg.c **** 
 301:Generated_Source\PSoC4/cyfitter_cfg.c **** 		static const cy_cfg_addrvalue_t CYCODE cy_cfg_data_table[] = {
 302:Generated_Source\PSoC4/cyfitter_cfg.c **** 			{0x82u, 0x0Du},
 303:Generated_Source\PSoC4/cyfitter_cfg.c **** 			{0x00u, 0x02u},
 304:Generated_Source\PSoC4/cyfitter_cfg.c **** 			{0x03u, 0x03u},
 305:Generated_Source\PSoC4/cyfitter_cfg.c **** 			{0x16u, 0x09u},
 306:Generated_Source\PSoC4/cyfitter_cfg.c **** 			{0x19u, 0x02u},
 307:Generated_Source\PSoC4/cyfitter_cfg.c **** 			{0x1Eu, 0x01u},
 308:Generated_Source\PSoC4/cyfitter_cfg.c **** 			{0x22u, 0x08u},
 309:Generated_Source\PSoC4/cyfitter_cfg.c **** 			{0x2Eu, 0x04u},
 310:Generated_Source\PSoC4/cyfitter_cfg.c **** 			{0x30u, 0x01u},
 311:Generated_Source\PSoC4/cyfitter_cfg.c **** 			{0x31u, 0x02u},
 312:Generated_Source\PSoC4/cyfitter_cfg.c **** 			{0x32u, 0x04u},
 313:Generated_Source\PSoC4/cyfitter_cfg.c **** 			{0x33u, 0x01u},
 314:Generated_Source\PSoC4/cyfitter_cfg.c **** 			{0x34u, 0x08u},
 315:Generated_Source\PSoC4/cyfitter_cfg.c **** 			{0x36u, 0x02u},
 316:Generated_Source\PSoC4/cyfitter_cfg.c **** 			{0x3Eu, 0x50u},
 317:Generated_Source\PSoC4/cyfitter_cfg.c **** 			{0x40u, 0x30u},
 318:Generated_Source\PSoC4/cyfitter_cfg.c **** 			{0x41u, 0x05u},
 319:Generated_Source\PSoC4/cyfitter_cfg.c **** 			{0x45u, 0xD0u},
 320:Generated_Source\PSoC4/cyfitter_cfg.c **** 			{0x46u, 0x02u},
 321:Generated_Source\PSoC4/cyfitter_cfg.c **** 			{0x47u, 0x10u},
 322:Generated_Source\PSoC4/cyfitter_cfg.c **** 			{0x48u, 0x26u},
 323:Generated_Source\PSoC4/cyfitter_cfg.c **** 			{0x49u, 0xFFu},
 324:Generated_Source\PSoC4/cyfitter_cfg.c **** 			{0x4Au, 0xFFu},
 325:Generated_Source\PSoC4/cyfitter_cfg.c **** 			{0x4Bu, 0xFFu},
 326:Generated_Source\PSoC4/cyfitter_cfg.c **** 			{0x4Du, 0xA0u},
 327:Generated_Source\PSoC4/cyfitter_cfg.c **** 			{0x4Fu, 0x04u},
 328:Generated_Source\PSoC4/cyfitter_cfg.c **** 			{0x50u, 0x18u},
 329:Generated_Source\PSoC4/cyfitter_cfg.c **** 			{0x52u, 0x80u},
 330:Generated_Source\PSoC4/cyfitter_cfg.c **** 			{0x54u, 0x05u},
 331:Generated_Source\PSoC4/cyfitter_cfg.c **** 			{0x58u, 0x04u},
 332:Generated_Source\PSoC4/cyfitter_cfg.c **** 			{0x59u, 0x04u},
ARM GAS  C:\Users\oggih\AppData\Local\Temp\ccDvwuvo.s 			page 11


 333:Generated_Source\PSoC4/cyfitter_cfg.c **** 			{0x5Au, 0x04u},
 334:Generated_Source\PSoC4/cyfitter_cfg.c **** 			{0x5Bu, 0x04u},
 335:Generated_Source\PSoC4/cyfitter_cfg.c **** 			{0x5Fu, 0x01u},
 336:Generated_Source\PSoC4/cyfitter_cfg.c **** 			{0x60u, 0x40u},
 337:Generated_Source\PSoC4/cyfitter_cfg.c **** 			{0x62u, 0xC0u},
 338:Generated_Source\PSoC4/cyfitter_cfg.c **** 			{0x64u, 0x40u},
 339:Generated_Source\PSoC4/cyfitter_cfg.c **** 			{0x65u, 0x40u},
 340:Generated_Source\PSoC4/cyfitter_cfg.c **** 			{0x66u, 0xC0u},
 341:Generated_Source\PSoC4/cyfitter_cfg.c **** 			{0x68u, 0xC0u},
 342:Generated_Source\PSoC4/cyfitter_cfg.c **** 			{0x6Au, 0xC0u},
 343:Generated_Source\PSoC4/cyfitter_cfg.c **** 			{0x6Cu, 0xC0u},
 344:Generated_Source\PSoC4/cyfitter_cfg.c **** 			{0x6Eu, 0xC0u},
 345:Generated_Source\PSoC4/cyfitter_cfg.c **** 			{0x05u, 0x01u},
 346:Generated_Source\PSoC4/cyfitter_cfg.c **** 			{0x0Du, 0x08u},
 347:Generated_Source\PSoC4/cyfitter_cfg.c **** 			{0x0Fu, 0x02u},
 348:Generated_Source\PSoC4/cyfitter_cfg.c **** 			{0x16u, 0x80u},
 349:Generated_Source\PSoC4/cyfitter_cfg.c **** 			{0x17u, 0x40u},
 350:Generated_Source\PSoC4/cyfitter_cfg.c **** 			{0x1Du, 0x09u},
 351:Generated_Source\PSoC4/cyfitter_cfg.c **** 			{0x1Eu, 0x08u},
 352:Generated_Source\PSoC4/cyfitter_cfg.c **** 			{0x1Fu, 0x81u},
 353:Generated_Source\PSoC4/cyfitter_cfg.c **** 			{0x24u, 0x40u},
 354:Generated_Source\PSoC4/cyfitter_cfg.c **** 			{0x27u, 0x20u},
 355:Generated_Source\PSoC4/cyfitter_cfg.c **** 			{0x37u, 0x20u},
 356:Generated_Source\PSoC4/cyfitter_cfg.c **** 			{0x3Fu, 0x02u},
 357:Generated_Source\PSoC4/cyfitter_cfg.c **** 			{0x45u, 0x08u},
 358:Generated_Source\PSoC4/cyfitter_cfg.c **** 			{0x4Fu, 0x81u},
 359:Generated_Source\PSoC4/cyfitter_cfg.c **** 			{0x56u, 0x80u},
 360:Generated_Source\PSoC4/cyfitter_cfg.c **** 			{0x57u, 0x41u},
 361:Generated_Source\PSoC4/cyfitter_cfg.c **** 			{0x5Cu, 0x40u},
 362:Generated_Source\PSoC4/cyfitter_cfg.c **** 			{0x5Eu, 0x08u},
 363:Generated_Source\PSoC4/cyfitter_cfg.c **** 			{0x5Fu, 0x01u},
 364:Generated_Source\PSoC4/cyfitter_cfg.c **** 			{0x77u, 0x40u},
 365:Generated_Source\PSoC4/cyfitter_cfg.c **** 			{0x87u, 0x80u},
 366:Generated_Source\PSoC4/cyfitter_cfg.c **** 			{0x97u, 0x02u},
 367:Generated_Source\PSoC4/cyfitter_cfg.c **** 			{0xB7u, 0x01u},
 368:Generated_Source\PSoC4/cyfitter_cfg.c **** 			{0xC0u, 0x10u},
 369:Generated_Source\PSoC4/cyfitter_cfg.c **** 			{0xC2u, 0xA0u},
 370:Generated_Source\PSoC4/cyfitter_cfg.c **** 			{0xC4u, 0x90u},
 371:Generated_Source\PSoC4/cyfitter_cfg.c **** 			{0xCCu, 0x20u},
 372:Generated_Source\PSoC4/cyfitter_cfg.c **** 			{0xCEu, 0x80u},
 373:Generated_Source\PSoC4/cyfitter_cfg.c **** 			{0xD0u, 0x40u},
 374:Generated_Source\PSoC4/cyfitter_cfg.c **** 			{0xD2u, 0x10u},
 375:Generated_Source\PSoC4/cyfitter_cfg.c **** 			{0xD6u, 0xD0u},
 376:Generated_Source\PSoC4/cyfitter_cfg.c **** 			{0xEAu, 0x40u},
 377:Generated_Source\PSoC4/cyfitter_cfg.c **** 			{0x57u, 0x80u},
 378:Generated_Source\PSoC4/cyfitter_cfg.c **** 			{0xD4u, 0x40u},
 379:Generated_Source\PSoC4/cyfitter_cfg.c **** 			{0x63u, 0x02u},
 380:Generated_Source\PSoC4/cyfitter_cfg.c **** 			{0x87u, 0x01u},
 381:Generated_Source\PSoC4/cyfitter_cfg.c **** 			{0xB7u, 0x80u},
 382:Generated_Source\PSoC4/cyfitter_cfg.c **** 			{0xD6u, 0x40u},
 383:Generated_Source\PSoC4/cyfitter_cfg.c **** 			{0xE6u, 0x10u},
 384:Generated_Source\PSoC4/cyfitter_cfg.c **** 			{0x01u, 0x01u},
 385:Generated_Source\PSoC4/cyfitter_cfg.c **** 			{0x10u, 0x01u},
 386:Generated_Source\PSoC4/cyfitter_cfg.c **** 		};
 387:Generated_Source\PSoC4/cyfitter_cfg.c **** 
 388:Generated_Source\PSoC4/cyfitter_cfg.c **** 
 389:Generated_Source\PSoC4/cyfitter_cfg.c **** 
ARM GAS  C:\Users\oggih\AppData\Local\Temp\ccDvwuvo.s 			page 12


 390:Generated_Source\PSoC4/cyfitter_cfg.c **** 		CYPACKED typedef struct {
 391:Generated_Source\PSoC4/cyfitter_cfg.c **** 			void CYFAR *address;
 392:Generated_Source\PSoC4/cyfitter_cfg.c **** 			uint16 size;
 393:Generated_Source\PSoC4/cyfitter_cfg.c **** 		} CYPACKED_ATTR cfg_memset_t;
 394:Generated_Source\PSoC4/cyfitter_cfg.c **** 
 395:Generated_Source\PSoC4/cyfitter_cfg.c **** 		static const cfg_memset_t CYCODE cfg_memset_list[] = {
 396:Generated_Source\PSoC4/cyfitter_cfg.c **** 			/* address, size */
 397:Generated_Source\PSoC4/cyfitter_cfg.c **** 			{(void CYFAR *)(CYDEV_UDB_P0_U0_BASE), 1024u},
 398:Generated_Source\PSoC4/cyfitter_cfg.c **** 			{(void CYFAR *)(CYDEV_UDB_DSI0_BASE), 1024u},
 399:Generated_Source\PSoC4/cyfitter_cfg.c **** 		};
 400:Generated_Source\PSoC4/cyfitter_cfg.c **** 
 401:Generated_Source\PSoC4/cyfitter_cfg.c **** 		uint8 CYDATA i;
 402:Generated_Source\PSoC4/cyfitter_cfg.c **** 
 403:Generated_Source\PSoC4/cyfitter_cfg.c **** 		/* Zero out critical memory blocks before beginning configuration */
 404:Generated_Source\PSoC4/cyfitter_cfg.c **** 		for (i = 0u; i < (sizeof(cfg_memset_list)/sizeof(cfg_memset_list[0])); i++)
 233              		.loc 1 404 0
 234 007c 0024     		movs	r4, #0
 235 007e 0FE0     		b	.L11
 236              	.LVL19:
 237              	.L12:
 238              	.LBB4:
 405:Generated_Source\PSoC4/cyfitter_cfg.c **** 		{
 406:Generated_Source\PSoC4/cyfitter_cfg.c **** 			const cfg_memset_t CYCODE * CYDATA ms = &cfg_memset_list[i];
 407:Generated_Source\PSoC4/cyfitter_cfg.c **** 			CYMEMZERO(ms->address, (size_t)(uint32)(ms->size));
 239              		.loc 1 407 0 discriminator 3
 240 0080 2B48     		ldr	r0, .L13
 241 0082 6200     		lsls	r2, r4, #1
 242 0084 1319     		adds	r3, r2, r4
 243 0086 5900     		lsls	r1, r3, #1
 244 0088 0B00     		movs	r3, r1
 245 008a 4118     		adds	r1, r0, r1
 246 008c 8988     		ldrh	r1, [r1, #4]
 247 008e 1A5A     		ldrh	r2, [r3, r0]
 248 0090 C318     		adds	r3, r0, r3
 249 0092 5888     		ldrh	r0, [r3, #2]
 250 0094 0004     		lsls	r0, r0, #16
 251 0096 1043     		orrs	r0, r2
 252 0098 FFF7FEFF 		bl	CYMEMZERO
 253              	.LVL20:
 254              	.LBE4:
 404:Generated_Source\PSoC4/cyfitter_cfg.c **** 		{
 255              		.loc 1 404 0 discriminator 3
 256 009c 0134     		adds	r4, r4, #1
 257              	.LVL21:
 258 009e E4B2     		uxtb	r4, r4
 259              	.LVL22:
 260              	.L11:
 404:Generated_Source\PSoC4/cyfitter_cfg.c **** 		{
 261              		.loc 1 404 0 is_stmt 0 discriminator 1
 262 00a0 012C     		cmp	r4, #1
 263 00a2 EDD9     		bls	.L12
 408:Generated_Source\PSoC4/cyfitter_cfg.c **** 		}
 409:Generated_Source\PSoC4/cyfitter_cfg.c **** 
 410:Generated_Source\PSoC4/cyfitter_cfg.c **** 		cfg_write_bytes32(cy_cfg_addr_table, cy_cfg_data_table);
 264              		.loc 1 410 0 is_stmt 1
 265 00a4 2249     		ldr	r1, .L13
 266 00a6 0C31     		adds	r1, r1, #12
ARM GAS  C:\Users\oggih\AppData\Local\Temp\ccDvwuvo.s 			page 13


 267 00a8 2248     		ldr	r0, .L13+4
 268 00aa 3430     		adds	r0, r0, #52
 269 00ac FFF7FEFF 		bl	cfg_write_bytes32
 270              	.LVL23:
 411:Generated_Source\PSoC4/cyfitter_cfg.c **** 
 412:Generated_Source\PSoC4/cyfitter_cfg.c **** 		/* HSIOM Starting address: CYDEV_HSIOM_BASE */
 413:Generated_Source\PSoC4/cyfitter_cfg.c **** 		CY_SET_REG32((void *)(CYDEV_HSIOM_BASE), 0x00003000u);
 271              		.loc 1 413 0
 272 00b0 C022     		movs	r2, #192
 273 00b2 9201     		lsls	r2, r2, #6
 274 00b4 204B     		ldr	r3, .L13+8
 275 00b6 1A60     		str	r2, [r3]
 414:Generated_Source\PSoC4/cyfitter_cfg.c **** 		CY_SET_REG32((void *)(CYREG_HSIOM_PORT_SEL1), 0x03000000u);
 276              		.loc 1 414 0
 277 00b8 C022     		movs	r2, #192
 278 00ba 9204     		lsls	r2, r2, #18
 279 00bc 1F4B     		ldr	r3, .L13+12
 280 00be 1A60     		str	r2, [r3]
 415:Generated_Source\PSoC4/cyfitter_cfg.c **** 		CY_SET_REG32((void *)(CYREG_HSIOM_PORT_SEL3), 0x0000EE00u);
 281              		.loc 1 415 0
 282 00c0 EE22     		movs	r2, #238
 283 00c2 1202     		lsls	r2, r2, #8
 284 00c4 1E4B     		ldr	r3, .L13+16
 285 00c6 1A60     		str	r2, [r3]
 416:Generated_Source\PSoC4/cyfitter_cfg.c **** 
 417:Generated_Source\PSoC4/cyfitter_cfg.c **** 		/* UDB_PA_0 Starting address: CYDEV_UDB_PA0_BASE */
 418:Generated_Source\PSoC4/cyfitter_cfg.c **** 		CY_SET_REG32((void *)(CYDEV_UDB_PA0_BASE), 0x00990000u);
 286              		.loc 1 418 0
 287 00c8 9923     		movs	r3, #153
 288 00ca 1B04     		lsls	r3, r3, #16
 289 00cc 1D4A     		ldr	r2, .L13+20
 290 00ce 1360     		str	r3, [r2]
 419:Generated_Source\PSoC4/cyfitter_cfg.c **** 		CY_SET_REG32((void *)(CYREG_UDB_PA0_CFG8), 0x00400000u);
 291              		.loc 1 419 0
 292 00d0 8021     		movs	r1, #128
 293 00d2 C903     		lsls	r1, r1, #15
 294 00d4 1C4A     		ldr	r2, .L13+24
 295 00d6 1160     		str	r1, [r2]
 420:Generated_Source\PSoC4/cyfitter_cfg.c **** 
 421:Generated_Source\PSoC4/cyfitter_cfg.c **** 		/* UDB_PA_1 Starting address: CYDEV_UDB_PA1_BASE */
 422:Generated_Source\PSoC4/cyfitter_cfg.c **** 		CY_SET_REG32((void *)(CYDEV_UDB_PA1_BASE), 0x00990000u);
 296              		.loc 1 422 0
 297 00d8 1C4A     		ldr	r2, .L13+28
 298 00da 1360     		str	r3, [r2]
 423:Generated_Source\PSoC4/cyfitter_cfg.c **** 		CY_SET_REG32((void *)(CYREG_UDB_PA1_CFG8), 0x45000000u);
 299              		.loc 1 423 0
 300 00dc 8A21     		movs	r1, #138
 301 00de C905     		lsls	r1, r1, #23
 302 00e0 1B4A     		ldr	r2, .L13+32
 303 00e2 1160     		str	r1, [r2]
 424:Generated_Source\PSoC4/cyfitter_cfg.c **** 
 425:Generated_Source\PSoC4/cyfitter_cfg.c **** 		/* UDB_PA_3 Starting address: CYDEV_UDB_PA3_BASE */
 426:Generated_Source\PSoC4/cyfitter_cfg.c **** 		CY_SET_REG32((void *)(CYDEV_UDB_PA3_BASE), 0x00990000u);
 304              		.loc 1 426 0
 305 00e4 1B4A     		ldr	r2, .L13+36
 306 00e6 1360     		str	r3, [r2]
 427:Generated_Source\PSoC4/cyfitter_cfg.c **** 
ARM GAS  C:\Users\oggih\AppData\Local\Temp\ccDvwuvo.s 			page 14


 428:Generated_Source\PSoC4/cyfitter_cfg.c **** 		/* Enable UDB array and digital routing */
 429:Generated_Source\PSoC4/cyfitter_cfg.c **** 		CY_SET_XTND_REG8((void *)CYREG_UDB_UDBIF_WAIT_CFG, (uint8)((CY_GET_XTND_REG8((void *)CYREG_UDB_UD
 307              		.loc 1 429 0
 308 00e8 1B49     		ldr	r1, .L13+40
 309 00ea 0B78     		ldrb	r3, [r1]
 310 00ec 3C22     		movs	r2, #60
 311 00ee 9343     		bics	r3, r2
 312 00f0 1422     		movs	r2, #20
 313 00f2 1343     		orrs	r3, r2
 314 00f4 DBB2     		uxtb	r3, r3
 315 00f6 0B70     		strb	r3, [r1]
 430:Generated_Source\PSoC4/cyfitter_cfg.c **** 		CY_SET_XTND_REG8((void *)CYREG_UDB_UDBIF_BANK_CTL, (uint8)(CY_GET_XTND_REG8((void *)CYREG_UDB_UDB
 316              		.loc 1 430 0
 317 00f8 184A     		ldr	r2, .L13+44
 318 00fa 1178     		ldrb	r1, [r2]
 319 00fc 1623     		movs	r3, #22
 320 00fe 0B43     		orrs	r3, r1
 321 0100 DBB2     		uxtb	r3, r3
 322 0102 1370     		strb	r3, [r2]
 323              	.LBE3:
 431:Generated_Source\PSoC4/cyfitter_cfg.c **** 	}
 432:Generated_Source\PSoC4/cyfitter_cfg.c **** 
 433:Generated_Source\PSoC4/cyfitter_cfg.c **** 	/* Perform second pass device configuration. These items must be configured in specific order afte
 434:Generated_Source\PSoC4/cyfitter_cfg.c **** 	/* IOPINS0_0 Starting address: CYDEV_PRT0_BASE */
 435:Generated_Source\PSoC4/cyfitter_cfg.c **** 	CY_SET_REG32((void *)(CYDEV_PRT0_BASE), 0x00000008u);
 324              		.loc 1 435 0
 325 0104 0822     		movs	r2, #8
 326 0106 164B     		ldr	r3, .L13+48
 327 0108 1A60     		str	r2, [r3]
 436:Generated_Source\PSoC4/cyfitter_cfg.c **** 	CY_SET_REG32((void *)(CYREG_PRT0_PC), 0x00000C00u);
 328              		.loc 1 436 0
 329 010a C022     		movs	r2, #192
 330 010c 1201     		lsls	r2, r2, #4
 331 010e 154B     		ldr	r3, .L13+52
 332 0110 1A60     		str	r2, [r3]
 437:Generated_Source\PSoC4/cyfitter_cfg.c **** 
 438:Generated_Source\PSoC4/cyfitter_cfg.c **** 	/* IOPINS0_1 Starting address: CYDEV_PRT1_BASE */
 439:Generated_Source\PSoC4/cyfitter_cfg.c **** 	CY_SET_REG32((void *)(CYDEV_PRT1_BASE), 0x00000040u);
 333              		.loc 1 439 0
 334 0112 4022     		movs	r2, #64
 335 0114 144B     		ldr	r3, .L13+56
 336 0116 1A60     		str	r2, [r3]
 440:Generated_Source\PSoC4/cyfitter_cfg.c **** 	CY_SET_REG32((void *)(CYREG_PRT1_PC), 0x00180000u);
 337              		.loc 1 440 0
 338 0118 C022     		movs	r2, #192
 339 011a 5203     		lsls	r2, r2, #13
 340 011c 134B     		ldr	r3, .L13+60
 341 011e 1A60     		str	r2, [r3]
 441:Generated_Source\PSoC4/cyfitter_cfg.c **** 
 442:Generated_Source\PSoC4/cyfitter_cfg.c **** 	/* IOPINS0_3 Starting address: CYDEV_PRT3_BASE */
 443:Generated_Source\PSoC4/cyfitter_cfg.c **** 	CY_SET_REG32((void *)(CYREG_PRT3_PC), 0x00000D80u);
 342              		.loc 1 443 0
 343 0120 D822     		movs	r2, #216
 344 0122 1201     		lsls	r2, r2, #4
 345 0124 124B     		ldr	r3, .L13+64
 346 0126 1A60     		str	r2, [r3]
 444:Generated_Source\PSoC4/cyfitter_cfg.c **** 
ARM GAS  C:\Users\oggih\AppData\Local\Temp\ccDvwuvo.s 			page 15


 445:Generated_Source\PSoC4/cyfitter_cfg.c **** 
 446:Generated_Source\PSoC4/cyfitter_cfg.c **** 	/* Setup clocks based on selections from Clock DWR */
 447:Generated_Source\PSoC4/cyfitter_cfg.c **** 	ClockSetup();
 347              		.loc 1 447 0
 348 0128 FFF76AFF 		bl	ClockSetup
 349              	.LVL24:
 448:Generated_Source\PSoC4/cyfitter_cfg.c **** 
 449:Generated_Source\PSoC4/cyfitter_cfg.c **** 	/* Perform basic analog initialization to defaults */
 450:Generated_Source\PSoC4/cyfitter_cfg.c **** 	AnalogSetDefault();
 451:Generated_Source\PSoC4/cyfitter_cfg.c **** 
 452:Generated_Source\PSoC4/cyfitter_cfg.c **** }
 350              		.loc 1 452 0
 351              		@ sp needed
 352              	.LVL25:
 353 012c 10BD     		pop	{r4, pc}
 354              	.L14:
 355 012e C046     		.align	2
 356              	.L13:
 357 0130 00000000 		.word	.LANCHOR0
 358 0134 80000000 		.word	.LANCHOR1
 359 0138 00000140 		.word	1073807360
 360 013c 04000140 		.word	1073807364
 361 0140 0C000140 		.word	1073807372
 362 0144 00500F40 		.word	1074745344
 363 0148 08500F40 		.word	1074745352
 364 014c 10500F40 		.word	1074745360
 365 0150 18500F40 		.word	1074745368
 366 0154 30500F40 		.word	1074745392
 367 0158 01700F40 		.word	1074753537
 368 015c 00700F40 		.word	1074753536
 369 0160 00000440 		.word	1074003968
 370 0164 08000440 		.word	1074003976
 371 0168 00010440 		.word	1074004224
 372 016c 08010440 		.word	1074004232
 373 0170 08030440 		.word	1074004744
 374              		.cfi_endproc
 375              	.LFE6:
 376              		.size	cyfitter_cfg, .-cyfitter_cfg
 377              		.section	.rodata
 378              		.align	2
 379              		.set	.LANCHOR0,. + 0
 380              		.set	.LANCHOR1,. + 128
 381              		.type	cfg_memset_list.4870, %object
 382              		.size	cfg_memset_list.4870, 12
 383              	cfg_memset_list.4870:
 384 0000 00300F40 		.word	1074737152
 385 0004 0004     		.short	1024
 386 0006 00400F40 		.4byte	1074741248
 387 000a 0004     		.short	1024
 388              		.type	cy_cfg_data_table.4865, %object
 389              		.size	cy_cfg_data_table.4865, 168
 390              	cy_cfg_data_table.4865:
 391 000c 82       		.byte	-126
 392 000d 0D       		.byte	13
 393 000e 00       		.byte	0
 394 000f 02       		.byte	2
 395 0010 03       		.byte	3
ARM GAS  C:\Users\oggih\AppData\Local\Temp\ccDvwuvo.s 			page 16


 396 0011 03       		.byte	3
 397 0012 16       		.byte	22
 398 0013 09       		.byte	9
 399 0014 19       		.byte	25
 400 0015 02       		.byte	2
 401 0016 1E       		.byte	30
 402 0017 01       		.byte	1
 403 0018 22       		.byte	34
 404 0019 08       		.byte	8
 405 001a 2E       		.byte	46
 406 001b 04       		.byte	4
 407 001c 30       		.byte	48
 408 001d 01       		.byte	1
 409 001e 31       		.byte	49
 410 001f 02       		.byte	2
 411 0020 32       		.byte	50
 412 0021 04       		.byte	4
 413 0022 33       		.byte	51
 414 0023 01       		.byte	1
 415 0024 34       		.byte	52
 416 0025 08       		.byte	8
 417 0026 36       		.byte	54
 418 0027 02       		.byte	2
 419 0028 3E       		.byte	62
 420 0029 50       		.byte	80
 421 002a 40       		.byte	64
 422 002b 30       		.byte	48
 423 002c 41       		.byte	65
 424 002d 05       		.byte	5
 425 002e 45       		.byte	69
 426 002f D0       		.byte	-48
 427 0030 46       		.byte	70
 428 0031 02       		.byte	2
 429 0032 47       		.byte	71
 430 0033 10       		.byte	16
 431 0034 48       		.byte	72
 432 0035 26       		.byte	38
 433 0036 49       		.byte	73
 434 0037 FF       		.byte	-1
 435 0038 4A       		.byte	74
 436 0039 FF       		.byte	-1
 437 003a 4B       		.byte	75
 438 003b FF       		.byte	-1
 439 003c 4D       		.byte	77
 440 003d A0       		.byte	-96
 441 003e 4F       		.byte	79
 442 003f 04       		.byte	4
 443 0040 50       		.byte	80
 444 0041 18       		.byte	24
 445 0042 52       		.byte	82
 446 0043 80       		.byte	-128
 447 0044 54       		.byte	84
 448 0045 05       		.byte	5
 449 0046 58       		.byte	88
 450 0047 04       		.byte	4
 451 0048 59       		.byte	89
 452 0049 04       		.byte	4
ARM GAS  C:\Users\oggih\AppData\Local\Temp\ccDvwuvo.s 			page 17


 453 004a 5A       		.byte	90
 454 004b 04       		.byte	4
 455 004c 5B       		.byte	91
 456 004d 04       		.byte	4
 457 004e 5F       		.byte	95
 458 004f 01       		.byte	1
 459 0050 60       		.byte	96
 460 0051 40       		.byte	64
 461 0052 62       		.byte	98
 462 0053 C0       		.byte	-64
 463 0054 64       		.byte	100
 464 0055 40       		.byte	64
 465 0056 65       		.byte	101
 466 0057 40       		.byte	64
 467 0058 66       		.byte	102
 468 0059 C0       		.byte	-64
 469 005a 68       		.byte	104
 470 005b C0       		.byte	-64
 471 005c 6A       		.byte	106
 472 005d C0       		.byte	-64
 473 005e 6C       		.byte	108
 474 005f C0       		.byte	-64
 475 0060 6E       		.byte	110
 476 0061 C0       		.byte	-64
 477 0062 05       		.byte	5
 478 0063 01       		.byte	1
 479 0064 0D       		.byte	13
 480 0065 08       		.byte	8
 481 0066 0F       		.byte	15
 482 0067 02       		.byte	2
 483 0068 16       		.byte	22
 484 0069 80       		.byte	-128
 485 006a 17       		.byte	23
 486 006b 40       		.byte	64
 487 006c 1D       		.byte	29
 488 006d 09       		.byte	9
 489 006e 1E       		.byte	30
 490 006f 08       		.byte	8
 491 0070 1F       		.byte	31
 492 0071 81       		.byte	-127
 493 0072 24       		.byte	36
 494 0073 40       		.byte	64
 495 0074 27       		.byte	39
 496 0075 20       		.byte	32
 497 0076 37       		.byte	55
 498 0077 20       		.byte	32
 499 0078 3F       		.byte	63
 500 0079 02       		.byte	2
 501 007a 45       		.byte	69
 502 007b 08       		.byte	8
 503 007c 4F       		.byte	79
 504 007d 81       		.byte	-127
 505 007e 56       		.byte	86
 506 007f 80       		.byte	-128
 507 0080 57       		.byte	87
 508 0081 41       		.byte	65
 509 0082 5C       		.byte	92
ARM GAS  C:\Users\oggih\AppData\Local\Temp\ccDvwuvo.s 			page 18


 510 0083 40       		.byte	64
 511 0084 5E       		.byte	94
 512 0085 08       		.byte	8
 513 0086 5F       		.byte	95
 514 0087 01       		.byte	1
 515 0088 77       		.byte	119
 516 0089 40       		.byte	64
 517 008a 87       		.byte	-121
 518 008b 80       		.byte	-128
 519 008c 97       		.byte	-105
 520 008d 02       		.byte	2
 521 008e B7       		.byte	-73
 522 008f 01       		.byte	1
 523 0090 C0       		.byte	-64
 524 0091 10       		.byte	16
 525 0092 C2       		.byte	-62
 526 0093 A0       		.byte	-96
 527 0094 C4       		.byte	-60
 528 0095 90       		.byte	-112
 529 0096 CC       		.byte	-52
 530 0097 20       		.byte	32
 531 0098 CE       		.byte	-50
 532 0099 80       		.byte	-128
 533 009a D0       		.byte	-48
 534 009b 40       		.byte	64
 535 009c D2       		.byte	-46
 536 009d 10       		.byte	16
 537 009e D6       		.byte	-42
 538 009f D0       		.byte	-48
 539 00a0 EA       		.byte	-22
 540 00a1 40       		.byte	64
 541 00a2 57       		.byte	87
 542 00a3 80       		.byte	-128
 543 00a4 D4       		.byte	-44
 544 00a5 40       		.byte	64
 545 00a6 63       		.byte	99
 546 00a7 02       		.byte	2
 547 00a8 87       		.byte	-121
 548 00a9 01       		.byte	1
 549 00aa B7       		.byte	-73
 550 00ab 80       		.byte	-128
 551 00ac D6       		.byte	-42
 552 00ad 40       		.byte	64
 553 00ae E6       		.byte	-26
 554 00af 10       		.byte	16
 555 00b0 01       		.byte	1
 556 00b1 01       		.byte	1
 557 00b2 10       		.byte	16
 558 00b3 01       		.byte	1
 559              		.type	cy_cfg_addr_table.4864, %object
 560              		.size	cy_cfg_addr_table.4864, 24
 561              	cy_cfg_addr_table.4864:
 562 00b4 01000F40 		.word	1074724865
 563 00b8 2A320F40 		.word	1074737706
 564 00bc 20330F40 		.word	1074737952
 565 00c0 02400F40 		.word	1074741250
 566 00c4 05410F40 		.word	1074741509
ARM GAS  C:\Users\oggih\AppData\Local\Temp\ccDvwuvo.s 			page 19


 567 00c8 02600F40 		.word	1074749442
 568              		.text
 569              	.Letext0:
 570              		.file 2 "c:\\program files (x86)\\cypress\\psoc creator\\4.4\\psoc creator\\import\\gnu\\arm\\5.4.
 571              		.file 3 "Generated_Source\\PSoC4\\cytypes.h"
 572              		.file 4 "Generated_Source\\PSoC4\\CyLib.h"
 573              		.section	.debug_info,"",%progbits
 574              	.Ldebug_info0:
 575 0000 9C030000 		.4byte	0x39c
 576 0004 0400     		.2byte	0x4
 577 0006 00000000 		.4byte	.Ldebug_abbrev0
 578 000a 04       		.byte	0x4
 579 000b 01       		.uleb128 0x1
 580 000c 65010000 		.4byte	.LASF39
 581 0010 0C       		.byte	0xc
 582 0011 99020000 		.4byte	.LASF40
 583 0015 A7000000 		.4byte	.LASF41
 584 0019 00000000 		.4byte	.Ldebug_ranges0+0
 585 001d 00000000 		.4byte	0
 586 0021 00000000 		.4byte	.Ldebug_line0
 587 0025 02       		.uleb128 0x2
 588 0026 04       		.byte	0x4
 589 0027 05       		.byte	0x5
 590 0028 696E7400 		.ascii	"int\000"
 591 002c 03       		.uleb128 0x3
 592 002d 06000000 		.4byte	.LASF12
 593 0031 02       		.byte	0x2
 594 0032 D8       		.byte	0xd8
 595 0033 37000000 		.4byte	0x37
 596 0037 04       		.uleb128 0x4
 597 0038 04       		.byte	0x4
 598 0039 07       		.byte	0x7
 599 003a 2C010000 		.4byte	.LASF0
 600 003e 04       		.uleb128 0x4
 601 003f 08       		.byte	0x8
 602 0040 05       		.byte	0x5
 603 0041 25020000 		.4byte	.LASF1
 604 0045 04       		.uleb128 0x4
 605 0046 08       		.byte	0x8
 606 0047 04       		.byte	0x4
 607 0048 81020000 		.4byte	.LASF2
 608 004c 04       		.uleb128 0x4
 609 004d 01       		.byte	0x1
 610 004e 06       		.byte	0x6
 611 004f 8D020000 		.4byte	.LASF3
 612 0053 04       		.uleb128 0x4
 613 0054 01       		.byte	0x1
 614 0055 08       		.byte	0x8
 615 0056 99000000 		.4byte	.LASF4
 616 005a 04       		.uleb128 0x4
 617 005b 02       		.byte	0x2
 618 005c 05       		.byte	0x5
 619 005d 52020000 		.4byte	.LASF5
 620 0061 04       		.uleb128 0x4
 621 0062 02       		.byte	0x2
 622 0063 07       		.byte	0x7
 623 0064 12020000 		.4byte	.LASF6
ARM GAS  C:\Users\oggih\AppData\Local\Temp\ccDvwuvo.s 			page 20


 624 0068 04       		.uleb128 0x4
 625 0069 04       		.byte	0x4
 626 006a 05       		.byte	0x5
 627 006b 78020000 		.4byte	.LASF7
 628 006f 04       		.uleb128 0x4
 629 0070 04       		.byte	0x4
 630 0071 07       		.byte	0x7
 631 0072 77000000 		.4byte	.LASF8
 632 0076 04       		.uleb128 0x4
 633 0077 08       		.byte	0x8
 634 0078 07       		.byte	0x7
 635 0079 4E010000 		.4byte	.LASF9
 636 007d 04       		.uleb128 0x4
 637 007e 04       		.byte	0x4
 638 007f 07       		.byte	0x7
 639 0080 09020000 		.4byte	.LASF10
 640 0084 05       		.uleb128 0x5
 641 0085 04       		.byte	0x4
 642 0086 04       		.uleb128 0x4
 643 0087 01       		.byte	0x1
 644 0088 08       		.byte	0x8
 645 0089 33020000 		.4byte	.LASF11
 646 008d 06       		.uleb128 0x6
 647 008e 89000000 		.4byte	.LASF13
 648 0092 03       		.byte	0x3
 649 0093 FB01     		.2byte	0x1fb
 650 0095 53000000 		.4byte	0x53
 651 0099 06       		.uleb128 0x6
 652 009a 13010000 		.4byte	.LASF14
 653 009e 03       		.byte	0x3
 654 009f FC01     		.2byte	0x1fc
 655 00a1 61000000 		.4byte	0x61
 656 00a5 06       		.uleb128 0x6
 657 00a6 25010000 		.4byte	.LASF15
 658 00aa 03       		.byte	0x3
 659 00ab FD01     		.2byte	0x1fd
 660 00ad 6F000000 		.4byte	0x6f
 661 00b1 04       		.uleb128 0x4
 662 00b2 04       		.byte	0x4
 663 00b3 04       		.byte	0x4
 664 00b4 57000000 		.4byte	.LASF16
 665 00b8 04       		.uleb128 0x4
 666 00b9 08       		.byte	0x8
 667 00ba 04       		.byte	0x4
 668 00bb E3000000 		.4byte	.LASF17
 669 00bf 06       		.uleb128 0x6
 670 00c0 72000000 		.4byte	.LASF18
 671 00c4 03       		.byte	0x3
 672 00c5 A502     		.2byte	0x2a5
 673 00c7 CB000000 		.4byte	0xcb
 674 00cb 07       		.uleb128 0x7
 675 00cc 8D000000 		.4byte	0x8d
 676 00d0 06       		.uleb128 0x6
 677 00d1 00000000 		.4byte	.LASF19
 678 00d5 03       		.byte	0x3
 679 00d6 A702     		.2byte	0x2a7
 680 00d8 DC000000 		.4byte	0xdc
ARM GAS  C:\Users\oggih\AppData\Local\Temp\ccDvwuvo.s 			page 21


 681 00dc 07       		.uleb128 0x7
 682 00dd A5000000 		.4byte	0xa5
 683 00e1 08       		.uleb128 0x8
 684 00e2 02       		.byte	0x2
 685 00e3 01       		.byte	0x1
 686 00e4 97       		.byte	0x97
 687 00e5 02010000 		.4byte	0x102
 688 00e9 09       		.uleb128 0x9
 689 00ea 4B020000 		.4byte	.LASF20
 690 00ee 01       		.byte	0x1
 691 00ef 99       		.byte	0x99
 692 00f0 8D000000 		.4byte	0x8d
 693 00f4 00       		.byte	0
 694 00f5 09       		.uleb128 0x9
 695 00f6 1C000000 		.4byte	.LASF21
 696 00fa 01       		.byte	0x1
 697 00fb 9A       		.byte	0x9a
 698 00fc 8D000000 		.4byte	0x8d
 699 0100 01       		.byte	0x1
 700 0101 00       		.byte	0
 701 0102 03       		.uleb128 0x3
 702 0103 38020000 		.4byte	.LASF22
 703 0107 01       		.byte	0x1
 704 0108 9B       		.byte	0x9b
 705 0109 E1000000 		.4byte	0xe1
 706 010d 0A       		.uleb128 0xa
 707 010e EA000000 		.4byte	.LASF27
 708 0112 01       		.byte	0x1
 709 0113 AE       		.byte	0xae
 710 0114 00000000 		.4byte	.LFB3
 711 0118 32000000 		.4byte	.LFE3-.LFB3
 712 011c 01       		.uleb128 0x1
 713 011d 9C       		.byte	0x9c
 714 011e 7F010000 		.4byte	0x17f
 715 0122 0B       		.uleb128 0xb
 716 0123 08010000 		.4byte	.LASF23
 717 0127 01       		.byte	0x1
 718 0128 AE       		.byte	0xae
 719 0129 7F010000 		.4byte	0x17f
 720 012d 01       		.uleb128 0x1
 721 012e 50       		.byte	0x50
 722 012f 0B       		.uleb128 0xb
 723 0130 1A010000 		.4byte	.LASF24
 724 0134 01       		.byte	0x1
 725 0135 AE       		.byte	0xae
 726 0136 8A010000 		.4byte	0x18a
 727 013a 01       		.uleb128 0x1
 728 013b 51       		.byte	0x51
 729 013c 0C       		.uleb128 0xc
 730 013d 6900     		.ascii	"i\000"
 731 013f 01       		.byte	0x1
 732 0140 B1       		.byte	0xb1
 733 0141 A5000000 		.4byte	0xa5
 734 0145 00000000 		.4byte	.LLST0
 735 0149 0C       		.uleb128 0xc
 736 014a 6A00     		.ascii	"j\000"
 737 014c 01       		.byte	0x1
ARM GAS  C:\Users\oggih\AppData\Local\Temp\ccDvwuvo.s 			page 22


 738 014d B1       		.byte	0xb1
 739 014e A5000000 		.4byte	0xa5
 740 0152 1F000000 		.4byte	.LLST1
 741 0156 0D       		.uleb128 0xd
 742 0157 08000000 		.4byte	.LBB2
 743 015b 22000000 		.4byte	.LBE2-.LBB2
 744 015f 0E       		.uleb128 0xe
 745 0160 00020000 		.4byte	.LASF25
 746 0164 01       		.byte	0x1
 747 0165 B4       		.byte	0xb4
 748 0166 A5000000 		.4byte	0xa5
 749 016a 3E000000 		.4byte	.LLST2
 750 016e 0E       		.uleb128 0xe
 751 016f 22000000 		.4byte	.LASF26
 752 0173 01       		.byte	0x1
 753 0174 B5       		.byte	0xb5
 754 0175 8D000000 		.4byte	0x8d
 755 0179 51000000 		.4byte	.LLST3
 756 017d 00       		.byte	0
 757 017e 00       		.byte	0
 758 017f 0F       		.uleb128 0xf
 759 0180 04       		.byte	0x4
 760 0181 85010000 		.4byte	0x185
 761 0185 10       		.uleb128 0x10
 762 0186 A5000000 		.4byte	0xa5
 763 018a 0F       		.uleb128 0xf
 764 018b 04       		.byte	0x4
 765 018c 90010000 		.4byte	0x190
 766 0190 10       		.uleb128 0x10
 767 0191 02010000 		.4byte	0x102
 768 0195 0A       		.uleb128 0xa
 769 0196 8F000000 		.4byte	.LASF28
 770 019a 01       		.byte	0x1
 771 019b 4C       		.byte	0x4c
 772 019c 00000000 		.4byte	.LFB0
 773 01a0 0C000000 		.4byte	.LFE0-.LFB0
 774 01a4 01       		.uleb128 0x1
 775 01a5 9C       		.byte	0x9c
 776 01a6 E2010000 		.4byte	0x1e2
 777 01aa 11       		.uleb128 0x11
 778 01ab 7300     		.ascii	"s\000"
 779 01ad 01       		.byte	0x1
 780 01ae 4C       		.byte	0x4c
 781 01af 84000000 		.4byte	0x84
 782 01b3 6F000000 		.4byte	.LLST4
 783 01b7 11       		.uleb128 0x11
 784 01b8 6E00     		.ascii	"n\000"
 785 01ba 01       		.byte	0x1
 786 01bb 4C       		.byte	0x4c
 787 01bc 2C000000 		.4byte	0x2c
 788 01c0 90000000 		.4byte	.LLST5
 789 01c4 12       		.uleb128 0x12
 790 01c5 0A000000 		.4byte	.LVL14
 791 01c9 75030000 		.4byte	0x375
 792 01cd 13       		.uleb128 0x13
 793 01ce 01       		.uleb128 0x1
 794 01cf 50       		.byte	0x50
ARM GAS  C:\Users\oggih\AppData\Local\Temp\ccDvwuvo.s 			page 23


 795 01d0 03       		.uleb128 0x3
 796 01d1 F3       		.byte	0xf3
 797 01d2 01       		.uleb128 0x1
 798 01d3 50       		.byte	0x50
 799 01d4 13       		.uleb128 0x13
 800 01d5 01       		.uleb128 0x1
 801 01d6 51       		.byte	0x51
 802 01d7 01       		.uleb128 0x1
 803 01d8 30       		.byte	0x30
 804 01d9 13       		.uleb128 0x13
 805 01da 01       		.uleb128 0x1
 806 01db 52       		.byte	0x52
 807 01dc 03       		.uleb128 0x3
 808 01dd F3       		.byte	0xf3
 809 01de 01       		.uleb128 0x1
 810 01df 51       		.byte	0x51
 811 01e0 00       		.byte	0
 812 01e1 00       		.byte	0
 813 01e2 0A       		.uleb128 0xa
 814 01e3 28000000 		.4byte	.LASF29
 815 01e7 01       		.byte	0x1
 816 01e8 D3       		.byte	0xd3
 817 01e9 00000000 		.4byte	.LFB4
 818 01ed 78000000 		.4byte	.LFE4-.LFB4
 819 01f1 01       		.uleb128 0x1
 820 01f2 9C       		.byte	0x9c
 821 01f3 2D020000 		.4byte	0x22d
 822 01f7 14       		.uleb128 0x14
 823 01f8 14000000 		.4byte	.LVL15
 824 01fc 7E030000 		.4byte	0x37e
 825 0200 0A020000 		.4byte	0x20a
 826 0204 13       		.uleb128 0x13
 827 0205 01       		.uleb128 0x1
 828 0206 50       		.byte	0x50
 829 0207 01       		.uleb128 0x1
 830 0208 48       		.byte	0x48
 831 0209 00       		.byte	0
 832 020a 14       		.uleb128 0x14
 833 020b 42000000 		.4byte	.LVL16
 834 020f 89030000 		.4byte	0x389
 835 0213 1D020000 		.4byte	0x21d
 836 0217 13       		.uleb128 0x13
 837 0218 01       		.uleb128 0x1
 838 0219 50       		.byte	0x50
 839 021a 01       		.uleb128 0x1
 840 021b 39       		.byte	0x39
 841 021c 00       		.byte	0
 842 021d 12       		.uleb128 0x12
 843 021e 48000000 		.4byte	.LVL17
 844 0222 94030000 		.4byte	0x394
 845 0226 13       		.uleb128 0x13
 846 0227 01       		.uleb128 0x1
 847 0228 50       		.byte	0x50
 848 0229 01       		.uleb128 0x1
 849 022a 39       		.byte	0x39
 850 022b 00       		.byte	0
 851 022c 00       		.byte	0
ARM GAS  C:\Users\oggih\AppData\Local\Temp\ccDvwuvo.s 			page 24


 852 022d 15       		.uleb128 0x15
 853 022e 39010000 		.4byte	.LASF42
 854 0232 01       		.byte	0x1
 855 0233 1E01     		.2byte	0x11e
 856 0235 78000000 		.4byte	.LFB6
 857 0239 FC000000 		.4byte	.LFE6-.LFB6
 858 023d 01       		.uleb128 0x1
 859 023e 9C       		.byte	0x9c
 860 023f 4B030000 		.4byte	0x34b
 861 0243 16       		.uleb128 0x16
 862 0244 7C000000 		.4byte	.LBB3
 863 0248 88000000 		.4byte	.LBE3-.LBB3
 864 024c 41030000 		.4byte	0x341
 865 0250 17       		.uleb128 0x17
 866 0251 33000000 		.4byte	.LASF30
 867 0255 01       		.byte	0x1
 868 0256 2401     		.2byte	0x124
 869 0258 5B030000 		.4byte	0x35b
 870 025c 05       		.uleb128 0x5
 871 025d 03       		.byte	0x3
 872 025e B4000000 		.4byte	cy_cfg_addr_table.4864
 873 0262 17       		.uleb128 0x17
 874 0263 45000000 		.4byte	.LASF31
 875 0267 01       		.byte	0x1
 876 0268 2D01     		.2byte	0x12d
 877 026a 70030000 		.4byte	0x370
 878 026e 05       		.uleb128 0x5
 879 026f 03       		.byte	0x3
 880 0270 0C000000 		.4byte	cy_cfg_data_table.4865
 881 0274 18       		.uleb128 0x18
 882 0275 06       		.byte	0x6
 883 0276 01       		.byte	0x1
 884 0277 8601     		.2byte	0x186
 885 0279 98020000 		.4byte	0x298
 886 027d 19       		.uleb128 0x19
 887 027e 46010000 		.4byte	.LASF32
 888 0282 01       		.byte	0x1
 889 0283 8701     		.2byte	0x187
 890 0285 84000000 		.4byte	0x84
 891 0289 00       		.byte	0
 892 028a 19       		.uleb128 0x19
 893 028b 6D000000 		.4byte	.LASF33
 894 028f 01       		.byte	0x1
 895 0290 8801     		.2byte	0x188
 896 0292 99000000 		.4byte	0x99
 897 0296 04       		.byte	0x4
 898 0297 00       		.byte	0
 899 0298 06       		.uleb128 0x6
 900 0299 F3010000 		.4byte	.LASF34
 901 029d 01       		.byte	0x1
 902 029e 8901     		.2byte	0x189
 903 02a0 74020000 		.4byte	0x274
 904 02a4 1A       		.uleb128 0x1a
 905 02a5 B4020000 		.4byte	0x2b4
 906 02a9 B4020000 		.4byte	0x2b4
 907 02ad 1B       		.uleb128 0x1b
 908 02ae 7D000000 		.4byte	0x7d
ARM GAS  C:\Users\oggih\AppData\Local\Temp\ccDvwuvo.s 			page 25


 909 02b2 01       		.byte	0x1
 910 02b3 00       		.byte	0
 911 02b4 10       		.uleb128 0x10
 912 02b5 98020000 		.4byte	0x298
 913 02b9 17       		.uleb128 0x17
 914 02ba 5D000000 		.4byte	.LASF35
 915 02be 01       		.byte	0x1
 916 02bf 8B01     		.2byte	0x18b
 917 02c1 CB020000 		.4byte	0x2cb
 918 02c5 05       		.uleb128 0x5
 919 02c6 03       		.byte	0x3
 920 02c7 00000000 		.4byte	cfg_memset_list.4870
 921 02cb 10       		.uleb128 0x10
 922 02cc A4020000 		.4byte	0x2a4
 923 02d0 1C       		.uleb128 0x1c
 924 02d1 6900     		.ascii	"i\000"
 925 02d3 01       		.byte	0x1
 926 02d4 9101     		.2byte	0x191
 927 02d6 8D000000 		.4byte	0x8d
 928 02da BC000000 		.4byte	.LLST6
 929 02de 16       		.uleb128 0x16
 930 02df 80000000 		.4byte	.LBB4
 931 02e3 1C000000 		.4byte	.LBE4-.LBB4
 932 02e7 24030000 		.4byte	0x324
 933 02eb 1C       		.uleb128 0x1c
 934 02ec 6D7300   		.ascii	"ms\000"
 935 02ef 01       		.byte	0x1
 936 02f0 9601     		.2byte	0x196
 937 02f2 FA020000 		.4byte	0x2fa
 938 02f6 E6000000 		.4byte	.LLST7
 939 02fa 0F       		.uleb128 0xf
 940 02fb 04       		.byte	0x4
 941 02fc B4020000 		.4byte	0x2b4
 942 0300 12       		.uleb128 0x12
 943 0301 9C000000 		.4byte	.LVL20
 944 0305 95010000 		.4byte	0x195
 945 0309 13       		.uleb128 0x13
 946 030a 01       		.uleb128 0x1
 947 030b 51       		.byte	0x51
 948 030c 15       		.uleb128 0x15
 949 030d 74       		.byte	0x74
 950 030e 00       		.sleb128 0
 951 030f 31       		.byte	0x31
 952 0310 24       		.byte	0x24
 953 0311 74       		.byte	0x74
 954 0312 00       		.sleb128 0
 955 0313 22       		.byte	0x22
 956 0314 31       		.byte	0x31
 957 0315 24       		.byte	0x24
 958 0316 03       		.byte	0x3
 959 0317 04000000 		.4byte	.LANCHOR0+4
 960 031b 22       		.byte	0x22
 961 031c 94       		.byte	0x94
 962 031d 02       		.byte	0x2
 963 031e 0A       		.byte	0xa
 964 031f FFFF     		.2byte	0xffff
 965 0321 1A       		.byte	0x1a
ARM GAS  C:\Users\oggih\AppData\Local\Temp\ccDvwuvo.s 			page 26


 966 0322 00       		.byte	0
 967 0323 00       		.byte	0
 968 0324 12       		.uleb128 0x12
 969 0325 B0000000 		.4byte	.LVL23
 970 0329 0D010000 		.4byte	0x10d
 971 032d 13       		.uleb128 0x13
 972 032e 01       		.uleb128 0x1
 973 032f 50       		.byte	0x50
 974 0330 05       		.uleb128 0x5
 975 0331 03       		.byte	0x3
 976 0332 B4000000 		.4byte	.LANCHOR1+52
 977 0336 13       		.uleb128 0x13
 978 0337 01       		.uleb128 0x1
 979 0338 51       		.byte	0x51
 980 0339 05       		.uleb128 0x5
 981 033a 03       		.byte	0x3
 982 033b 0C000000 		.4byte	.LANCHOR0+12
 983 033f 00       		.byte	0
 984 0340 00       		.byte	0
 985 0341 1D       		.uleb128 0x1d
 986 0342 2C010000 		.4byte	.LVL24
 987 0346 E2010000 		.4byte	0x1e2
 988 034a 00       		.byte	0
 989 034b 1A       		.uleb128 0x1a
 990 034c 85010000 		.4byte	0x185
 991 0350 5B030000 		.4byte	0x35b
 992 0354 1B       		.uleb128 0x1b
 993 0355 7D000000 		.4byte	0x7d
 994 0359 05       		.byte	0x5
 995 035a 00       		.byte	0
 996 035b 10       		.uleb128 0x10
 997 035c 4B030000 		.4byte	0x34b
 998 0360 1A       		.uleb128 0x1a
 999 0361 90010000 		.4byte	0x190
 1000 0365 70030000 		.4byte	0x370
 1001 0369 1B       		.uleb128 0x1b
 1002 036a 7D000000 		.4byte	0x7d
 1003 036e 53       		.byte	0x53
 1004 036f 00       		.byte	0
 1005 0370 10       		.uleb128 0x10
 1006 0371 60030000 		.4byte	0x360
 1007 0375 1E       		.uleb128 0x1e
 1008 0376 71020000 		.4byte	.LASF43
 1009 037a 71020000 		.4byte	.LASF43
 1010 037e 1F       		.uleb128 0x1f
 1011 037f 5C020000 		.4byte	.LASF36
 1012 0383 5C020000 		.4byte	.LASF36
 1013 0387 04       		.byte	0x4
 1014 0388 6C       		.byte	0x6c
 1015 0389 1F       		.uleb128 0x1f
 1016 038a 0D000000 		.4byte	.LASF37
 1017 038e 0D000000 		.4byte	.LASF37
 1018 0392 04       		.byte	0x4
 1019 0393 D0       		.byte	0xd0
 1020 0394 1F       		.uleb128 0x1f
 1021 0395 FC000000 		.4byte	.LASF38
 1022 0399 FC000000 		.4byte	.LASF38
ARM GAS  C:\Users\oggih\AppData\Local\Temp\ccDvwuvo.s 			page 27


 1023 039d 04       		.byte	0x4
 1024 039e D6       		.byte	0xd6
 1025 039f 00       		.byte	0
 1026              		.section	.debug_abbrev,"",%progbits
 1027              	.Ldebug_abbrev0:
 1028 0000 01       		.uleb128 0x1
 1029 0001 11       		.uleb128 0x11
 1030 0002 01       		.byte	0x1
 1031 0003 25       		.uleb128 0x25
 1032 0004 0E       		.uleb128 0xe
 1033 0005 13       		.uleb128 0x13
 1034 0006 0B       		.uleb128 0xb
 1035 0007 03       		.uleb128 0x3
 1036 0008 0E       		.uleb128 0xe
 1037 0009 1B       		.uleb128 0x1b
 1038 000a 0E       		.uleb128 0xe
 1039 000b 55       		.uleb128 0x55
 1040 000c 17       		.uleb128 0x17
 1041 000d 11       		.uleb128 0x11
 1042 000e 01       		.uleb128 0x1
 1043 000f 10       		.uleb128 0x10
 1044 0010 17       		.uleb128 0x17
 1045 0011 00       		.byte	0
 1046 0012 00       		.byte	0
 1047 0013 02       		.uleb128 0x2
 1048 0014 24       		.uleb128 0x24
 1049 0015 00       		.byte	0
 1050 0016 0B       		.uleb128 0xb
 1051 0017 0B       		.uleb128 0xb
 1052 0018 3E       		.uleb128 0x3e
 1053 0019 0B       		.uleb128 0xb
 1054 001a 03       		.uleb128 0x3
 1055 001b 08       		.uleb128 0x8
 1056 001c 00       		.byte	0
 1057 001d 00       		.byte	0
 1058 001e 03       		.uleb128 0x3
 1059 001f 16       		.uleb128 0x16
 1060 0020 00       		.byte	0
 1061 0021 03       		.uleb128 0x3
 1062 0022 0E       		.uleb128 0xe
 1063 0023 3A       		.uleb128 0x3a
 1064 0024 0B       		.uleb128 0xb
 1065 0025 3B       		.uleb128 0x3b
 1066 0026 0B       		.uleb128 0xb
 1067 0027 49       		.uleb128 0x49
 1068 0028 13       		.uleb128 0x13
 1069 0029 00       		.byte	0
 1070 002a 00       		.byte	0
 1071 002b 04       		.uleb128 0x4
 1072 002c 24       		.uleb128 0x24
 1073 002d 00       		.byte	0
 1074 002e 0B       		.uleb128 0xb
 1075 002f 0B       		.uleb128 0xb
 1076 0030 3E       		.uleb128 0x3e
 1077 0031 0B       		.uleb128 0xb
 1078 0032 03       		.uleb128 0x3
 1079 0033 0E       		.uleb128 0xe
ARM GAS  C:\Users\oggih\AppData\Local\Temp\ccDvwuvo.s 			page 28


 1080 0034 00       		.byte	0
 1081 0035 00       		.byte	0
 1082 0036 05       		.uleb128 0x5
 1083 0037 0F       		.uleb128 0xf
 1084 0038 00       		.byte	0
 1085 0039 0B       		.uleb128 0xb
 1086 003a 0B       		.uleb128 0xb
 1087 003b 00       		.byte	0
 1088 003c 00       		.byte	0
 1089 003d 06       		.uleb128 0x6
 1090 003e 16       		.uleb128 0x16
 1091 003f 00       		.byte	0
 1092 0040 03       		.uleb128 0x3
 1093 0041 0E       		.uleb128 0xe
 1094 0042 3A       		.uleb128 0x3a
 1095 0043 0B       		.uleb128 0xb
 1096 0044 3B       		.uleb128 0x3b
 1097 0045 05       		.uleb128 0x5
 1098 0046 49       		.uleb128 0x49
 1099 0047 13       		.uleb128 0x13
 1100 0048 00       		.byte	0
 1101 0049 00       		.byte	0
 1102 004a 07       		.uleb128 0x7
 1103 004b 35       		.uleb128 0x35
 1104 004c 00       		.byte	0
 1105 004d 49       		.uleb128 0x49
 1106 004e 13       		.uleb128 0x13
 1107 004f 00       		.byte	0
 1108 0050 00       		.byte	0
 1109 0051 08       		.uleb128 0x8
 1110 0052 13       		.uleb128 0x13
 1111 0053 01       		.byte	0x1
 1112 0054 0B       		.uleb128 0xb
 1113 0055 0B       		.uleb128 0xb
 1114 0056 3A       		.uleb128 0x3a
 1115 0057 0B       		.uleb128 0xb
 1116 0058 3B       		.uleb128 0x3b
 1117 0059 0B       		.uleb128 0xb
 1118 005a 01       		.uleb128 0x1
 1119 005b 13       		.uleb128 0x13
 1120 005c 00       		.byte	0
 1121 005d 00       		.byte	0
 1122 005e 09       		.uleb128 0x9
 1123 005f 0D       		.uleb128 0xd
 1124 0060 00       		.byte	0
 1125 0061 03       		.uleb128 0x3
 1126 0062 0E       		.uleb128 0xe
 1127 0063 3A       		.uleb128 0x3a
 1128 0064 0B       		.uleb128 0xb
 1129 0065 3B       		.uleb128 0x3b
 1130 0066 0B       		.uleb128 0xb
 1131 0067 49       		.uleb128 0x49
 1132 0068 13       		.uleb128 0x13
 1133 0069 38       		.uleb128 0x38
 1134 006a 0B       		.uleb128 0xb
 1135 006b 00       		.byte	0
 1136 006c 00       		.byte	0
ARM GAS  C:\Users\oggih\AppData\Local\Temp\ccDvwuvo.s 			page 29


 1137 006d 0A       		.uleb128 0xa
 1138 006e 2E       		.uleb128 0x2e
 1139 006f 01       		.byte	0x1
 1140 0070 03       		.uleb128 0x3
 1141 0071 0E       		.uleb128 0xe
 1142 0072 3A       		.uleb128 0x3a
 1143 0073 0B       		.uleb128 0xb
 1144 0074 3B       		.uleb128 0x3b
 1145 0075 0B       		.uleb128 0xb
 1146 0076 27       		.uleb128 0x27
 1147 0077 19       		.uleb128 0x19
 1148 0078 11       		.uleb128 0x11
 1149 0079 01       		.uleb128 0x1
 1150 007a 12       		.uleb128 0x12
 1151 007b 06       		.uleb128 0x6
 1152 007c 40       		.uleb128 0x40
 1153 007d 18       		.uleb128 0x18
 1154 007e 9742     		.uleb128 0x2117
 1155 0080 19       		.uleb128 0x19
 1156 0081 01       		.uleb128 0x1
 1157 0082 13       		.uleb128 0x13
 1158 0083 00       		.byte	0
 1159 0084 00       		.byte	0
 1160 0085 0B       		.uleb128 0xb
 1161 0086 05       		.uleb128 0x5
 1162 0087 00       		.byte	0
 1163 0088 03       		.uleb128 0x3
 1164 0089 0E       		.uleb128 0xe
 1165 008a 3A       		.uleb128 0x3a
 1166 008b 0B       		.uleb128 0xb
 1167 008c 3B       		.uleb128 0x3b
 1168 008d 0B       		.uleb128 0xb
 1169 008e 49       		.uleb128 0x49
 1170 008f 13       		.uleb128 0x13
 1171 0090 02       		.uleb128 0x2
 1172 0091 18       		.uleb128 0x18
 1173 0092 00       		.byte	0
 1174 0093 00       		.byte	0
 1175 0094 0C       		.uleb128 0xc
 1176 0095 34       		.uleb128 0x34
 1177 0096 00       		.byte	0
 1178 0097 03       		.uleb128 0x3
 1179 0098 08       		.uleb128 0x8
 1180 0099 3A       		.uleb128 0x3a
 1181 009a 0B       		.uleb128 0xb
 1182 009b 3B       		.uleb128 0x3b
 1183 009c 0B       		.uleb128 0xb
 1184 009d 49       		.uleb128 0x49
 1185 009e 13       		.uleb128 0x13
 1186 009f 02       		.uleb128 0x2
 1187 00a0 17       		.uleb128 0x17
 1188 00a1 00       		.byte	0
 1189 00a2 00       		.byte	0
 1190 00a3 0D       		.uleb128 0xd
 1191 00a4 0B       		.uleb128 0xb
 1192 00a5 01       		.byte	0x1
 1193 00a6 11       		.uleb128 0x11
ARM GAS  C:\Users\oggih\AppData\Local\Temp\ccDvwuvo.s 			page 30


 1194 00a7 01       		.uleb128 0x1
 1195 00a8 12       		.uleb128 0x12
 1196 00a9 06       		.uleb128 0x6
 1197 00aa 00       		.byte	0
 1198 00ab 00       		.byte	0
 1199 00ac 0E       		.uleb128 0xe
 1200 00ad 34       		.uleb128 0x34
 1201 00ae 00       		.byte	0
 1202 00af 03       		.uleb128 0x3
 1203 00b0 0E       		.uleb128 0xe
 1204 00b1 3A       		.uleb128 0x3a
 1205 00b2 0B       		.uleb128 0xb
 1206 00b3 3B       		.uleb128 0x3b
 1207 00b4 0B       		.uleb128 0xb
 1208 00b5 49       		.uleb128 0x49
 1209 00b6 13       		.uleb128 0x13
 1210 00b7 02       		.uleb128 0x2
 1211 00b8 17       		.uleb128 0x17
 1212 00b9 00       		.byte	0
 1213 00ba 00       		.byte	0
 1214 00bb 0F       		.uleb128 0xf
 1215 00bc 0F       		.uleb128 0xf
 1216 00bd 00       		.byte	0
 1217 00be 0B       		.uleb128 0xb
 1218 00bf 0B       		.uleb128 0xb
 1219 00c0 49       		.uleb128 0x49
 1220 00c1 13       		.uleb128 0x13
 1221 00c2 00       		.byte	0
 1222 00c3 00       		.byte	0
 1223 00c4 10       		.uleb128 0x10
 1224 00c5 26       		.uleb128 0x26
 1225 00c6 00       		.byte	0
 1226 00c7 49       		.uleb128 0x49
 1227 00c8 13       		.uleb128 0x13
 1228 00c9 00       		.byte	0
 1229 00ca 00       		.byte	0
 1230 00cb 11       		.uleb128 0x11
 1231 00cc 05       		.uleb128 0x5
 1232 00cd 00       		.byte	0
 1233 00ce 03       		.uleb128 0x3
 1234 00cf 08       		.uleb128 0x8
 1235 00d0 3A       		.uleb128 0x3a
 1236 00d1 0B       		.uleb128 0xb
 1237 00d2 3B       		.uleb128 0x3b
 1238 00d3 0B       		.uleb128 0xb
 1239 00d4 49       		.uleb128 0x49
 1240 00d5 13       		.uleb128 0x13
 1241 00d6 02       		.uleb128 0x2
 1242 00d7 17       		.uleb128 0x17
 1243 00d8 00       		.byte	0
 1244 00d9 00       		.byte	0
 1245 00da 12       		.uleb128 0x12
 1246 00db 898201   		.uleb128 0x4109
 1247 00de 01       		.byte	0x1
 1248 00df 11       		.uleb128 0x11
 1249 00e0 01       		.uleb128 0x1
 1250 00e1 31       		.uleb128 0x31
ARM GAS  C:\Users\oggih\AppData\Local\Temp\ccDvwuvo.s 			page 31


 1251 00e2 13       		.uleb128 0x13
 1252 00e3 00       		.byte	0
 1253 00e4 00       		.byte	0
 1254 00e5 13       		.uleb128 0x13
 1255 00e6 8A8201   		.uleb128 0x410a
 1256 00e9 00       		.byte	0
 1257 00ea 02       		.uleb128 0x2
 1258 00eb 18       		.uleb128 0x18
 1259 00ec 9142     		.uleb128 0x2111
 1260 00ee 18       		.uleb128 0x18
 1261 00ef 00       		.byte	0
 1262 00f0 00       		.byte	0
 1263 00f1 14       		.uleb128 0x14
 1264 00f2 898201   		.uleb128 0x4109
 1265 00f5 01       		.byte	0x1
 1266 00f6 11       		.uleb128 0x11
 1267 00f7 01       		.uleb128 0x1
 1268 00f8 31       		.uleb128 0x31
 1269 00f9 13       		.uleb128 0x13
 1270 00fa 01       		.uleb128 0x1
 1271 00fb 13       		.uleb128 0x13
 1272 00fc 00       		.byte	0
 1273 00fd 00       		.byte	0
 1274 00fe 15       		.uleb128 0x15
 1275 00ff 2E       		.uleb128 0x2e
 1276 0100 01       		.byte	0x1
 1277 0101 3F       		.uleb128 0x3f
 1278 0102 19       		.uleb128 0x19
 1279 0103 03       		.uleb128 0x3
 1280 0104 0E       		.uleb128 0xe
 1281 0105 3A       		.uleb128 0x3a
 1282 0106 0B       		.uleb128 0xb
 1283 0107 3B       		.uleb128 0x3b
 1284 0108 05       		.uleb128 0x5
 1285 0109 27       		.uleb128 0x27
 1286 010a 19       		.uleb128 0x19
 1287 010b 11       		.uleb128 0x11
 1288 010c 01       		.uleb128 0x1
 1289 010d 12       		.uleb128 0x12
 1290 010e 06       		.uleb128 0x6
 1291 010f 40       		.uleb128 0x40
 1292 0110 18       		.uleb128 0x18
 1293 0111 9742     		.uleb128 0x2117
 1294 0113 19       		.uleb128 0x19
 1295 0114 01       		.uleb128 0x1
 1296 0115 13       		.uleb128 0x13
 1297 0116 00       		.byte	0
 1298 0117 00       		.byte	0
 1299 0118 16       		.uleb128 0x16
 1300 0119 0B       		.uleb128 0xb
 1301 011a 01       		.byte	0x1
 1302 011b 11       		.uleb128 0x11
 1303 011c 01       		.uleb128 0x1
 1304 011d 12       		.uleb128 0x12
 1305 011e 06       		.uleb128 0x6
 1306 011f 01       		.uleb128 0x1
 1307 0120 13       		.uleb128 0x13
ARM GAS  C:\Users\oggih\AppData\Local\Temp\ccDvwuvo.s 			page 32


 1308 0121 00       		.byte	0
 1309 0122 00       		.byte	0
 1310 0123 17       		.uleb128 0x17
 1311 0124 34       		.uleb128 0x34
 1312 0125 00       		.byte	0
 1313 0126 03       		.uleb128 0x3
 1314 0127 0E       		.uleb128 0xe
 1315 0128 3A       		.uleb128 0x3a
 1316 0129 0B       		.uleb128 0xb
 1317 012a 3B       		.uleb128 0x3b
 1318 012b 05       		.uleb128 0x5
 1319 012c 49       		.uleb128 0x49
 1320 012d 13       		.uleb128 0x13
 1321 012e 02       		.uleb128 0x2
 1322 012f 18       		.uleb128 0x18
 1323 0130 00       		.byte	0
 1324 0131 00       		.byte	0
 1325 0132 18       		.uleb128 0x18
 1326 0133 13       		.uleb128 0x13
 1327 0134 01       		.byte	0x1
 1328 0135 0B       		.uleb128 0xb
 1329 0136 0B       		.uleb128 0xb
 1330 0137 3A       		.uleb128 0x3a
 1331 0138 0B       		.uleb128 0xb
 1332 0139 3B       		.uleb128 0x3b
 1333 013a 05       		.uleb128 0x5
 1334 013b 01       		.uleb128 0x1
 1335 013c 13       		.uleb128 0x13
 1336 013d 00       		.byte	0
 1337 013e 00       		.byte	0
 1338 013f 19       		.uleb128 0x19
 1339 0140 0D       		.uleb128 0xd
 1340 0141 00       		.byte	0
 1341 0142 03       		.uleb128 0x3
 1342 0143 0E       		.uleb128 0xe
 1343 0144 3A       		.uleb128 0x3a
 1344 0145 0B       		.uleb128 0xb
 1345 0146 3B       		.uleb128 0x3b
 1346 0147 05       		.uleb128 0x5
 1347 0148 49       		.uleb128 0x49
 1348 0149 13       		.uleb128 0x13
 1349 014a 38       		.uleb128 0x38
 1350 014b 0B       		.uleb128 0xb
 1351 014c 00       		.byte	0
 1352 014d 00       		.byte	0
 1353 014e 1A       		.uleb128 0x1a
 1354 014f 01       		.uleb128 0x1
 1355 0150 01       		.byte	0x1
 1356 0151 49       		.uleb128 0x49
 1357 0152 13       		.uleb128 0x13
 1358 0153 01       		.uleb128 0x1
 1359 0154 13       		.uleb128 0x13
 1360 0155 00       		.byte	0
 1361 0156 00       		.byte	0
 1362 0157 1B       		.uleb128 0x1b
 1363 0158 21       		.uleb128 0x21
 1364 0159 00       		.byte	0
ARM GAS  C:\Users\oggih\AppData\Local\Temp\ccDvwuvo.s 			page 33


 1365 015a 49       		.uleb128 0x49
 1366 015b 13       		.uleb128 0x13
 1367 015c 2F       		.uleb128 0x2f
 1368 015d 0B       		.uleb128 0xb
 1369 015e 00       		.byte	0
 1370 015f 00       		.byte	0
 1371 0160 1C       		.uleb128 0x1c
 1372 0161 34       		.uleb128 0x34
 1373 0162 00       		.byte	0
 1374 0163 03       		.uleb128 0x3
 1375 0164 08       		.uleb128 0x8
 1376 0165 3A       		.uleb128 0x3a
 1377 0166 0B       		.uleb128 0xb
 1378 0167 3B       		.uleb128 0x3b
 1379 0168 05       		.uleb128 0x5
 1380 0169 49       		.uleb128 0x49
 1381 016a 13       		.uleb128 0x13
 1382 016b 02       		.uleb128 0x2
 1383 016c 17       		.uleb128 0x17
 1384 016d 00       		.byte	0
 1385 016e 00       		.byte	0
 1386 016f 1D       		.uleb128 0x1d
 1387 0170 898201   		.uleb128 0x4109
 1388 0173 00       		.byte	0
 1389 0174 11       		.uleb128 0x11
 1390 0175 01       		.uleb128 0x1
 1391 0176 31       		.uleb128 0x31
 1392 0177 13       		.uleb128 0x13
 1393 0178 00       		.byte	0
 1394 0179 00       		.byte	0
 1395 017a 1E       		.uleb128 0x1e
 1396 017b 2E       		.uleb128 0x2e
 1397 017c 00       		.byte	0
 1398 017d 3F       		.uleb128 0x3f
 1399 017e 19       		.uleb128 0x19
 1400 017f 3C       		.uleb128 0x3c
 1401 0180 19       		.uleb128 0x19
 1402 0181 6E       		.uleb128 0x6e
 1403 0182 0E       		.uleb128 0xe
 1404 0183 03       		.uleb128 0x3
 1405 0184 0E       		.uleb128 0xe
 1406 0185 00       		.byte	0
 1407 0186 00       		.byte	0
 1408 0187 1F       		.uleb128 0x1f
 1409 0188 2E       		.uleb128 0x2e
 1410 0189 00       		.byte	0
 1411 018a 3F       		.uleb128 0x3f
 1412 018b 19       		.uleb128 0x19
 1413 018c 3C       		.uleb128 0x3c
 1414 018d 19       		.uleb128 0x19
 1415 018e 6E       		.uleb128 0x6e
 1416 018f 0E       		.uleb128 0xe
 1417 0190 03       		.uleb128 0x3
 1418 0191 0E       		.uleb128 0xe
 1419 0192 3A       		.uleb128 0x3a
 1420 0193 0B       		.uleb128 0xb
 1421 0194 3B       		.uleb128 0x3b
ARM GAS  C:\Users\oggih\AppData\Local\Temp\ccDvwuvo.s 			page 34


 1422 0195 0B       		.uleb128 0xb
 1423 0196 00       		.byte	0
 1424 0197 00       		.byte	0
 1425 0198 00       		.byte	0
 1426              		.section	.debug_loc,"",%progbits
 1427              	.Ldebug_loc0:
 1428              	.LLST0:
 1429 0000 02000000 		.4byte	.LVL1
 1430 0004 08000000 		.4byte	.LVL2
 1431 0008 0200     		.2byte	0x2
 1432 000a 30       		.byte	0x30
 1433 000b 9F       		.byte	0x9f
 1434 000c 08000000 		.4byte	.LVL2
 1435 0010 30000000 		.4byte	.LVL11
 1436 0014 0100     		.2byte	0x1
 1437 0016 57       		.byte	0x57
 1438 0017 00000000 		.4byte	0
 1439 001b 00000000 		.4byte	0
 1440              	.LLST1:
 1441 001f 02000000 		.4byte	.LVL1
 1442 0023 08000000 		.4byte	.LVL2
 1443 0027 0200     		.2byte	0x2
 1444 0029 30       		.byte	0x30
 1445 002a 9F       		.byte	0x9f
 1446 002b 08000000 		.4byte	.LVL2
 1447 002f 30000000 		.4byte	.LVL10
 1448 0033 0100     		.2byte	0x1
 1449 0035 55       		.byte	0x55
 1450 0036 00000000 		.4byte	0
 1451 003a 00000000 		.4byte	0
 1452              	.LLST2:
 1453 003e 0C000000 		.4byte	.LVL3
 1454 0042 2C000000 		.4byte	.LVL9
 1455 0046 0100     		.2byte	0x1
 1456 0048 56       		.byte	0x56
 1457 0049 00000000 		.4byte	0
 1458 004d 00000000 		.4byte	0
 1459              	.LLST3:
 1460 0051 0E000000 		.4byte	.LVL4
 1461 0055 24000000 		.4byte	.LVL7
 1462 0059 0100     		.2byte	0x1
 1463 005b 53       		.byte	0x53
 1464 005c 26000000 		.4byte	.LVL8
 1465 0060 2C000000 		.4byte	.LVL9
 1466 0064 0100     		.2byte	0x1
 1467 0066 53       		.byte	0x53
 1468 0067 00000000 		.4byte	0
 1469 006b 00000000 		.4byte	0
 1470              	.LLST4:
 1471 006f 00000000 		.4byte	.LVL12
 1472 0073 09000000 		.4byte	.LVL14-1
 1473 0077 0100     		.2byte	0x1
 1474 0079 50       		.byte	0x50
 1475 007a 09000000 		.4byte	.LVL14-1
 1476 007e 0C000000 		.4byte	.LFE0
 1477 0082 0400     		.2byte	0x4
 1478 0084 F3       		.byte	0xf3
ARM GAS  C:\Users\oggih\AppData\Local\Temp\ccDvwuvo.s 			page 35


 1479 0085 01       		.uleb128 0x1
 1480 0086 50       		.byte	0x50
 1481 0087 9F       		.byte	0x9f
 1482 0088 00000000 		.4byte	0
 1483 008c 00000000 		.4byte	0
 1484              	.LLST5:
 1485 0090 00000000 		.4byte	.LVL12
 1486 0094 06000000 		.4byte	.LVL13
 1487 0098 0100     		.2byte	0x1
 1488 009a 51       		.byte	0x51
 1489 009b 06000000 		.4byte	.LVL13
 1490 009f 09000000 		.4byte	.LVL14-1
 1491 00a3 0100     		.2byte	0x1
 1492 00a5 52       		.byte	0x52
 1493 00a6 09000000 		.4byte	.LVL14-1
 1494 00aa 0C000000 		.4byte	.LFE0
 1495 00ae 0400     		.2byte	0x4
 1496 00b0 F3       		.byte	0xf3
 1497 00b1 01       		.uleb128 0x1
 1498 00b2 51       		.byte	0x51
 1499 00b3 9F       		.byte	0x9f
 1500 00b4 00000000 		.4byte	0
 1501 00b8 00000000 		.4byte	0
 1502              	.LLST6:
 1503 00bc 7C000000 		.4byte	.LVL18
 1504 00c0 80000000 		.4byte	.LVL19
 1505 00c4 0200     		.2byte	0x2
 1506 00c6 30       		.byte	0x30
 1507 00c7 9F       		.byte	0x9f
 1508 00c8 80000000 		.4byte	.LVL19
 1509 00cc 9E000000 		.4byte	.LVL21
 1510 00d0 0100     		.2byte	0x1
 1511 00d2 54       		.byte	0x54
 1512 00d3 A0000000 		.4byte	.LVL22
 1513 00d7 2C010000 		.4byte	.LVL25
 1514 00db 0100     		.2byte	0x1
 1515 00dd 54       		.byte	0x54
 1516 00de 00000000 		.4byte	0
 1517 00e2 00000000 		.4byte	0
 1518              	.LLST7:
 1519 00e6 80000000 		.4byte	.LVL19
 1520 00ea 9E000000 		.4byte	.LVL21
 1521 00ee 0B00     		.2byte	0xb
 1522 00f0 74       		.byte	0x74
 1523 00f1 00       		.sleb128 0
 1524 00f2 36       		.byte	0x36
 1525 00f3 1E       		.byte	0x1e
 1526 00f4 03       		.byte	0x3
 1527 00f5 00000000 		.4byte	cfg_memset_list.4870
 1528 00f9 22       		.byte	0x22
 1529 00fa 9F       		.byte	0x9f
 1530 00fb 9E000000 		.4byte	.LVL21
 1531 00ff A0000000 		.4byte	.LVL22
 1532 0103 0B00     		.2byte	0xb
 1533 0105 74       		.byte	0x74
 1534 0106 7F       		.sleb128 -1
 1535 0107 36       		.byte	0x36
ARM GAS  C:\Users\oggih\AppData\Local\Temp\ccDvwuvo.s 			page 36


 1536 0108 1E       		.byte	0x1e
 1537 0109 03       		.byte	0x3
 1538 010a 00000000 		.4byte	cfg_memset_list.4870
 1539 010e 22       		.byte	0x22
 1540 010f 9F       		.byte	0x9f
 1541 0110 00000000 		.4byte	0
 1542 0114 00000000 		.4byte	0
 1543              		.section	.debug_aranges,"",%progbits
 1544 0000 34000000 		.4byte	0x34
 1545 0004 0200     		.2byte	0x2
 1546 0006 00000000 		.4byte	.Ldebug_info0
 1547 000a 04       		.byte	0x4
 1548 000b 00       		.byte	0
 1549 000c 0000     		.2byte	0
 1550 000e 0000     		.2byte	0
 1551 0010 00000000 		.4byte	.LFB3
 1552 0014 32000000 		.4byte	.LFE3-.LFB3
 1553 0018 00000000 		.4byte	.LFB0
 1554 001c 0C000000 		.4byte	.LFE0-.LFB0
 1555 0020 00000000 		.4byte	.LFB4
 1556 0024 78000000 		.4byte	.LFE4-.LFB4
 1557 0028 78000000 		.4byte	.LFB6
 1558 002c FC000000 		.4byte	.LFE6-.LFB6
 1559 0030 00000000 		.4byte	0
 1560 0034 00000000 		.4byte	0
 1561              		.section	.debug_ranges,"",%progbits
 1562              	.Ldebug_ranges0:
 1563 0000 00000000 		.4byte	.LFB3
 1564 0004 32000000 		.4byte	.LFE3
 1565 0008 00000000 		.4byte	.LFB0
 1566 000c 0C000000 		.4byte	.LFE0
 1567 0010 00000000 		.4byte	.LFB4
 1568 0014 78000000 		.4byte	.LFE4
 1569 0018 78000000 		.4byte	.LFB6
 1570 001c 74010000 		.4byte	.LFE6
 1571 0020 00000000 		.4byte	0
 1572 0024 00000000 		.4byte	0
 1573              		.section	.debug_line,"",%progbits
 1574              	.Ldebug_line0:
 1575 0000 5F010000 		.section	.debug_str,"MS",%progbits,1
 1575      0200D600 
 1575      00000201 
 1575      FB0E0D00 
 1575      01010101 
 1576              	.LASF19:
 1577 0000 72656733 		.ascii	"reg32\000"
 1577      3200
 1578              	.LASF12:
 1579 0006 73697A65 		.ascii	"size_t\000"
 1579      5F7400
 1580              	.LASF37:
 1581 000d 4379496E 		.ascii	"CyIntSetVector\000"
 1581      74536574 
 1581      56656374 
 1581      6F7200
 1582              	.LASF21:
 1583 001c 76616C75 		.ascii	"value\000"
ARM GAS  C:\Users\oggih\AppData\Local\Temp\ccDvwuvo.s 			page 37


 1583      6500
 1584              	.LASF26:
 1585 0022 636F756E 		.ascii	"count\000"
 1585      7400
 1586              	.LASF29:
 1587 0028 436C6F63 		.ascii	"ClockSetup\000"
 1587      6B536574 
 1587      757000
 1588              	.LASF30:
 1589 0033 63795F63 		.ascii	"cy_cfg_addr_table\000"
 1589      66675F61 
 1589      6464725F 
 1589      7461626C 
 1589      6500
 1590              	.LASF31:
 1591 0045 63795F63 		.ascii	"cy_cfg_data_table\000"
 1591      66675F64 
 1591      6174615F 
 1591      7461626C 
 1591      6500
 1592              	.LASF16:
 1593 0057 666C6F61 		.ascii	"float\000"
 1593      7400
 1594              	.LASF35:
 1595 005d 6366675F 		.ascii	"cfg_memset_list\000"
 1595      6D656D73 
 1595      65745F6C 
 1595      69737400 
 1596              	.LASF33:
 1597 006d 73697A65 		.ascii	"size\000"
 1597      00
 1598              	.LASF18:
 1599 0072 72656738 		.ascii	"reg8\000"
 1599      00
 1600              	.LASF8:
 1601 0077 6C6F6E67 		.ascii	"long unsigned int\000"
 1601      20756E73 
 1601      69676E65 
 1601      6420696E 
 1601      7400
 1602              	.LASF13:
 1603 0089 75696E74 		.ascii	"uint8\000"
 1603      3800
 1604              	.LASF28:
 1605 008f 43594D45 		.ascii	"CYMEMZERO\000"
 1605      4D5A4552 
 1605      4F00
 1606              	.LASF4:
 1607 0099 756E7369 		.ascii	"unsigned char\000"
 1607      676E6564 
 1607      20636861 
 1607      7200
 1608              	.LASF41:
 1609 00a7 433A5C55 		.ascii	"C:\\Users\\oggih\\OneDrive\\Documents\\PSoC Creator"
 1609      73657273 
 1609      5C6F6767 
 1609      69685C4F 
ARM GAS  C:\Users\oggih\AppData\Local\Temp\ccDvwuvo.s 			page 38


 1609      6E654472 
 1610 00d5 5C4C525C 		.ascii	"\\LR\\LR6.cydsn\000"
 1610      4C52362E 
 1610      63796473 
 1610      6E00
 1611              	.LASF17:
 1612 00e3 646F7562 		.ascii	"double\000"
 1612      6C6500
 1613              	.LASF27:
 1614 00ea 6366675F 		.ascii	"cfg_write_bytes32\000"
 1614      77726974 
 1614      655F6279 
 1614      74657333 
 1614      3200
 1615              	.LASF38:
 1616 00fc 4379496E 		.ascii	"CyIntEnable\000"
 1616      74456E61 
 1616      626C6500 
 1617              	.LASF23:
 1618 0108 61646472 		.ascii	"addr_table\000"
 1618      5F746162 
 1618      6C6500
 1619              	.LASF14:
 1620 0113 75696E74 		.ascii	"uint16\000"
 1620      313600
 1621              	.LASF24:
 1622 011a 64617461 		.ascii	"data_table\000"
 1622      5F746162 
 1622      6C6500
 1623              	.LASF15:
 1624 0125 75696E74 		.ascii	"uint32\000"
 1624      333200
 1625              	.LASF0:
 1626 012c 756E7369 		.ascii	"unsigned int\000"
 1626      676E6564 
 1626      20696E74 
 1626      00
 1627              	.LASF42:
 1628 0139 63796669 		.ascii	"cyfitter_cfg\000"
 1628      74746572 
 1628      5F636667 
 1628      00
 1629              	.LASF32:
 1630 0146 61646472 		.ascii	"address\000"
 1630      65737300 
 1631              	.LASF9:
 1632 014e 6C6F6E67 		.ascii	"long long unsigned int\000"
 1632      206C6F6E 
 1632      6720756E 
 1632      7369676E 
 1632      65642069 
 1633              	.LASF39:
 1634 0165 474E5520 		.ascii	"GNU C11 5.4.1 20160609 (release) [ARM/embedded-5-br"
 1634      43313120 
 1634      352E342E 
 1634      31203230 
 1634      31363036 
ARM GAS  C:\Users\oggih\AppData\Local\Temp\ccDvwuvo.s 			page 39


 1635 0198 616E6368 		.ascii	"anch revision 237715] -mcpu=cortex-m0 -mthumb -g -O"
 1635      20726576 
 1635      6973696F 
 1635      6E203233 
 1635      37373135 
 1636 01cb 67202D66 		.ascii	"g -ffunction-sections -ffat-lto-objects\000"
 1636      66756E63 
 1636      74696F6E 
 1636      2D736563 
 1636      74696F6E 
 1637              	.LASF34:
 1638 01f3 6366675F 		.ascii	"cfg_memset_t\000"
 1638      6D656D73 
 1638      65745F74 
 1638      00
 1639              	.LASF25:
 1640 0200 62617365 		.ascii	"baseAddr\000"
 1640      41646472 
 1640      00
 1641              	.LASF10:
 1642 0209 73697A65 		.ascii	"sizetype\000"
 1642      74797065 
 1642      00
 1643              	.LASF6:
 1644 0212 73686F72 		.ascii	"short unsigned int\000"
 1644      7420756E 
 1644      7369676E 
 1644      65642069 
 1644      6E7400
 1645              	.LASF1:
 1646 0225 6C6F6E67 		.ascii	"long long int\000"
 1646      206C6F6E 
 1646      6720696E 
 1646      7400
 1647              	.LASF11:
 1648 0233 63686172 		.ascii	"char\000"
 1648      00
 1649              	.LASF22:
 1650 0238 63795F63 		.ascii	"cy_cfg_addrvalue_t\000"
 1650      66675F61 
 1650      64647276 
 1650      616C7565 
 1650      5F7400
 1651              	.LASF20:
 1652 024b 6F666673 		.ascii	"offset\000"
 1652      657400
 1653              	.LASF5:
 1654 0252 73686F72 		.ascii	"short int\000"
 1654      7420696E 
 1654      7400
 1655              	.LASF36:
 1656 025c 43795379 		.ascii	"CySysClkWriteImoFreq\000"
 1656      73436C6B 
 1656      57726974 
 1656      65496D6F 
 1656      46726571 
 1657              	.LASF43:
ARM GAS  C:\Users\oggih\AppData\Local\Temp\ccDvwuvo.s 			page 40


 1658 0271 6D656D73 		.ascii	"memset\000"
 1658      657400
 1659              	.LASF7:
 1660 0278 6C6F6E67 		.ascii	"long int\000"
 1660      20696E74 
 1660      00
 1661              	.LASF2:
 1662 0281 6C6F6E67 		.ascii	"long double\000"
 1662      20646F75 
 1662      626C6500 
 1663              	.LASF3:
 1664 028d 7369676E 		.ascii	"signed char\000"
 1664      65642063 
 1664      68617200 
 1665              	.LASF40:
 1666 0299 47656E65 		.ascii	"Generated_Source\\PSoC4\\cyfitter_cfg.c\000"
 1666      72617465 
 1666      645F536F 
 1666      75726365 
 1666      5C50536F 
 1667              		.ident	"GCC: (GNU Tools for ARM Embedded Processors) 5.4.1 20160609 (release) [ARM/embedded-5-bran
